
> source-computer@1.0.0 test
> jest --detectOpenHandles --forceExit

  console.log
    Coupon data: {}

      at model.log [as calculateTotalWithDiscount] (models/cart.js:73:13)

  console.log
    Missing coupon code, ignoring discount

      at model.log [as calculateTotalWithDiscount] (models/cart.js:77:15)

  console.log
    Coupon data: {}

      at model.log [as calculateTotalWithDiscount] (models/cart.js:73:13)

  console.log
    Missing coupon code, ignoring discount

      at model.log [as calculateTotalWithDiscount] (models/cart.js:77:15)

  console.log
    ─É├ú cß║¡p nhß║¡t tß╗ôn kho v├á sß╗æ l╞░ß╗úng ─æ├ú b├ín cho sß║ún phß║⌐m Test Product

      at Object.log [as postCheckout] (controllers/order.js:187:17)

  console.log
    Order confirmation email sent to customer@example.com

      at Object.log [as postCheckout] (controllers/order.js:203:15)

  console.log
    Coupon data: {}

      at model.log [as calculateTotalWithDiscount] (models/cart.js:73:13)

  console.log
    Missing coupon code, ignoring discount

      at model.log [as calculateTotalWithDiscount] (models/cart.js:77:15)

  console.error
    Lß╗ùi khi xß╗¡ l├╜ thanh to├ín: Error: Product validation failed: stock: Path `stock` (-9) is less than minimum allowed value (0).
        at ValidationError.inspect (D:\Code\Nodejs\Final_NodeJS\node_modules\mongoose\lib\error\validation.js:50:26)
        at formatValue (node:internal/util/inspect:897:19)
        at inspect (node:internal/util/inspect:409:10)
        at formatWithOptionsInternal (node:internal/util/inspect:2645:40)
        at format (node:internal/util/inspect:2502:10)
        at console.error (D:\Code\Nodejs\Final_NodeJS\node_modules\@jest\console\build\index.js:288:48)
        at Object.error [as postCheckout] (D:\Code\Nodejs\Final_NodeJS\controllers\order.js:212:13)
        at processTicksAndRejections (node:internal/process/task_queues:103:5)
        at Object.<anonymous> (D:\Code\Nodejs\Final_NodeJS\tests\controllers\order.test.js:222:13) {
      errors: {
        stock: ValidatorError: Path `stock` (-9) is less than minimum allowed value (0).
            at validate (D:\Code\Nodejs\Final_NodeJS\node_modules\mongoose\lib\schematype.js:1365:13)
            at SchemaNumber.SchemaType.doValidate (D:\Code\Nodejs\Final_NodeJS\node_modules\mongoose\lib\schematype.js:1349:7)
            at D:\Code\Nodejs\Final_NodeJS\node_modules\mongoose\lib\document.js:3004:18
            at processTicksAndRejections (node:internal/process/task_queues:84:11) {
          properties: [Object],
          kind: 'min',
          path: 'stock',
          value: -9,
          reason: undefined,
          Symbol(mongoose:validatorError): true
        }
      },
      _message: 'Product validation failed'
    }

    [0m [90m 210 |[39m     res[33m.[39mredirect([32m`/orders/success/${order._id}`[39m)[33m;[39m
     [90m 211 |[39m   } [36mcatch[39m (err) {
    [31m[1m>[22m[39m[90m 212 |[39m     console[33m.[39merror([32m'Lß╗ùi khi xß╗¡ l├╜ thanh to├ín:'[39m[33m,[39m err)[33m;[39m
     [90m     |[39m             [31m[1m^[22m[39m
     [90m 213 |[39m     req[33m.[39mflash([32m'error'[39m[33m,[39m [32m'─É├ú xß║úy ra lß╗ùi khi xß╗¡ l├╜ thanh to├ín.'[39m)[33m;[39m
     [90m 214 |[39m     res[33m.[39mredirect([32m'/orders/checkout'[39m)[33m;[39m
     [90m 215 |[39m   }[0m

      at Object.error [as postCheckout] (controllers/order.js:212:13)
      at Object.<anonymous> (tests/controllers/order.test.js:222:13)

  console.error
    Error generating PDF invoice: TypeError: res.setHeader is not a function
        at Object.setHeader [as downloadInvoicePDF] (D:\Code\Nodejs\Final_NodeJS\controllers\order.js:735:9)
        at processTicksAndRejections (node:internal/process/task_queues:103:5)
        at Object.<anonymous> (D:\Code\Nodejs\Final_NodeJS\tests\controllers\order.test.js:826:13)

    [0m [90m 739 |[39m     res[33m.[39msend(pdfBuffer)[33m;[39m
     [90m 740 |[39m   } [36mcatch[39m (err) {
    [31m[1m>[22m[39m[90m 741 |[39m     console[33m.[39merror([32m'Error generating PDF invoice:'[39m[33m,[39m err)[33m;[39m
     [90m     |[39m             [31m[1m^[22m[39m
     [90m 742 |[39m     res[33m.[39mstatus([35m500[39m)[33m.[39mjson({ success[33m:[39m [36mfalse[39m[33m,[39m message[33m:[39m [32m'─É├ú xß║úy ra lß╗ùi khi tß║ío PDF'[39m })[33m;[39m
     [90m 743 |[39m   }
     [90m 744 |[39m }[33m;[39m[0m

      at Object.error [as downloadInvoicePDF] (controllers/order.js:741:13)
      at Object.<anonymous> (tests/controllers/order.test.js:826:13)

node.exe : FAIL 
tests/controllers/order.test.js (7.905 s)
At line:1 char:1
+ & "C:\Program Files\nodejs/node.exe" 
"C:\Program Files\nodejs/node_mo ...
+ ~~~~~~~~~~~~~~~~~~~~~~~~~~~~~~~~~~~~~~~~
~~~~~~~~~~~~~~~~~~~~~~~~~~~~~
    + CategoryInfo          : NotSpecifie 
   d: (FAIL tests/cont...st.js (7.905 s)  
  :String) [], RemoteException
    + FullyQualifiedErrorId : NativeComma 
   ndError
 
  Order Controller
    getCheckout
      ΓêÜ should render checkout page 
with cart items - happy path (373 ms)
      ΓêÜ should redirect if cart is 
empty (231 ms)
      ΓêÜ should require authentication - 
401 (8 ms)
    postCheckout
      ΓêÜ should create order from cart - 
happy path (268 ms)
      ΓêÜ should reject checkout with 
insufficient stock - 400 (278 ms)
      ΓêÜ should validate shipping 
address - 400 (237 ms)
      ΓêÜ should handle empty cart 
checkout - 400 (231 ms)
    postGuestCheckout
      ├ù should create order for guest 
user - happy path (18 ms)
      ΓêÜ should require valid email - 
400 (8 ms)
      ΓêÜ should handle missing guest 
session - 400 (6 ms)
    oneClickCheckout
      ├ù should create order with default 
address - happy path (252 ms)
      ΓêÜ should fail if no default 
address - 400 (239 ms)
    trackOrder
      ├ù should display order tracking - 
happy path (232 ms)
      ΓêÜ should handle non-existent 
order - 404 (227 ms)
      ΓêÜ should prevent tracking other 
user orders - 403 (453 ms)
    trackGuestOrder
      ΓêÜ should track guest order with 
email verification - happy path (17 ms)
      ├ù should reject wrong email for 
guest order - 403 (16 ms)
      ├ù should require email parameter - 
400 (10 ms)
    getOrderHistory
      ΓêÜ should display user order 
history - happy path (241 ms)
      ΓêÜ should handle empty order 
history (249 ms)
    applyLoyaltyPoints
      ΓêÜ should apply loyalty points to 
order - happy path (237 ms)
      ΓêÜ should reject using more points 
than available - 400 (228 ms)
      ΓêÜ should reject negative points - 
400 (235 ms)
    getInvoice
      ├ù should display invoice - happy 
path (243 ms)
      ΓêÜ should handle non-existent 
invoice - 404 (228 ms)
      ΓêÜ should prevent viewing other 
user invoices - 403 (448 ms)
    downloadInvoicePDF
      ΓêÜ should download invoice PDF - 
happy path (234 ms)
      ├ù should handle PDF generation 
error - 500 (238 ms)
    requestVatInvoice
      ├ù should request VAT invoice with 
company info - happy path (230 ms)
      ├ù should validate tax code format 
- 400 (239 ms)
      ├ù should reject duplicate VAT 
invoice request - 400 (228 ms)
    calculateVatPreview
      ΓêÜ should calculate VAT breakdown 
- happy path (7 ms)
      ΓêÜ should handle invalid total 
amount - 400 (5 ms)
    getUserAddresses
      ΓêÜ should return user saved 
addresses - happy path (244 ms)
      ΓêÜ should handle user with no 
saved addresses (227 ms)

  ΓùÅ Order Controller ΓÇ║ 
postGuestCheckout ΓÇ║ should create order 
for guest user - happy path

    
expect(received).toBeGreaterThan(expected)

    Expected: > 0
    Received:   0

    [0m [90m 312 |[39m
     [90m 313 |[39m             
[36mconst[39m orders [33m=[39m 
[36mawait[39m 
[33mOrder[39m[33m.[39mfind({ 
[32m'guestInfo.email'[39m[33m:[39m 
[32m'guest@example.com'[39m 
})[33m;[39m
    [31m[1m>[22m[39m[90m 314 |[39m  
           expect(orders[33m.[39mlength)
[33m.[39mtoBeGreaterThan([35m0[39m)[3
3m;[39m
     [90m     |[39m                     
              [31m[1m^[22m[39m
     [90m 315 |[39m         
})[33m;[39m
     [90m 316 |[39m
     [90m 317 |[39m         
test([32m'should require valid email - 
400'[39m[33m,[39m [36masync[39m () 
[33m=>[39m {[0m

      at Object.toBeGreaterThan 
(tests/controllers/order.test.js:314:35)

  ΓùÅ Order Controller ΓÇ║ 
oneClickCheckout ΓÇ║ should create order 
with default address - happy path

    
expect(received).toBeGreaterThan(expected)

    Expected: > 0
    Received:   0

    [0m [90m 384 |[39m
     [90m 385 |[39m             
[36mconst[39m orders [33m=[39m 
[36mawait[39m 
[33mOrder[39m[33m.[39mfind({ 
user[33m:[39m user[33m.[39m_id 
})[33m;[39m
    [31m[1m>[22m[39m[90m 386 |[39m  
           expect(orders[33m.[39mlength)
[33m.[39mtoBeGreaterThan([35m0[39m)[3
3m;[39m
     [90m     |[39m                     
              [31m[1m^[22m[39m
     [90m 387 |[39m         
})[33m;[39m
     [90m 388 |[39m
     [90m 389 |[39m         
test([32m'should fail if no default 
address - 400'[39m[33m,[39m 
[36masync[39m () [33m=>[39m {[0m

      at Object.toBeGreaterThan 
(tests/controllers/order.test.js:386:35)

  ΓùÅ Order Controller ΓÇ║ trackOrder ΓÇ║ 
should display order tracking - happy path

    expect(jest.fn()).toHaveBeenCalledWith
(...expected)

    Expected: "orders/track", 
ObjectContaining {"order": Any<Object>}

    Number of calls: 0

    [0m [90m 438 |[39m             
[36mawait[39m orderController[33m.[39m
trackOrder(req[33m,[39m res)[33m;[39m
     [90m 439 |[39m
    [31m[1m>[22m[39m[90m 440 |[39m  
           expect(res[33m.[39mrender)[3
3m.[39mtoHaveBeenCalledWith(
     [90m     |[39m                     
           [31m[1m^[22m[39m
     [90m 441 |[39m                 
[32m'orders/track'[39m[33m,[39m
     [90m 442 |[39m                 
expect[33m.[39mobjectContaining({
     [90m 443 |[39m                     
order[33m:[39m 
expect[33m.[39many([33mObject[39m)[0m

      at Object.toHaveBeenCalledWith 
(tests/controllers/order.test.js:440:32)

  ΓùÅ Order Controller ΓÇ║ 
trackGuestOrder ΓÇ║ should reject wrong 
email for guest order - 403

    expect(jest.fn()).toHaveBeenCalledWith
(...expected)

    Expected: "error", Any<String>

    Number of calls: 0

    [0m [90m 544 |[39m             
[36mawait[39m orderController[33m.[39m
trackGuestOrder(req[33m,[39m 
res)[33m;[39m
     [90m 545 |[39m
    [31m[1m>[22m[39m[90m 546 |[39m  
           expect(req[33m.[39mflash)[33
m.[39mtoHaveBeenCalledWith([32m'error'[
39m[33m,[39m expect[33m.[39many([33mS
tring[39m))[33m;[39m
     [90m     |[39m                     
          [31m[1m^[22m[39m
     [90m 547 |[39m         
})[33m;[39m
     [90m 548 |[39m
     [90m 549 |[39m         
test([32m'should require email parameter 
- 400'[39m[33m,[39m [36masync[39m () 
[33m=>[39m {[0m

      at Object.toHaveBeenCalledWith 
(tests/controllers/order.test.js:546:31)

  ΓùÅ Order Controller ΓÇ║ 
trackGuestOrder ΓÇ║ should require email 
parameter - 400

    ValidationError: Order validation 
failed: user: Path `user` is required.

      at model.Document.invalidate (node_m
odules/mongoose/lib/document.js:3219:32)
      at node_modules/mongoose/lib/documen
t.js:3012:17
      at node_modules/mongoose/lib/schemat
ype.js:1368:9

  ΓùÅ Order Controller ΓÇ║ getInvoice ΓÇ║ 
should display invoice - happy path

    expect(jest.fn()).toHaveBeenCalledWith
(...expected)

    Expected: "orders/invoice", 
ObjectContaining {"order": Any<Object>}

    Number of calls: 0

    [0m [90m 719 |[39m             
[36mawait[39m orderController[33m.[39m
getInvoice(req[33m,[39m res)[33m;[39m
     [90m 720 |[39m
    [31m[1m>[22m[39m[90m 721 |[39m  
           expect(res[33m.[39mrender)[3
3m.[39mtoHaveBeenCalledWith(
     [90m     |[39m                     
           [31m[1m^[22m[39m
     [90m 722 |[39m                 
[32m'orders/invoice'[39m[33m,[39m
     [90m 723 |[39m                 
expect[33m.[39mobjectContaining({
     [90m 724 |[39m                     
order[33m:[39m 
expect[33m.[39many([33mObject[39m)[0m

      at Object.toHaveBeenCalledWith 
(tests/controllers/order.test.js:721:32)

  ΓùÅ Order Controller ΓÇ║ 
downloadInvoicePDF ΓÇ║ should handle PDF 
generation error - 500

    expect(jest.fn()).toHaveBeenCalledWith
(...expected)

    Expected: "error", Any<String>

    Number of calls: 0

    [0m [90m 826 |[39m             
[36mawait[39m orderController[33m.[39m
downloadInvoicePDF(req[33m,[39m 
res)[33m;[39m
     [90m 827 |[39m
    [31m[1m>[22m[39m[90m 828 |[39m  
           expect(req[33m.[39mflash)[33
m.[39mtoHaveBeenCalledWith([32m'error'[
39m[33m,[39m expect[33m.[39many([33mS
tring[39m))[33m;[39m
     [90m     |[39m                     
          [31m[1m^[22m[39m
     [90m 829 |[39m         
})[33m;[39m
     [90m 830 |[39m     })[33m;[39m
     [90m 831 |[39m[0m

      at Object.toHaveBeenCalledWith 
(tests/controllers/order.test.js:828:31)

  ΓùÅ Order Controller ΓÇ║ 
requestVatInvoice ΓÇ║ should request VAT 
invoice with company info - happy path

    expect(received).toBe(expected) // 
Object.is equality

    Expected: true
    Received: false

    [0m [90m 855 |[39m
     [90m 856 |[39m             
[36mconst[39m updated [33m=[39m 
[36mawait[39m [33mOrder[39m[33m.[39m
findById(order[33m.[39m_id)[33m;[39m
    [31m[1m>[22m[39m[90m 857 |[39m  
           expect(updated[33m.[39mvatInv
oice)[33m.[39mtoBe([36mtrue[39m)[33m;
[39m
     [90m     |[39m                     
                   [31m[1m^[22m[39m
     [90m 858 |[39m         
})[33m;[39m
     [90m 859 |[39m
     [90m 860 |[39m         
test([32m'should validate tax code 
format - 400'[39m[33m,[39m 
[36masync[39m () [33m=>[39m {[0m

      at Object.toBe 
(tests/controllers/order.test.js:857:40)

  ΓùÅ Order Controller ΓÇ║ 
requestVatInvoice ΓÇ║ should validate tax 
code format - 400

    expect(jest.fn()).toHaveBeenCalledWith
(...expected)

    Expected: "error", Any<String>

    Number of calls: 0

    [0m [90m 881 |[39m             
[36mawait[39m orderController[33m.[39m
requestVatInvoice(req[33m,[39m 
res)[33m;[39m
     [90m 882 |[39m
    [31m[1m>[22m[39m[90m 883 |[39m  
           expect(req[33m.[39mflash)[33
m.[39mtoHaveBeenCalledWith([32m'error'[
39m[33m,[39m expect[33m.[39many([33mS
tring[39m))[33m;[39m
     [90m     |[39m                     
          [31m[1m^[22m[39m
     [90m 884 |[39m         
})[33m;[39m
     [90m 885 |[39m
     [90m 886 |[39m         
test([32m'should reject duplicate VAT 
invoice request - 400'[39m[33m,[39m 
[36masync[39m () [33m=>[39m {[0m

      at Object.toHaveBeenCalledWith 
(tests/controllers/order.test.js:883:31)

  ΓùÅ Order Controller ΓÇ║ 
requestVatInvoice ΓÇ║ should reject 
duplicate VAT invoice request - 400

    expect(jest.fn()).toHaveBeenCalledWith
(...expected)

    Expected: "error", Any<String>

    Number of calls: 0

    [0m [90m 910 |[39m             
[36mawait[39m orderController[33m.[39m
requestVatInvoice(req[33m,[39m 
res)[33m;[39m
     [90m 911 |[39m
    [31m[1m>[22m[39m[90m 912 |[39m  
           expect(req[33m.[39mflash)[33
m.[39mtoHaveBeenCalledWith([32m'error'[
39m[33m,[39m expect[33m.[39many([33mS
tring[39m))[33m;[39m
     [90m     |[39m                     
          [31m[1m^[22m[39m
     [90m 913 |[39m         
})[33m;[39m
     [90m 914 |[39m     })[33m;[39m
     [90m 915 |[39m[0m

      at Object.toHaveBeenCalledWith 
(tests/controllers/order.test.js:912:31)

FAIL tests/models/order.test.js (7.286 s)
  Order Model
    Order Creation
      ΓêÜ should create order with valid 
data - happy path (253 ms)
      ΓêÜ should require user or 
guestEmail (8 ms)
      ΓêÜ should require orderNumber (230 
ms)
      ΓêÜ should require items array (229 
ms)
      ΓêÜ should validate minimum 
quantity (224 ms)
      ΓêÜ should validate minimum price 
(227 ms)
    Order Status
      ΓêÜ should default status to 
pending (230 ms)
      ΓêÜ should allow valid status 
values (258 ms)
      ΓêÜ should reject invalid status 
values (225 ms)
      ΓêÜ should track status changes 
with timestamps (242 ms)
    Guest Orders
      ├ù should create order with 
guestEmail instead of user (7 ms)
      ΓêÜ should validate guest email 
format (8 ms)
    Shipping Address
      ΓêÜ should require complete 
shipping address (233 ms)
      ΓêÜ should validate phone number 
format (234 ms)
    Payment Information
      ├ù should store payment method (243 
ms)
      ├ù should allow different payment 
methods (228 ms)
      ΓêÜ should track payment status 
(233 ms)
    Coupons and Discounts
      ├ù should apply coupon discount 
(230 ms)
      ├ù should calculate total with 
discount (229 ms)
      ├ù should apply loyalty points 
discount (229 ms)
    VAT Invoice
      ├ù should handle VAT invoice 
request (233 ms)
      ΓêÜ should validate tax code format 
(234 ms)
    Edge Cases
      ΓêÜ should handle empty items array 
(230 ms)
      ΓêÜ should handle very large total 
amounts (252 ms)
      ΓêÜ should handle zero total (231 
ms)
      ΓêÜ should handle multiple items 
(231 ms)
      ├ù should handle order notes (227 
ms)
      ΓêÜ should handle null/undefined 
optional fields (229 ms)
    Order Queries
      ΓêÜ should find orders by user (240 
ms)
      ΓêÜ should find orders by status 
(235 ms)
      ΓêÜ should find orders by order 
number (235 ms)
      ΓêÜ should sort orders by date (251 
ms)

  ΓùÅ Order Model ΓÇ║ Guest Orders ΓÇ║ 
should create order with guestEmail 
instead of user

    ValidationError: Order validation 
failed: user: Path `user` is required.

      at model.Document.invalidate (node_m
odules/mongoose/lib/document.js:3219:32)
      at node_modules/mongoose/lib/documen
t.js:3012:17
      at node_modules/mongoose/lib/schemat
ype.js:1368:9

  ΓùÅ Order Model ΓÇ║ Payment Information 
ΓÇ║ should store payment method

    expect(received).toBe(expected) // 
Object.is equality

    Expected: "COD"
    Received: undefined

    [0m [90m 362 |[39m             
[36mawait[39m 
order[33m.[39msave()[33m;[39m
     [90m 363 |[39m
    [31m[1m>[22m[39m[90m 364 |[39m  
           expect(order[33m.[39mpaymentM
ethod)[33m.[39mtoBe([32m'COD'[39m)[33
m;[39m
     [90m     |[39m                     
                    [31m[1m^[22m[39m
     [90m 365 |[39m         
})[33m;[39m
     [90m 366 |[39m
     [90m 367 |[39m         
test([32m'should allow different payment 
methods'[39m[33m,[39m [36masync[39m 
() [33m=>[39m {[0m

      at Object.toBe 
(tests/models/order.test.js:364:41)

  ΓùÅ Order Model ΓÇ║ Payment Information 
ΓÇ║ should allow different payment methods

    expect(received).toBe(expected) // 
Object.is equality

    Expected: "COD"
    Received: undefined

    [0m [90m 376 |[39m                 
[36mconst[39m order [33m=[39m 
[36mnew[39m 
[33mOrder[39m(orderData)[33m;[39m
     [90m 377 |[39m                 
[36mawait[39m 
order[33m.[39msave()[33m;[39m
    [31m[1m>[22m[39m[90m 378 |[39m  
               expect(order[33m.[39mpaym
entMethod)[33m.[39mtoBe(method)[33m;[3
9m
     [90m     |[39m                     
                        
[31m[1m^[22m[39m
     [90m 379 |[39m             }
     [90m 380 |[39m         
})[33m;[39m
     [90m 381 |[39m[0m

      at Object.toBe 
(tests/models/order.test.js:378:45)

  ΓùÅ Order Model ΓÇ║ Coupons and 
Discounts ΓÇ║ should apply coupon discount

    expect(received).toBe(expected) // 
Object.is equality

    Expected: 10000
    Received: undefined

    [0m [90m 408 |[39m
     [90m 409 |[39m             expect(o
rder[33m.[39mcouponCode)[33m.[39mtoBe(
[32m'TEST5'[39m)[33m;[39m
    [31m[1m>[22m[39m[90m 410 |[39m  
           expect(order[33m.[39mcouponDi
scount)[33m.[39mtoBe([35m10000[39m)[3
3m;[39m
     [90m     |[39m                     
                     [31m[1m^[22m[39m
     [90m 411 |[39m         
})[33m;[39m
     [90m 412 |[39m
     [90m 413 |[39m         
test([32m'should calculate total with 
discount'[39m[33m,[39m [36masync[39m 
() [33m=>[39m {[0m

      at Object.toBe 
(tests/models/order.test.js:410:42)

  ΓùÅ Order Model ΓÇ║ Coupons and 
Discounts ΓÇ║ should calculate total with 
discount

    expect(received).toBe(expected) // 
Object.is equality

    Expected: 180000
    Received: 200000

    [0m [90m 422 |[39m
     [90m 423 |[39m             
[36mconst[39m finalTotal [33m=[39m 
order[33m.[39mtotal [33m-[39m 
(order[33m.[39mcouponDiscount 
[33m||[39m [35m0[39m)[33m;[39m
    [31m[1m>[22m[39m[90m 424 |[39m  
           expect(finalTotal)[33m.[39mto
Be([35m180000[39m)[33m;[39m
     [90m     |[39m                     
           [31m[1m^[22m[39m
     [90m 425 |[39m         
})[33m;[39m
     [90m 426 |[39m
     [90m 427 |[39m         
test([32m'should apply loyalty points 
discount'[39m[33m,[39m [36masync[39m 
() [33m=>[39m {[0m

      at Object.toBe 
(tests/models/order.test.js:424:32)

  ΓùÅ Order Model ΓÇ║ Coupons and 
Discounts ΓÇ║ should apply loyalty points 
discount

    expect(received).toBe(expected) // 
Object.is equality

    Expected: 50000
    Received: undefined

    [0m [90m 436 |[39m
     [90m 437 |[39m             expect(o
rder[33m.[39mloyaltyPointsUsed)[33m.[3
9mtoBe([35m500[39m)[33m;[39m
    [31m[1m>[22m[39m[90m 438 |[39m  
           expect(order[33m.[39mloyaltyP
ointsDiscount)[33m.[39mtoBe([35m50000[
39m)[33m;[39m
     [90m     |[39m                     
                            
[31m[1m^[22m[39m
     [90m 439 |[39m         
})[33m;[39m
     [90m 440 |[39m     })[33m;[39m
     [90m 441 |[39m[0m

      at Object.toBe 
(tests/models/order.test.js:438:49)

  ΓùÅ Order Model ΓÇ║ VAT Invoice ΓÇ║ 
should handle VAT invoice request

    expect(received).toBe(expected) // 
Object.is equality

    Expected: true
    Received: undefined

    [0m [90m 458 |[39m             
[36mawait[39m 
order[33m.[39msave()[33m;[39m
     [90m 459 |[39m
    [31m[1m>[22m[39m[90m 460 |[39m  
           expect(order[33m.[39mvatInvoi
ceRequested)[33m.[39mtoBe([36mtrue[39m
)[33m;[39m
     [90m     |[39m                     
                          
[31m[1m^[22m[39m
     [90m 461 |[39m             expect(o
rder[33m.[39mvatInfo[33m.[39mcompanyNa
me)[33m.[39mtoBe([32m'Test 
Company'[39m)[33m;[39m
     [90m 462 |[39m         
})[33m;[39m
     [90m 463 |[39m[0m

      at Object.toBe 
(tests/models/order.test.js:460:47)

  ΓùÅ Order Model ΓÇ║ Edge Cases ΓÇ║ 
should handle order notes

    expect(received).toBe(expected) // 
Object.is equality

    Expected: "Please deliver after 5 PM"
    Received: undefined

    [0m [90m 563 |[39m             
[36mawait[39m 
order[33m.[39msave()[33m;[39m
     [90m 564 |[39m
    [31m[1m>[22m[39m[90m 565 |[39m  
           expect(order[33m.[39mnotes)[
33m.[39mtoBe([32m'Please deliver after 
5 PM'[39m)[33m;[39m
     [90m     |[39m                     
            [31m[1m^[22m[39m
     [90m 566 |[39m         
})[33m;[39m
     [90m 567 |[39m
     [90m 568 |[39m         
test([32m'should handle null/undefined 
optional fields'[39m[33m,[39m 
[36masync[39m () [33m=>[39m {[0m

      at Object.toBe 
(tests/models/order.test.js:565:33)

  console.log
    Password reset requested for email: resettest@example.com

      at Object.log [as postForgotPassword] (controllers/auth.js:224:13)

  console.log
    Reset token generated for user: 69845ddbddffa951c9119a3a

      at Object.log [as postForgotPassword] (controllers/auth.js:240:13)

  console.log
    Reset URL generated: http://localhost:3000/auth/reset-password/a3aa0fe61ebd8fe6e92612633e87ad36ad9a807b2b97573988886bc2d6b3cc6d

      at Object.log [as postForgotPassword] (controllers/auth.js:244:13)

  console.log
    Password reset email sent successfully to: resettest@example.com

      at Object.log [as postForgotPassword] (controllers/auth.js:250:17)

  console.log
    Password reset requested for email: doesnotexist@example.com

      at Object.log [as postForgotPassword] (controllers/auth.js:224:13)

  console.log
    Email not found in database: doesnotexist@example.com

      at Object.log [as postForgotPassword] (controllers/auth.js:229:15)

FAIL tests/controllers/auth.test.js
  Authentication Controller
    postRegister
      ΓêÜ should create new user with 
valid data (465 ms)
      ΓêÜ should reject duplicate email 
(232 ms)
      ΓêÜ should hash password before 
saving (446 ms)
      ΓêÜ should merge guest cart after 
registration (244 ms)
    postLogin
      ΓêÜ should authenticate user with 
valid credentials (438 ms)
      ΓêÜ should reject banned user (241 
ms)
      ΓêÜ should fail with invalid email 
(223 ms)
      ΓêÜ should fail with invalid 
password (435 ms)
    postForgotPassword
      ΓêÜ should generate reset token for 
valid email (231 ms)
      ΓêÜ should handle non-existent 
email gracefully (9 ms)
    postResetPassword
      ├ù should reset password with valid 
token (440 ms)
      ΓêÜ should reject expired token 
(441 ms)
      ├ù should reject invalid token (5 
ms)
    getLogout
      ΓêÜ should logout user and redirect 
to home (5 ms)

  ΓùÅ Authentication Controller ΓÇ║ 
postResetPassword ΓÇ║ should reset 
password with valid token

    expect(received).toBe(expected) // 
Object.is equality

    Expected: true
    Received: false

    [0m [90m 298 |[39m             
[36mconst[39m updatedUser [33m=[39m 
[36mawait[39m 
[33mUser[39m[33m.[39mfindOne({ 
email[33m:[39m 
[32m'tokenreset@example.com'[39m 
})[33m;[39m
     [90m 299 |[39m             
[36mconst[39m isNewPasswordValid 
[33m=[39m [36mawait[39m bcrypt[33m.[
39mcompare([32m'newPassword123'[39m[33m
,[39m 
updatedUser[33m.[39mpassword)[33m;[39m
    [31m[1m>[22m[39m[90m 300 |[39m  
           expect(isNewPasswordValid)[33m
.[39mtoBe([36mtrue[39m)[33m;[39m
     [90m     |[39m                     
                   [31m[1m^[22m[39m
     [90m 301 |[39m
     [90m 302 |[39m             [90m// 
Verify token was cleared[39m
     [90m 303 |[39m             expect(u
pdatedUser[33m.[39mresetToken)[33m.[39
mtoBeUndefined()[33m;[39m[0m

      at Object.toBe 
(tests/controllers/auth.test.js:300:40)

  ΓùÅ Authentication Controller ΓÇ║ 
postResetPassword ΓÇ║ should reject 
invalid token

    expect(jest.fn()).toHaveBeenCalled()

    Expected number of calls: >= 1
    Received number of calls:    0

    [0m [90m 343 |[39m
     [90m 344 |[39m             [90m// 
Should render error or redirect[39m
    [31m[1m>[22m[39m[90m 345 |[39m  
           expect(res[33m.[39mrender)[3
3m.[39mtoHaveBeenCalled()[33m;[39m
     [90m     |[39m                     
           [31m[1m^[22m[39m
     [90m 346 |[39m         
})[33m;[39m
     [90m 347 |[39m     })[33m;[39m
     [90m 348 |[39m[0m

      at Object.toHaveBeenCalled 
(tests/controllers/auth.test.js:345:32)

  console.error
    MongoServerError: BSON field 'skip' value must be >= 0, actual value '-24'
        at Connection.onMessage (D:\Code\Nodejs\Final_NodeJS\node_modules\mongoose\node_modules\mongodb\src\cmap\connection.ts:413:18)
        at MessageStream.<anonymous> (D:\Code\Nodejs\Final_NodeJS\node_modules\mongoose\node_modules\mongodb\src\cmap\connection.ts:243:56)
        at MessageStream.emit (node:events:508:28)
        at processIncomingData (D:\Code\Nodejs\Final_NodeJS\node_modules\mongoose\node_modules\mongodb\src\cmap\message_stream.ts:193:12)
        at MessageStream._write (D:\Code\Nodejs\Final_NodeJS\node_modules\mongoose\node_modules\mongodb\src\cmap\message_stream.ts:74:5)
        at writeOrBuffer (node:internal/streams/writable:570:12)
        at _write (node:internal/streams/writable:499:10)
        at MessageStream.Writable.write (node:internal/streams/writable:508:10)
        at Socket.ondata (node:internal/streams/readable:1008:24)
        at Socket.emit (node:events:508:28)
        at addChunk (node:internal/streams/readable:559:12)
        at readableAddChunkPushByteMode (node:internal/streams/readable:510:3)
        at Socket.Readable.push (node:internal/streams/readable:390:5)
        at TCP.onStreamRead (node:internal/stream_base_commons:189:23) {
      ok: 0,
      code: 2,
      codeName: 'BadValue',
      Symbol(errorLabels): Set(0) {}
    }

    [0m [90m 249 |[39m     })[33m;[39m
     [90m 250 |[39m   } [36mcatch[39m (err) {
    [31m[1m>[22m[39m[90m 251 |[39m     console[33m.[39merror(err)[33m;[39m
     [90m     |[39m             [31m[1m^[22m[39m
     [90m 252 |[39m     req[33m.[39mflash([32m'error'[39m[33m,[39m [32m'─É├ú xß║úy ra lß╗ùi khi tß║úi danh s├ích sß║ún phß║⌐m.'[39m)[33m;[39m
     [90m 253 |[39m     res[33m.[39mredirect([32m'/'[39m)[33m;[39m
     [90m 254 |[39m   }[0m

      at Object.error [as getProducts] (controllers/products.js:251:13)
      at Object.<anonymous> (tests/controllers/products.test.js:142:17)

  console.error
    TypeError: Product.find(...).sort is not a function
        at Object.sort [as getProducts] (D:\Code\Nodejs\Final_NodeJS\controllers\products.js:204:8)
        at Object.getProducts (D:\Code\Nodejs\Final_NodeJS\tests\controllers\products.test.js:152:42)
        at Promise.finally.completed (D:\Code\Nodejs\Final_NodeJS\node_modules\jest-circus\build\jestAdapterInit.js:1557:28)
        at new Promise (<anonymous>)
        at callAsyncCircusFn (D:\Code\Nodejs\Final_NodeJS\node_modules\jest-circus\build\jestAdapterInit.js:1497:10)
        at _callCircusTest (D:\Code\Nodejs\Final_NodeJS\node_modules\jest-circus\build\jestAdapterInit.js:1007:40)
        at processTicksAndRejections (node:internal/process/task_queues:103:5)
        at _runTest (D:\Code\Nodejs\Final_NodeJS\node_modules\jest-circus\build\jestAdapterInit.js:947:3)
        at D:\Code\Nodejs\Final_NodeJS\node_modules\jest-circus\build\jestAdapterInit.js:849:7
        at _runTestsForDescribeBlock (D:\Code\Nodejs\Final_NodeJS\node_modules\jest-circus\build\jestAdapterInit.js:862:11)
        at _runTestsForDescribeBlock (D:\Code\Nodejs\Final_NodeJS\node_modules\jest-circus\build\jestAdapterInit.js:857:11)
        at _runTestsForDescribeBlock (D:\Code\Nodejs\Final_NodeJS\node_modules\jest-circus\build\jestAdapterInit.js:857:11)
        at _runTestsForDescribeBlock (D:\Code\Nodejs\Final_NodeJS\node_modules\jest-circus\build\jestAdapterInit.js:857:11)
        at run (D:\Code\Nodejs\Final_NodeJS\node_modules\jest-circus\build\jestAdapterInit.js:761:3)
        at runAndTransformResultsToJestFormat (D:\Code\Nodejs\Final_NodeJS\node_modules\jest-circus\build\jestAdapterInit.js:1918:21)
        at jestAdapter (D:\Code\Nodejs\Final_NodeJS\node_modules\jest-circus\build\runner.js:101:19)
        at runTestInternal (D:\Code\Nodejs\Final_NodeJS\node_modules\jest-runner\build\index.js:275:16)
        at runTest (D:\Code\Nodejs\Final_NodeJS\node_modules\jest-runner\build\index.js:343:7)

    [0m [90m 249 |[39m     })[33m;[39m
     [90m 250 |[39m   } [36mcatch[39m (err) {
    [31m[1m>[22m[39m[90m 251 |[39m     console[33m.[39merror(err)[33m;[39m
     [90m     |[39m             [31m[1m^[22m[39m
     [90m 252 |[39m     req[33m.[39mflash([32m'error'[39m[33m,[39m [32m'─É├ú xß║úy ra lß╗ùi khi tß║úi danh s├ích sß║ún phß║⌐m.'[39m)[33m;[39m
     [90m 253 |[39m     res[33m.[39mredirect([32m'/'[39m)[33m;[39m
     [90m 254 |[39m   }[0m

      at Object.error [as getProducts] (controllers/products.js:251:13)
      at Object.getProducts (tests/controllers/products.test.js:152:42)

  console.error
    Subscribe notification error: Error: Sß║ún phß║⌐m kh├┤ng tß╗ôn tß║íi
        at model.backInStockNotificationSchema.statics.subscribe (D:\Code\Nodejs\Final_NodeJS\models\backInStockNotification.js:78:11)
        at processTicksAndRejections (node:internal/process/task_queues:103:5)
        at Object.exports.subscribeNotification (D:\Code\Nodejs\Final_NodeJS\controllers\products.js:565:20)
        at Object.<anonymous> (D:\Code\Nodejs\Final_NodeJS\tests\controllers\products.test.js:529:17)

    [0m [90m 583 |[39m     
     [90m 584 |[39m   } [36mcatch[39m (error) {
    [31m[1m>[22m[39m[90m 585 |[39m     console[33m.[39merror([32m'Subscribe notification error:'[39m[33m,[39m error)[33m;[39m
     [90m     |[39m             [31m[1m^[22m[39m
     [90m 586 |[39m     res[33m.[39mstatus([35m500[39m)[33m.[39mjson({
     [90m 587 |[39m       success[33m:[39m [36mfalse[39m[33m,[39m
     [90m 588 |[39m       message[33m:[39m [32m'─É├ú xß║úy ra lß╗ùi khi ─æ─âng k├╜ th├┤ng b├ío'[39m[0m

      at Object.error [as subscribeNotification] (controllers/products.js:585:13)
      at Object.<anonymous> (tests/controllers/products.test.js:529:17)

  console.error
    Subscribe notification error: Error: Sß║ún phß║⌐m kh├┤ng tß╗ôn tß║íi
        at model.backInStockNotificationSchema.statics.subscribe (D:\Code\Nodejs\Final_NodeJS\models\backInStockNotification.js:78:11)
        at processTicksAndRejections (node:internal/process/task_queues:103:5)
        at Object.exports.subscribeNotification (D:\Code\Nodejs\Final_NodeJS\controllers\products.js:565:20)
        at Object.<anonymous> (D:\Code\Nodejs\Final_NodeJS\tests\controllers\products.test.js:575:17)

    [0m [90m 583 |[39m     
     [90m 584 |[39m   } [36mcatch[39m (error) {
    [31m[1m>[22m[39m[90m 585 |[39m     console[33m.[39merror([32m'Subscribe notification error:'[39m[33m,[39m error)[33m;[39m
     [90m     |[39m             [31m[1m^[22m[39m
     [90m 586 |[39m     res[33m.[39mstatus([35m500[39m)[33m.[39mjson({
     [90m 587 |[39m       success[33m:[39m [36mfalse[39m[33m,[39m
     [90m 588 |[39m       message[33m:[39m [32m'─É├ú xß║úy ra lß╗ùi khi ─æ─âng k├╜ th├┤ng b├ío'[39m[0m

      at Object.error [as subscribeNotification] (controllers/products.js:585:13)
      at Object.<anonymous> (tests/controllers/products.test.js:575:17)

FAIL tests/controllers/products.test.js
  Products Controller
    getProducts
      Happy path
        ΓêÜ should return all products 
with default pagination (102 ms)
        ΓêÜ should filter products by 
category (25 ms)
        ΓêÜ should sort products by price 
(29 ms)
        ΓêÜ should handle price range 
filtering (24 ms)
      Edge cases
        ΓêÜ should return empty array 
when no products match filters (20 ms)
        ΓêÜ should handle pagination 
correctly (109 ms)
        ├ù should handle invalid page 
number (21 ms)
      Server errors (500)
        ├ù should handle database errors 
gracefully (14 ms)
    getProductDetail
      Happy path
        ΓêÜ should return product details 
by slug (17 ms)
        ΓêÜ should return product with 
reviews (18 ms)
      Not found (404)
        ├ù should return 404 for 
non-existent product (10 ms)
      Edge cases
        ΓêÜ should handle product with no 
images (13 ms)
        ΓêÜ should handle product with 
zero stock (15 ms)
    postAddReview
      Happy path
        ├ù should add review to product 
successfully (25 ms)
        ├ù should update average rating 
after adding review (23 ms)
      Validation errors (400)
        ΓêÜ should reject review without 
rating (27 ms)
        ΓêÜ should reject rating outside 
1-5 range (19 ms)
        ├ù should reject duplicate review 
from same user (18 ms)
      Authentication errors (401)
        ├ù should reject review from 
unauthenticated user (13 ms)
      Not found (404)
        ├ù should reject review for 
non-existent product (12 ms)
    createPreOrder
      Happy path
        ├ù should create pre-order 
successfully (18 ms)
      Validation errors (400)
        ├ù should reject pre-order for 
in-stock product (17 ms)
        ├ù should reject pre-order with 
invalid quantity (18 ms)
        ├ù should reject duplicate 
pre-order (23 ms)
    cancelPreOrder
      Happy path
        ΓêÜ should cancel pre-order 
successfully (26 ms)
      Authorization errors (403)
        ├ù should reject cancelling other 
user pre-order (19 ms)
      Validation errors (400)
        ├ù should reject cancelling 
already fulfilled pre-order (21 ms)
    subscribeNotification
      Happy path
        ├ù should subscribe to 
back-in-stock notification (25 ms)
      Validation errors (400)
        ├ù should reject subscription for 
in-stock product (16 ms)
        ├ù should reject duplicate 
subscription (25 ms)
    unsubscribeNotification
      Happy path
        ├ù should unsubscribe from 
notification successfully (20 ms)
      Authorization errors (403)
        ├ù should reject unsubscribing 
other user notification (21 ms)
    getUserPreOrders
      Happy path
        ΓêÜ should return user pre-orders 
(23 ms)
        ΓêÜ should return empty array 
when no pre-orders (14 ms)
    getUserNotifications
      Happy path
        ├ù should return user 
notifications (23 ms)
      Edge cases
        ├ù should return empty array when 
no notifications (13 ms)

  ΓùÅ Products Controller ΓÇ║ getProducts 
ΓÇ║ Edge cases ΓÇ║ should handle invalid 
page number

    expect(jest.fn()).toHaveBeenCalled()

    Expected number of calls: >= 1
    Received number of calls:    0

    [0m [90m 142 |[39m                 
[36mawait[39m productsController[33m.[
39mgetProducts(req[33m,[39m 
res)[33m;[39m
     [90m 143 |[39m
    [31m[1m>[22m[39m[90m 144 |[39m  
               expect(res[33m.[39mrender
)[33m.[39mtoHaveBeenCalled()[33m;[39m
     [90m     |[39m                     
               [31m[1m^[22m[39m
     [90m 145 |[39m             
})[33m;[39m
     [90m 146 |[39m         
})[33m;[39m
     [90m 147 |[39m[0m

      at Object.toHaveBeenCalled (tests/co
ntrollers/products.test.js:144:36)

  ΓùÅ Products Controller ΓÇ║ getProducts 
ΓÇ║ Server errors (500) ΓÇ║ should handle 
database errors gracefully

    expect(jest.fn()).toHaveBeenCalledWith
(...expected)

    Expected: 500

    Number of calls: 0

    [0m [90m 152 |[39m                 
[36mawait[39m productsController[33m.[
39mgetProducts(req[33m,[39m 
res)[33m;[39m
     [90m 153 |[39m
    [31m[1m>[22m[39m[90m 154 |[39m  
               expect(res[33m.[39mstatus
)[33m.[39mtoHaveBeenCalledWith([35m500
[39m)[33m;[39m
     [90m     |[39m                     
               [31m[1m^[22m[39m
     [90m 155 |[39m             
})[33m;[39m
     [90m 156 |[39m         
})[33m;[39m
     [90m 157 |[39m     
})[33m;[39m[0m

      at Object.toHaveBeenCalledWith (test
s/controllers/products.test.js:154:36)

  ΓùÅ Products Controller ΓÇ║ getProducts 
ΓÇ║ Server errors (500) ΓÇ║ should handle 
database errors gracefully

    DB Error

    [0m [90m 148 |[39m         
describe([32m'Server errors 
(500)'[39m[33m,[39m () [33m=>[39m {
     [90m 149 |[39m             
it([32m'should handle database errors 
gracefully'[39m[33m,[39m 
[36masync[39m () [33m=>[39m {
    [31m[1m>[22m[39m[90m 150 |[39m  
               jest[33m.[39mspyOn([33mP
roduct[39m[33m,[39m [32m'find'[39m)[
33m.[39mmockRejectedValueOnce([36mnew[3
9m [33mError[39m([32m'DB 
Error'[39m))[33m;[39m
     [90m     |[39m                     
                                          
    [31m[1m^[22m[39m
     [90m 151 |[39m
     [90m 152 |[39m                 
[36mawait[39m productsController[33m.[
39mgetProducts(req[33m,[39m 
res)[33m;[39m
     [90m 153 |[39m[0m

      at Object.<anonymous> (tests/control
lers/products.test.js:150:67)

  ΓùÅ Products Controller ΓÇ║ 
getProductDetail ΓÇ║ Not found (404) ΓÇ║ 
should return 404 for non-existent product

    expect(jest.fn()).toHaveBeenCalledWith
(...expected)

    Expected: 404

    Number of calls: 0

    [0m [90m 198 |[39m                 
[36mawait[39m productsController[33m.[
39mgetProductDetail(req[33m,[39m 
res)[33m;[39m
     [90m 199 |[39m
    [31m[1m>[22m[39m[90m 200 |[39m  
               expect(res[33m.[39mstatus
)[33m.[39mtoHaveBeenCalledWith([35m404
[39m)[33m;[39m
     [90m     |[39m                     
               [31m[1m^[22m[39m
     [90m 201 |[39m             
})[33m;[39m
     [90m 202 |[39m         
})[33m;[39m
     [90m 203 |[39m[0m

      at Object.toHaveBeenCalledWith (test
s/controllers/products.test.js:200:36)

  ΓùÅ Products Controller ΓÇ║ 
postAddReview ΓÇ║ Happy path ΓÇ║ should 
add review to product successfully

    TypeError: Cannot read properties of 
undefined (reading 'length')

    [0m [90m 242 |[39m
     [90m 243 |[39m                 
[36mconst[39m updatedProduct 
[33m=[39m [36mawait[39m [33mProduct[
39m[33m.[39mfindById(product[33m.[39m_
id)[33m;[39m
    [31m[1m>[22m[39m[90m 244 |[39m  
               expect(updatedProduct[33m.
[39mreviews[33m.[39mlength)[33m.[39mt
oBe([35m1[39m)[33m;[39m
     [90m     |[39m                     
                          
[31m[1m^[22m[39m
     [90m 245 |[39m                 expe
ct(req[33m.[39mflash)[33m.[39mtoHaveBe
enCalledWith([32m'success'[39m[33m,[39
m expect[33m.[39many([33mString[39m))
[33m;[39m
     [90m 246 |[39m             
})[33m;[39m
     [90m 247 |[39m[0m

      at Object.length (tests/controllers/
products.test.js:244:47)

  ΓùÅ Products Controller ΓÇ║ 
postAddReview ΓÇ║ Happy path ΓÇ║ should 
update average rating after adding review

    
expect(received).toBeGreaterThan(expected)

    Expected: > 0
    Received:   0

    [0m [90m 261 |[39m
     [90m 262 |[39m                 
[36mconst[39m updatedProduct 
[33m=[39m [36mawait[39m [33mProduct[
39m[33m.[39mfindById(product[33m.[39m_
id)[33m;[39m
    [31m[1m>[22m[39m[90m 263 |[39m  
               expect(updatedProduct[33m.
[39maverageRating)[33m.[39mtoBeGreaterT
han([35m0[39m)[33m;[39m
     [90m     |[39m                     
                                 
[31m[1m^[22m[39m
     [90m 264 |[39m             
})[33m;[39m
     [90m 265 |[39m         
})[33m;[39m
     [90m 266 |[39m[0m

      at Object.toBeGreaterThan (tests/con
trollers/products.test.js:263:54)

  ΓùÅ Products Controller ΓÇ║ 
postAddReview ΓÇ║ Validation errors (400) 
ΓÇ║ should reject duplicate review from 
same user

    expect(jest.fn()).toHaveBeenCalledWith
(...expected)

    Expected: "error", StringContaining 
"─æ├ú ─æ├ính gi├í"
    Received: "error", "Bß║ín cß║ºn mua 
v├á nhß║¡n sß║ún phß║⌐m n├áy tr╞░ß╗¢c khi 
─æ├ính gi├í."

    Number of calls: 1

    [0m [90m 319 |[39m                 
[36mawait[39m productsController[33m.[
39mpostAddReview(req[33m,[39m 
res)[33m;[39m
     [90m 320 |[39m
    [31m[1m>[22m[39m[90m 321 |[39m  
               expect(req[33m.[39mflash)
[33m.[39mtoHaveBeenCalledWith([32m'erro
r'[39m[33m,[39m expect[33m.[39mstring
Containing([32m'─æ├ú ─æ├ính 
gi├í'[39m))[33m;[39m
     [90m     |[39m                     
              [31m[1m^[22m[39m
     [90m 322 |[39m             
})[33m;[39m
     [90m 323 |[39m         
})[33m;[39m
     [90m 324 |[39m[0m

      at Object.toHaveBeenCalledWith (test
s/controllers/products.test.js:321:35)

  ΓùÅ Products Controller ΓÇ║ 
postAddReview ΓÇ║ Authentication errors 
(401) ΓÇ║ should reject review from 
unauthenticated user

    expect(jest.fn()).toHaveBeenCalledWith
(...expected)

    Expected: "/auth/login"
    Received: "/auth/login?returnTo=/produ
cts/test-product"

    Number of calls: 1

    [0m [90m 336 |[39m                 
[36mawait[39m productsController[33m.[
39mpostAddReview(req[33m,[39m 
res)[33m;[39m
     [90m 337 |[39m
    [31m[1m>[22m[39m[90m 338 |[39m  
               expect(res[33m.[39mredire
ct)[33m.[39mtoHaveBeenCalledWith([32m'/
auth/login'[39m)[33m;[39m
     [90m     |[39m                     
                 [31m[1m^[22m[39m
     [90m 339 |[39m             
})[33m;[39m
     [90m 340 |[39m         
})[33m;[39m
     [90m 341 |[39m[0m

      at Object.toHaveBeenCalledWith (test
s/controllers/products.test.js:338:38)

  ΓùÅ Products Controller ΓÇ║ 
postAddReview ΓÇ║ Not found (404) ΓÇ║ 
should reject review for non-existent 
product

    expect(jest.fn()).toHaveBeenCalledWith
(...expected)

    Expected: "error", StringContaining 
"kh├┤ng t├¼m thß║Ñy"
    Received: "error", "Kh├┤ng t├¼m 
thß║Ñy sß║ún phß║⌐m."

    Number of calls: 1

    [0m [90m 354 |[39m                 
[36mawait[39m productsController[33m.[
39mpostAddReview(req[33m,[39m 
res)[33m;[39m
     [90m 355 |[39m
    [31m[1m>[22m[39m[90m 356 |[39m  
               expect(req[33m.[39mflash)
[33m.[39mtoHaveBeenCalledWith([32m'erro
r'[39m[33m,[39m expect[33m.[39mstring
Containing([32m'kh├┤ng t├¼m 
thß║Ñy'[39m))[33m;[39m
     [90m     |[39m                     
              [31m[1m^[22m[39m
     [90m 357 |[39m             
})[33m;[39m
     [90m 358 |[39m         
})[33m;[39m
     [90m 359 |[39m     
})[33m;[39m[0m

      at Object.toHaveBeenCalledWith (test
s/controllers/products.test.js:356:35)

  ΓùÅ Products Controller ΓÇ║ 
createPreOrder ΓÇ║ Happy path ΓÇ║ should 
create pre-order successfully

    expect(received).toBeTruthy()

    Received: null

    [0m [90m 377 |[39m
     [90m 378 |[39m                 
[36mconst[39m preOrder [33m=[39m 
[36mawait[39m 
[33mPreOrder[39m[33m.[39mfindOne({ 
product[33m:[39m product[33m.[39m_id 
})[33m;[39m
    [31m[1m>[22m[39m[90m 379 |[39m  
               expect(preOrder)[33m.[39m
toBeTruthy()[33m;[39m
     [90m     |[39m                     
             [31m[1m^[22m[39m
     [90m 380 |[39m                 expe
ct(req[33m.[39mflash)[33m.[39mtoHaveBe
enCalledWith([32m'success'[39m[33m,[39
m expect[33m.[39many([33mString[39m))
[33m;[39m
     [90m 381 |[39m             
})[33m;[39m
     [90m 382 |[39m         
})[33m;[39m[0m

      at Object.toBeTruthy (tests/controll
ers/products.test.js:379:34)

  ΓùÅ Products Controller ΓÇ║ 
createPreOrder ΓÇ║ Validation errors 
(400) ΓÇ║ should reject pre-order for 
in-stock product

    expect(jest.fn()).toHaveBeenCalledWith
(...expected)

    Expected: "error", StringContaining 
"c├▓n h├áng"

    Number of calls: 0

    [0m [90m 396 |[39m                 
[36mawait[39m productsController[33m.[
39mcreatePreOrder(req[33m,[39m 
res)[33m;[39m
     [90m 397 |[39m
    [31m[1m>[22m[39m[90m 398 |[39m  
               expect(req[33m.[39mflash)
[33m.[39mtoHaveBeenCalledWith([32m'erro
r'[39m[33m,[39m expect[33m.[39mstring
Containing([32m'c├▓n 
h├áng'[39m))[33m;[39m
     [90m     |[39m                     
              [31m[1m^[22m[39m
     [90m 399 |[39m             
})[33m;[39m
     [90m 400 |[39m
     [90m 401 |[39m             
it([32m'should reject pre-order with 
invalid quantity'[39m[33m,[39m 
[36masync[39m () [33m=>[39m {[0m

      at Object.toHaveBeenCalledWith (test
s/controllers/products.test.js:398:35)

  ΓùÅ Products Controller ΓÇ║ 
createPreOrder ΓÇ║ Validation errors 
(400) ΓÇ║ should reject pre-order with 
invalid quantity

    expect(jest.fn()).toHaveBeenCalledWith
(...expected)

    Expected: "error", Any<String>

    Number of calls: 0

    [0m [90m 412 |[39m                 
[36mawait[39m productsController[33m.[
39mcreatePreOrder(req[33m,[39m 
res)[33m;[39m
     [90m 413 |[39m
    [31m[1m>[22m[39m[90m 414 |[39m  
               expect(req[33m.[39mflash)
[33m.[39mtoHaveBeenCalledWith([32m'erro
r'[39m[33m,[39m expect[33m.[39many([
33mString[39m))[33m;[39m
     [90m     |[39m                     
              [31m[1m^[22m[39m
     [90m 415 |[39m             
})[33m;[39m
     [90m 416 |[39m
     [90m 417 |[39m             
it([32m'should reject duplicate 
pre-order'[39m[33m,[39m 
[36masync[39m () [33m=>[39m {[0m

      at Object.toHaveBeenCalledWith (test
s/controllers/products.test.js:414:35)

  ΓùÅ Products Controller ΓÇ║ 
createPreOrder ΓÇ║ Validation errors 
(400) ΓÇ║ should reject duplicate 
pre-order

    expect(jest.fn()).toHaveBeenCalledWith
(...expected)

    Expected: "error", StringContaining 
"─æ├ú ─æß║╖t tr╞░ß╗¢c"

    Number of calls: 0

    [0m [90m 437 |[39m                 
[36mawait[39m productsController[33m.[
39mcreatePreOrder(req[33m,[39m 
res)[33m;[39m
     [90m 438 |[39m
    [31m[1m>[22m[39m[90m 439 |[39m  
               expect(req[33m.[39mflash)
[33m.[39mtoHaveBeenCalledWith([32m'erro
r'[39m[33m,[39m expect[33m.[39mstring
Containing([32m'─æ├ú ─æß║╖t 
tr╞░ß╗¢c'[39m))[33m;[39m
     [90m     |[39m                     
              [31m[1m^[22m[39m
     [90m 440 |[39m             
})[33m;[39m
     [90m 441 |[39m         
})[33m;[39m
     [90m 442 |[39m     
})[33m;[39m[0m

      at Object.toHaveBeenCalledWith (test
s/controllers/products.test.js:439:35)

  ΓùÅ Products Controller ΓÇ║ 
cancelPreOrder ΓÇ║ Authorization errors 
(403) ΓÇ║ should reject cancelling other 
user pre-order

    ValidationError: PreOrder validation 
failed: contactEmail: Path `contactEmail` 
is required., priceAtOrder: Path 
`priceAtOrder` is required.

      at model.Document.invalidate (node_m
odules/mongoose/lib/document.js:3219:32)
      at node_modules/mongoose/lib/documen
t.js:3012:17
      at node_modules/mongoose/lib/schemat
ype.js:1368:9

  ΓùÅ Products Controller ΓÇ║ 
cancelPreOrder ΓÇ║ Validation errors 
(400) ΓÇ║ should reject cancelling 
already fulfilled pre-order

    expect(jest.fn()).toHaveBeenCalledWith
(...expected)

    Expected: "error", StringContaining 
"kh├┤ng thß╗â hß╗ºy"

    Number of calls: 0

    [0m [90m 509 |[39m                 
[36mawait[39m productsController[33m.[
39mcancelPreOrder(req[33m,[39m 
res)[33m;[39m
     [90m 510 |[39m
    [31m[1m>[22m[39m[90m 511 |[39m  
               expect(req[33m.[39mflash)
[33m.[39mtoHaveBeenCalledWith([32m'erro
r'[39m[33m,[39m expect[33m.[39mstring
Containing([32m'kh├┤ng thß╗â 
hß╗ºy'[39m))[33m;[39m
     [90m     |[39m                     
              [31m[1m^[22m[39m
     [90m 512 |[39m             
})[33m;[39m
     [90m 513 |[39m         
})[33m;[39m
     [90m 514 |[39m     
})[33m;[39m[0m

      at Object.toHaveBeenCalledWith (test
s/controllers/products.test.js:511:35)

  ΓùÅ Products Controller ΓÇ║ 
subscribeNotification ΓÇ║ Happy path ΓÇ║ 
should subscribe to back-in-stock 
notification

    expect(received).toBeTruthy()

    Received: null

    [0m [90m 533 |[39m                 
    user[33m:[39m user[33m.[39m_id
     [90m 534 |[39m                 
})[33m;[39m
    [31m[1m>[22m[39m[90m 535 |[39m  
               expect(notification)[33m.
[39mtoBeTruthy()[33m;[39m
     [90m     |[39m                     
                 [31m[1m^[22m[39m
     [90m 536 |[39m                 expe
ct(req[33m.[39mflash)[33m.[39mtoHaveBe
enCalledWith([32m'success'[39m[33m,[39
m expect[33m.[39many([33mString[39m))
[33m;[39m
     [90m 537 |[39m             
})[33m;[39m
     [90m 538 |[39m         
})[33m;[39m[0m

      at Object.toBeTruthy (tests/controll
ers/products.test.js:535:38)

  ΓùÅ Products Controller ΓÇ║ 
subscribeNotification ΓÇ║ Validation 
errors (400) ΓÇ║ should reject 
subscription for in-stock product

    expect(jest.fn()).toHaveBeenCalledWith
(...expected)

    Expected: "error", StringContaining 
"c├▓n h├áng"

    Number of calls: 0

    [0m [90m 552 |[39m                 
[36mawait[39m productsController[33m.[
39msubscribeNotification(req[33m,[39m 
res)[33m;[39m
     [90m 553 |[39m
    [31m[1m>[22m[39m[90m 554 |[39m  
               expect(req[33m.[39mflash)
[33m.[39mtoHaveBeenCalledWith([32m'erro
r'[39m[33m,[39m expect[33m.[39mstring
Containing([32m'c├▓n 
h├áng'[39m))[33m;[39m
     [90m     |[39m                     
              [31m[1m^[22m[39m
     [90m 555 |[39m             
})[33m;[39m
     [90m 556 |[39m
     [90m 557 |[39m             
it([32m'should reject duplicate 
subscription'[39m[33m,[39m 
[36masync[39m () [33m=>[39m {[0m

      at Object.toHaveBeenCalledWith (test
s/controllers/products.test.js:554:35)

  ΓùÅ Products Controller ΓÇ║ 
subscribeNotification ΓÇ║ Validation 
errors (400) ΓÇ║ should reject duplicate 
subscription

    expect(jest.fn()).toHaveBeenCalledWith
(...expected)

    Expected: "error", StringContaining 
"─æ├ú ─æ─âng k├╜"

    Number of calls: 0

    [0m [90m 575 |[39m                 
[36mawait[39m productsController[33m.[
39msubscribeNotification(req[33m,[39m 
res)[33m;[39m
     [90m 576 |[39m
    [31m[1m>[22m[39m[90m 577 |[39m  
               expect(req[33m.[39mflash)
[33m.[39mtoHaveBeenCalledWith([32m'erro
r'[39m[33m,[39m expect[33m.[39mstring
Containing([32m'─æ├ú ─æ─âng 
k├╜'[39m))[33m;[39m
     [90m     |[39m                     
              [31m[1m^[22m[39m
     [90m 578 |[39m             
})[33m;[39m
     [90m 579 |[39m         
})[33m;[39m
     [90m 580 |[39m     
})[33m;[39m[0m

      at Object.toHaveBeenCalledWith (test
s/controllers/products.test.js:577:35)

  ΓùÅ Products Controller ΓÇ║ 
unsubscribeNotification ΓÇ║ Happy path 
ΓÇ║ should unsubscribe from notification 
successfully

    expect(received).toBeNull()

    Received: {"__v": 0, "_id": 
"69845dde374f5238d121d085", "createdAt": 
2026-02-05T09:07:42.134Z, "email": 
"test@example.com", "notificationCount": 
0, "product": "69845dde374f5238d121d082", 
"source": "web", "status": "active", 
"updatedAt": 2026-02-05T09:07:42.134Z, 
"user": "69845dde374f5238d121d07f"}

    [0m [90m 599 |[39m
     [90m 600 |[39m                 
[36mconst[39m deletedNotification 
[33m=[39m [36mawait[39m [33mBackInSto
ckNotification[39m[33m.[39mfindById(not
ification[33m.[39m_id)[33m;[39m
    [31m[1m>[22m[39m[90m 601 |[39m  
               expect(deletedNotification)
[33m.[39mtoBeNull()[33m;[39m
     [90m     |[39m                     
                        
[31m[1m^[22m[39m
     [90m 602 |[39m             
})[33m;[39m
     [90m 603 |[39m         
})[33m;[39m
     [90m 604 |[39m[0m

      at Object.toBeNull (tests/controller
s/products.test.js:601:45)

  ΓùÅ Products Controller ΓÇ║ 
unsubscribeNotification ΓÇ║ Authorization 
errors (403) ΓÇ║ should reject 
unsubscribing other user notification

    expect(jest.fn()).toHaveBeenCalledWith
(...expected)

    Expected: "error", StringContaining 
"kh├┤ng c├│ quyß╗ün"

    Number of calls: 0

    [0m [90m 621 |[39m                 
[36mawait[39m productsController[33m.[
39munsubscribeNotification(req[33m,[39m 
res)[33m;[39m
     [90m 622 |[39m
    [31m[1m>[22m[39m[90m 623 |[39m  
               expect(req[33m.[39mflash)
[33m.[39mtoHaveBeenCalledWith([32m'erro
r'[39m[33m,[39m expect[33m.[39mstring
Containing([32m'kh├┤ng c├│ 
quyß╗ün'[39m))[33m;[39m
     [90m     |[39m                     
              [31m[1m^[22m[39m
     [90m 624 |[39m             
})[33m;[39m
     [90m 625 |[39m         
})[33m;[39m
     [90m 626 |[39m     
})[33m;[39m[0m

      at Object.toHaveBeenCalledWith (test
s/controllers/products.test.js:623:35)

  ΓùÅ Products Controller ΓÇ║ 
getUserNotifications ΓÇ║ Happy path ΓÇ║ 
should return user notifications

    expect(jest.fn()).toHaveBeenCalledWith
(...expected)

    Expected: "user/notifications", 
ObjectContaining {"notifications": 
Any<Array>}
    Received: "user/stock-notifications", 
{"notifications": [{"__v": 0, "_id": 
"69845dde374f5238d121d0bb", "createdAt": 
2026-02-05T09:07:42.213Z, "email": 
"test@example.com", "notificationCount": 
0, "product": {"_id": 
"69845dde374f5238d121d0b8", 
"discountPrice": null, "images": 
["image1.jpg"], "name": "Test Product", 
"price": 100, "slug": "test-product", 
"stock": 0}, "source": "web", "status": 
"active", "updatedAt": 
2026-02-05T09:07:42.213Z, "user": 
"69845dde374f5238d121d0b5"}], "title": 
"Th├┤ng b├ío h├áng vß╗ü"}

    Number of calls: 1

    [0m [90m 687 |[39m                 
[36mawait[39m productsController[33m.[
39mgetUserNotifications(req[33m,[39m 
res)[33m;[39m
     [90m 688 |[39m
    [31m[1m>[22m[39m[90m 689 |[39m  
               expect(res[33m.[39mrender
)[33m.[39mtoHaveBeenCalledWith(
     [90m     |[39m                     
               [31m[1m^[22m[39m
     [90m 690 |[39m                     
[32m'user/notifications'[39m[33m,[39m
     [90m 691 |[39m                     
expect[33m.[39mobjectContaining({
     [90m 692 |[39m                     
    notifications[33m:[39m 
expect[33m.[39many([33mArray[39m)[0m

      at Object.toHaveBeenCalledWith (test
s/controllers/products.test.js:689:36)

  ΓùÅ Products Controller ΓÇ║ 
getUserNotifications ΓÇ║ Edge cases ΓÇ║ 
should return empty array when no 
notifications

    expect(jest.fn()).toHaveBeenCalledWith
(...expected)

    Expected: "user/notifications", 
ObjectContaining {"notifications": []}
    Received: "user/stock-notifications", 
{"notifications": [], "title": "Th├┤ng 
b├ío h├áng vß╗ü"}

    Number of calls: 1

    [0m [90m 704 |[39m                 
[36mawait[39m productsController[33m.[
39mgetUserNotifications(req[33m,[39m 
res)[33m;[39m
     [90m 705 |[39m
    [31m[1m>[22m[39m[90m 706 |[39m  
               expect(res[33m.[39mrender
)[33m.[39mtoHaveBeenCalledWith(
     [90m     |[39m                     
               [31m[1m^[22m[39m
     [90m 707 |[39m                     
[32m'user/notifications'[39m[33m,[39m
     [90m 708 |[39m                     
expect[33m.[39mobjectContaining({
     [90m 709 |[39m                     
    notifications[33m:[39m [][0m

      at Object.toHaveBeenCalledWith (test
s/controllers/products.test.js:706:36)

  console.error
    TypeError: Cannot read properties of null (reading '_id')
        at Object._id [as getProfile] (D:\Code\Nodejs\Final_NodeJS\controllers\user.js:9:60)
        at Object.getProfile (D:\Code\Nodejs\Final_NodeJS\tests\controllers\user.test.js:73:38)
        at Promise.finally.completed (D:\Code\Nodejs\Final_NodeJS\node_modules\jest-circus\build\jestAdapterInit.js:1557:28)
        at new Promise (<anonymous>)
        at callAsyncCircusFn (D:\Code\Nodejs\Final_NodeJS\node_modules\jest-circus\build\jestAdapterInit.js:1497:10)
        at _callCircusTest (D:\Code\Nodejs\Final_NodeJS\node_modules\jest-circus\build\jestAdapterInit.js:1007:40)
        at processTicksAndRejections (node:internal/process/task_queues:103:5)
        at _runTest (D:\Code\Nodejs\Final_NodeJS\node_modules\jest-circus\build\jestAdapterInit.js:947:3)
        at D:\Code\Nodejs\Final_NodeJS\node_modules\jest-circus\build\jestAdapterInit.js:849:7
        at _runTestsForDescribeBlock (D:\Code\Nodejs\Final_NodeJS\node_modules\jest-circus\build\jestAdapterInit.js:862:11)
        at _runTestsForDescribeBlock (D:\Code\Nodejs\Final_NodeJS\node_modules\jest-circus\build\jestAdapterInit.js:857:11)
        at _runTestsForDescribeBlock (D:\Code\Nodejs\Final_NodeJS\node_modules\jest-circus\build\jestAdapterInit.js:857:11)
        at _runTestsForDescribeBlock (D:\Code\Nodejs\Final_NodeJS\node_modules\jest-circus\build\jestAdapterInit.js:857:11)
        at run (D:\Code\Nodejs\Final_NodeJS\node_modules\jest-circus\build\jestAdapterInit.js:761:3)
        at runAndTransformResultsToJestFormat (D:\Code\Nodejs\Final_NodeJS\node_modules\jest-circus\build\jestAdapterInit.js:1918:21)
        at jestAdapter (D:\Code\Nodejs\Final_NodeJS\node_modules\jest-circus\build\runner.js:101:19)
        at runTestInternal (D:\Code\Nodejs\Final_NodeJS\node_modules\jest-runner\build\index.js:275:16)
        at runTest (D:\Code\Nodejs\Final_NodeJS\node_modules\jest-runner\build\index.js:343:7)

    [0m [90m 17 |[39m     })[33m;[39m
     [90m 18 |[39m   } [36mcatch[39m (err) {
    [31m[1m>[22m[39m[90m 19 |[39m     console[33m.[39merror(err)[33m;[39m
     [90m    |[39m             [31m[1m^[22m[39m
     [90m 20 |[39m     req[33m.[39mflash([32m'error'[39m[33m,[39m [32m'─É├ú xß║úy ra lß╗ùi khi tß║úi th├┤ng tin t├ái khoß║ún.'[39m)[33m;[39m
     [90m 21 |[39m     res[33m.[39mredirect([32m'/'[39m)[33m;[39m
     [90m 22 |[39m   }[0m

      at Object.error [as getProfile] (controllers/user.js:19:13)
      at Object.getProfile (tests/controllers/user.test.js:73:38)

  console.error
    TypeError: Cannot read properties of null (reading '_id')
        at Object._id [as updateProfile] (D:\Code\Nodejs\Final_NodeJS\controllers\user.js:36:23)
        at Object.updateProfile (D:\Code\Nodejs\Final_NodeJS\tests\controllers\user.test.js:137:38)
        at Promise.finally.completed (D:\Code\Nodejs\Final_NodeJS\node_modules\jest-circus\build\jestAdapterInit.js:1557:28)
        at new Promise (<anonymous>)
        at callAsyncCircusFn (D:\Code\Nodejs\Final_NodeJS\node_modules\jest-circus\build\jestAdapterInit.js:1497:10)
        at _callCircusTest (D:\Code\Nodejs\Final_NodeJS\node_modules\jest-circus\build\jestAdapterInit.js:1007:40)
        at processTicksAndRejections (node:internal/process/task_queues:103:5)
        at _runTest (D:\Code\Nodejs\Final_NodeJS\node_modules\jest-circus\build\jestAdapterInit.js:947:3)
        at D:\Code\Nodejs\Final_NodeJS\node_modules\jest-circus\build\jestAdapterInit.js:849:7
        at _runTestsForDescribeBlock (D:\Code\Nodejs\Final_NodeJS\node_modules\jest-circus\build\jestAdapterInit.js:862:11)
        at _runTestsForDescribeBlock (D:\Code\Nodejs\Final_NodeJS\node_modules\jest-circus\build\jestAdapterInit.js:857:11)
        at _runTestsForDescribeBlock (D:\Code\Nodejs\Final_NodeJS\node_modules\jest-circus\build\jestAdapterInit.js:857:11)
        at _runTestsForDescribeBlock (D:\Code\Nodejs\Final_NodeJS\node_modules\jest-circus\build\jestAdapterInit.js:857:11)
        at run (D:\Code\Nodejs\Final_NodeJS\node_modules\jest-circus\build\jestAdapterInit.js:761:3)
        at runAndTransformResultsToJestFormat (D:\Code\Nodejs\Final_NodeJS\node_modules\jest-circus\build\jestAdapterInit.js:1918:21)
        at jestAdapter (D:\Code\Nodejs\Final_NodeJS\node_modules\jest-circus\build\runner.js:101:19)
        at runTestInternal (D:\Code\Nodejs\Final_NodeJS\node_modules\jest-runner\build\index.js:275:16)
        at runTest (D:\Code\Nodejs\Final_NodeJS\node_modules\jest-runner\build\index.js:343:7)

    [0m [90m 46 |[39m     res[33m.[39mredirect([32m'/user/profile'[39m)[33m;[39m
     [90m 47 |[39m   } [36mcatch[39m (err) {
    [31m[1m>[22m[39m[90m 48 |[39m     console[33m.[39merror(err)[33m;[39m
     [90m    |[39m             [31m[1m^[22m[39m
     [90m 49 |[39m     req[33m.[39mflash([32m'error'[39m[33m,[39m [32m'─É├ú xß║úy ra lß╗ùi khi cß║¡p nhß║¡t th├┤ng tin t├ái khoß║ún.'[39m)[33m;[39m
     [90m 50 |[39m     res[33m.[39mredirect([32m'/user/profile'[39m)[33m;[39m
     [90m 51 |[39m   }[0m

      at Object.error [as updateProfile] (controllers/user.js:48:13)
      at Object.updateProfile (tests/controllers/user.test.js:137:38)

  console.error
    MissingSchemaError: Schema hasn't been registered for model "Product".
    Use mongoose.model(name, schema)
        at NativeConnection.Connection.model (D:\Code\Nodejs\Final_NodeJS\node_modules\mongoose\lib\connection.js:1136:13)
        at _getModelFromConn (D:\Code\Nodejs\Final_NodeJS\node_modules\mongoose\lib\helpers\populate\getModelsMapForPopulate.js:585:15)
        at addModelNamesToMap (D:\Code\Nodejs\Final_NodeJS\node_modules\mongoose\lib\helpers\populate\getModelsMapForPopulate.js:512:17)
        at getModelsMapForPopulate (D:\Code\Nodejs\Final_NodeJS\node_modules\mongoose\lib\helpers\populate\getModelsMapForPopulate.js:201:7)
        at populate (D:\Code\Nodejs\Final_NodeJS\node_modules\mongoose\lib\model.js:4394:21)
        at _populate (D:\Code\Nodejs\Final_NodeJS\node_modules\mongoose\lib\model.js:4354:5)
        at D:\Code\Nodejs\Final_NodeJS\node_modules\mongoose\lib\model.js:4326:5
        at new Promise (<anonymous>)
        at model.populate (D:\Code\Nodejs\Final_NodeJS\node_modules\mongoose\lib\model.js:4325:10)
        at D:\Code\Nodejs\Final_NodeJS\node_modules\mongoose\lib\query.js:2521:11
        at D:\Code\Nodejs\Final_NodeJS\node_modules\mongoose\lib\query.js:3164:21
        at processTicksAndRejections (node:internal/process/task_queues:84:11)

    [0m [90m 264 |[39m     })[33m;[39m
     [90m 265 |[39m   } [36mcatch[39m (err) {
    [31m[1m>[22m[39m[90m 266 |[39m     console[33m.[39merror(err)[33m;[39m
     [90m     |[39m             [31m[1m^[22m[39m
     [90m 267 |[39m     req[33m.[39mflash([32m'error'[39m[33m,[39m [32m'─É├ú xß║úy ra lß╗ùi khi tß║úi chi tiß║┐t ─æ╞ín h├áng.'[39m)[33m;[39m
     [90m 268 |[39m     res[33m.[39mredirect([32m'/user/orders'[39m)[33m;[39m
     [90m 269 |[39m   }[0m

      at Object.error [as getOrderDetail] (controllers/user.js:266:13)
      at Object.<anonymous> (tests/controllers/user.test.js:497:17)

  console.error
    MissingSchemaError: Schema hasn't been registered for model "Product".
    Use mongoose.model(name, schema)
        at NativeConnection.Connection.model (D:\Code\Nodejs\Final_NodeJS\node_modules\mongoose\lib\connection.js:1136:13)
        at _getModelFromConn (D:\Code\Nodejs\Final_NodeJS\node_modules\mongoose\lib\helpers\populate\getModelsMapForPopulate.js:585:15)
        at addModelNamesToMap (D:\Code\Nodejs\Final_NodeJS\node_modules\mongoose\lib\helpers\populate\getModelsMapForPopulate.js:512:17)
        at getModelsMapForPopulate (D:\Code\Nodejs\Final_NodeJS\node_modules\mongoose\lib\helpers\populate\getModelsMapForPopulate.js:201:7)
        at populate (D:\Code\Nodejs\Final_NodeJS\node_modules\mongoose\lib\model.js:4394:21)
        at _populate (D:\Code\Nodejs\Final_NodeJS\node_modules\mongoose\lib\model.js:4354:5)
        at D:\Code\Nodejs\Final_NodeJS\node_modules\mongoose\lib\model.js:4326:5
        at new Promise (<anonymous>)
        at model.populate (D:\Code\Nodejs\Final_NodeJS\node_modules\mongoose\lib\model.js:4325:10)
        at D:\Code\Nodejs\Final_NodeJS\node_modules\mongoose\lib\query.js:2521:11
        at D:\Code\Nodejs\Final_NodeJS\node_modules\mongoose\lib\query.js:3164:21
        at processTicksAndRejections (node:internal/process/task_queues:84:11)

    [0m [90m 264 |[39m     })[33m;[39m
     [90m 265 |[39m   } [36mcatch[39m (err) {
    [31m[1m>[22m[39m[90m 266 |[39m     console[33m.[39merror(err)[33m;[39m
     [90m     |[39m             [31m[1m^[22m[39m
     [90m 267 |[39m     req[33m.[39mflash([32m'error'[39m[33m,[39m [32m'─É├ú xß║úy ra lß╗ùi khi tß║úi chi tiß║┐t ─æ╞ín h├áng.'[39m)[33m;[39m
     [90m 268 |[39m     res[33m.[39mredirect([32m'/user/orders'[39m)[33m;[39m
     [90m 269 |[39m   }[0m

      at Object.error [as getOrderDetail] (controllers/user.js:266:13)
      at Object.<anonymous> (tests/controllers/user.test.js:521:17)

  console.error
    MissingSchemaError: Schema hasn't been registered for model "Product".
    Use mongoose.model(name, schema)
        at NativeConnection.Connection.model (D:\Code\Nodejs\Final_NodeJS\node_modules\mongoose\lib\connection.js:1136:13)
        at _getModelFromConn (D:\Code\Nodejs\Final_NodeJS\node_modules\mongoose\lib\helpers\populate\getModelsMapForPopulate.js:585:15)
        at addModelNamesToMap (D:\Code\Nodejs\Final_NodeJS\node_modules\mongoose\lib\helpers\populate\getModelsMapForPopulate.js:512:17)
        at getModelsMapForPopulate (D:\Code\Nodejs\Final_NodeJS\node_modules\mongoose\lib\helpers\populate\getModelsMapForPopulate.js:201:7)
        at populate (D:\Code\Nodejs\Final_NodeJS\node_modules\mongoose\lib\model.js:4394:21)
        at _populate (D:\Code\Nodejs\Final_NodeJS\node_modules\mongoose\lib\model.js:4354:5)
        at D:\Code\Nodejs\Final_NodeJS\node_modules\mongoose\lib\model.js:4326:5
        at new Promise (<anonymous>)
        at model.populate (D:\Code\Nodejs\Final_NodeJS\node_modules\mongoose\lib\model.js:4325:10)
        at D:\Code\Nodejs\Final_NodeJS\node_modules\mongoose\lib\query.js:2521:11
        at D:\Code\Nodejs\Final_NodeJS\node_modules\mongoose\lib\query.js:3164:21
        at processTicksAndRejections (node:internal/process/task_queues:84:11)

    [0m [90m 355 |[39m     res[33m.[39mredirect([32m'/user/orders'[39m)[33m;[39m
     [90m 356 |[39m   } [36mcatch[39m (err) {
    [31m[1m>[22m[39m[90m 357 |[39m     console[33m.[39merror(err)[33m;[39m
     [90m     |[39m             [31m[1m^[22m[39m
     [90m 358 |[39m     req[33m.[39mflash([32m'error'[39m[33m,[39m [32m'─É├ú xß║úy ra lß╗ùi khi hß╗ºy ─æ╞ín h├áng.'[39m)[33m;[39m
     [90m 359 |[39m     res[33m.[39mredirect([32m'/user/orders'[39m)[33m;[39m
     [90m 360 |[39m   }[0m

      at Object.error [as cancelOrder] (controllers/user.js:357:13)
      at Object.<anonymous> (tests/controllers/user.test.js:555:17)

  console.error
    MissingSchemaError: Schema hasn't been registered for model "Product".
    Use mongoose.model(name, schema)
        at NativeConnection.Connection.model (D:\Code\Nodejs\Final_NodeJS\node_modules\mongoose\lib\connection.js:1136:13)
        at _getModelFromConn (D:\Code\Nodejs\Final_NodeJS\node_modules\mongoose\lib\helpers\populate\getModelsMapForPopulate.js:585:15)
        at addModelNamesToMap (D:\Code\Nodejs\Final_NodeJS\node_modules\mongoose\lib\helpers\populate\getModelsMapForPopulate.js:512:17)
        at getModelsMapForPopulate (D:\Code\Nodejs\Final_NodeJS\node_modules\mongoose\lib\helpers\populate\getModelsMapForPopulate.js:201:7)
        at populate (D:\Code\Nodejs\Final_NodeJS\node_modules\mongoose\lib\model.js:4394:21)
        at _populate (D:\Code\Nodejs\Final_NodeJS\node_modules\mongoose\lib\model.js:4354:5)
        at D:\Code\Nodejs\Final_NodeJS\node_modules\mongoose\lib\model.js:4326:5
        at new Promise (<anonymous>)
        at model.populate (D:\Code\Nodejs\Final_NodeJS\node_modules\mongoose\lib\model.js:4325:10)
        at D:\Code\Nodejs\Final_NodeJS\node_modules\mongoose\lib\query.js:2521:11
        at D:\Code\Nodejs\Final_NodeJS\node_modules\mongoose\lib\query.js:3164:21
        at processTicksAndRejections (node:internal/process/task_queues:84:11)

    [0m [90m 355 |[39m     res[33m.[39mredirect([32m'/user/orders'[39m)[33m;[39m
     [90m 356 |[39m   } [36mcatch[39m (err) {
    [31m[1m>[22m[39m[90m 357 |[39m     console[33m.[39merror(err)[33m;[39m
     [90m     |[39m             [31m[1m^[22m[39m
     [90m 358 |[39m     req[33m.[39mflash([32m'error'[39m[33m,[39m [32m'─É├ú xß║úy ra lß╗ùi khi hß╗ºy ─æ╞ín h├áng.'[39m)[33m;[39m
     [90m 359 |[39m     res[33m.[39mredirect([32m'/user/orders'[39m)[33m;[39m
     [90m 360 |[39m   }[0m

      at Object.error [as cancelOrder] (controllers/user.js:357:13)
      at Object.<anonymous> (tests/controllers/user.test.js:576:17)

  console.error
    MissingSchemaError: Schema hasn't been registered for model "Product".
    Use mongoose.model(name, schema)
        at NativeConnection.Connection.model (D:\Code\Nodejs\Final_NodeJS\node_modules\mongoose\lib\connection.js:1136:13)
        at _getModelFromConn (D:\Code\Nodejs\Final_NodeJS\node_modules\mongoose\lib\helpers\populate\getModelsMapForPopulate.js:585:15)
        at addModelNamesToMap (D:\Code\Nodejs\Final_NodeJS\node_modules\mongoose\lib\helpers\populate\getModelsMapForPopulate.js:512:17)
        at getModelsMapForPopulate (D:\Code\Nodejs\Final_NodeJS\node_modules\mongoose\lib\helpers\populate\getModelsMapForPopulate.js:201:7)
        at populate (D:\Code\Nodejs\Final_NodeJS\node_modules\mongoose\lib\model.js:4394:21)
        at _populate (D:\Code\Nodejs\Final_NodeJS\node_modules\mongoose\lib\model.js:4354:5)
        at D:\Code\Nodejs\Final_NodeJS\node_modules\mongoose\lib\model.js:4326:5
        at new Promise (<anonymous>)
        at model.populate (D:\Code\Nodejs\Final_NodeJS\node_modules\mongoose\lib\model.js:4325:10)
        at D:\Code\Nodejs\Final_NodeJS\node_modules\mongoose\lib\query.js:2521:11
        at D:\Code\Nodejs\Final_NodeJS\node_modules\mongoose\lib\query.js:3164:21
        at processTicksAndRejections (node:internal/process/task_queues:84:11)

    [0m [90m 355 |[39m     res[33m.[39mredirect([32m'/user/orders'[39m)[33m;[39m
     [90m 356 |[39m   } [36mcatch[39m (err) {
    [31m[1m>[22m[39m[90m 357 |[39m     console[33m.[39merror(err)[33m;[39m
     [90m     |[39m             [31m[1m^[22m[39m
     [90m 358 |[39m     req[33m.[39mflash([32m'error'[39m[33m,[39m [32m'─É├ú xß║úy ra lß╗ùi khi hß╗ºy ─æ╞ín h├áng.'[39m)[33m;[39m
     [90m 359 |[39m     res[33m.[39mredirect([32m'/user/orders'[39m)[33m;[39m
     [90m 360 |[39m   }[0m

      at Object.error [as cancelOrder] (controllers/user.js:357:13)
      at Object.<anonymous> (tests/controllers/user.test.js:593:17)

  console.error
    MissingSchemaError: Schema hasn't been registered for model "Product".
    Use mongoose.model(name, schema)
        at NativeConnection.Connection.model (D:\Code\Nodejs\Final_NodeJS\node_modules\mongoose\lib\connection.js:1136:13)
        at _getModelFromConn (D:\Code\Nodejs\Final_NodeJS\node_modules\mongoose\lib\helpers\populate\getModelsMapForPopulate.js:585:15)
        at addModelNamesToMap (D:\Code\Nodejs\Final_NodeJS\node_modules\mongoose\lib\helpers\populate\getModelsMapForPopulate.js:512:17)
        at getModelsMapForPopulate (D:\Code\Nodejs\Final_NodeJS\node_modules\mongoose\lib\helpers\populate\getModelsMapForPopulate.js:201:7)
        at populate (D:\Code\Nodejs\Final_NodeJS\node_modules\mongoose\lib\model.js:4394:21)
        at _populate (D:\Code\Nodejs\Final_NodeJS\node_modules\mongoose\lib\model.js:4354:5)
        at D:\Code\Nodejs\Final_NodeJS\node_modules\mongoose\lib\model.js:4326:5
        at new Promise (<anonymous>)
        at model.populate (D:\Code\Nodejs\Final_NodeJS\node_modules\mongoose\lib\model.js:4325:10)
        at D:\Code\Nodejs\Final_NodeJS\node_modules\mongoose\lib\query.js:2521:11
        at D:\Code\Nodejs\Final_NodeJS\node_modules\mongoose\lib\query.js:3164:21
        at processTicksAndRejections (node:internal/process/task_queues:84:11)

    [0m [90m 355 |[39m     res[33m.[39mredirect([32m'/user/orders'[39m)[33m;[39m
     [90m 356 |[39m   } [36mcatch[39m (err) {
    [31m[1m>[22m[39m[90m 357 |[39m     console[33m.[39merror(err)[33m;[39m
     [90m     |[39m             [31m[1m^[22m[39m
     [90m 358 |[39m     req[33m.[39mflash([32m'error'[39m[33m,[39m [32m'─É├ú xß║úy ra lß╗ùi khi hß╗ºy ─æ╞ín h├áng.'[39m)[33m;[39m
     [90m 359 |[39m     res[33m.[39mredirect([32m'/user/orders'[39m)[33m;[39m
     [90m 360 |[39m   }[0m

      at Object.error [as cancelOrder] (controllers/user.js:357:13)
      at Object.<anonymous> (tests/controllers/user.test.js:613:17)

FAIL tests/controllers/user.test.js
  User Controller
    getProfile
      Happy path
        ΓêÜ should render profile page 
for authenticated user (47 ms)
      Authentication errors (401)
        ├ù should redirect to login if 
not authenticated (15 ms)
    updateProfile
      Happy path
        ΓêÜ should update user profile 
successfully (16 ms)
      Validation errors (400)
        ├ù should reject invalid email 
format (11 ms)
        ├ù should reject duplicate email 
(13 ms)
      Authentication errors (401)
        ├ù should reject if user not 
authenticated (5 ms)
    getAddresses
      Happy path
        ΓêÜ should return user addresses 
(10 ms)
        ΓêÜ should return empty array 
when no addresses (8 ms)
    addAddress
      Happy path
        ΓêÜ should add new address 
successfully (12 ms)
        ├ù should set first address as 
default (15 ms)
      Validation errors (400)
        ├ù should reject incomplete 
address (13 ms)
      Edge cases
        ΓêÜ should handle maximum 
addresses limit (18 ms)
    updateAddress
      Happy path
        ├ù should update existing address 
successfully (13 ms)
      Not found (404)
        ├ù should reject if address not 
found (9 ms)
    deleteAddress
      Happy path
        ΓêÜ should delete address 
successfully (13 ms)
      Validation errors (400)
        ΓêÜ should reject deleting last 
address (11 ms)
    postChangePassword
      Happy path
        ├ù should change password 
successfully with correct old password 
(120 ms)
      Validation errors (400)
        ├ù should reject if current 
password is incorrect (61 ms)
        ΓêÜ should reject if new 
passwords do not match (67 ms)
        ΓêÜ should reject weak new 
password (60 ms)
      Edge cases
        ΓêÜ should reject if new password 
same as old password (61 ms)
    getUserOrders
      Happy path
        ΓêÜ should return user order 
history (17 ms)
        ΓêÜ should return empty array 
when no orders (12 ms)
      Edge cases
        ΓêÜ should handle pagination for 
many orders (102 ms)
    getOrderDetail
      Happy path
        ├ù should return order details 
for own order (16 ms)
      Authorization errors (403)
        ├ù should reject viewing other 
user order (18 ms)
      Not found (404)
        ├ù should reject if order not 
found (9 ms)
    cancelOrder
      Happy path
        ├ù should cancel pending order 
successfully (18 ms)
      Validation errors (400)
        ├ù should reject cancelling 
shipped order (14 ms)
        ├ù should reject cancelling 
delivered order (16 ms)
      Authorization errors (403)
        ├ù should reject cancelling other 
user order (18 ms)
    getLoyaltyPoints
      Happy path
        ├ù should return user loyalty 
points (9 ms)
      Edge cases
        ΓêÜ should handle user with zero 
loyalty points (9 ms)
    Server errors (500)
      ├ù should handle database errors 
gracefully (11 ms)

  ΓùÅ User Controller ΓÇ║ getProfile ΓÇ║ 
Authentication errors (401) ΓÇ║ should 
redirect to login if not authenticated

    expect(jest.fn()).toHaveBeenCalledWith
(...expected)

    Expected: "/auth/login"
    Received: "/"

    Number of calls: 1

    [0m [90m 73 |[39m                 
[36mawait[39m userController[33m.[39mg
etProfile(req[33m,[39m res)[33m;[39m
     [90m 74 |[39m
    [31m[1m>[22m[39m[90m 75 |[39m   
              expect(res[33m.[39mredirec
t)[33m.[39mtoHaveBeenCalledWith([32m'/a
uth/login'[39m)[33m;[39m
     [90m    |[39m                      
                [31m[1m^[22m[39m
     [90m 76 |[39m             
})[33m;[39m
     [90m 77 |[39m         })[33m;[39m
     [90m 78 |[39m     })[33m;[39m[0m

      at Object.toHaveBeenCalledWith 
(tests/controllers/user.test.js:75:38)

  ΓùÅ User Controller ΓÇ║ updateProfile 
ΓÇ║ Validation errors (400) ΓÇ║ should 
reject invalid email format

    expect(jest.fn()).toHaveBeenCalledWith
(...expected)

    Expected: "error", Any<String>
    Received: "success", "Th├┤ng tin t├ái 
khoß║ún ─æ├ú ─æ╞░ß╗úc cß║¡p nhß║¡t."

    Number of calls: 1

    [0m [90m 110 |[39m                 
[36mawait[39m userController[33m.[39mu
pdateProfile(req[33m,[39m 
res)[33m;[39m
     [90m 111 |[39m
    [31m[1m>[22m[39m[90m 112 |[39m  
               expect(req[33m.[39mflash)
[33m.[39mtoHaveBeenCalledWith([32m'erro
r'[39m[33m,[39m expect[33m.[39many([
33mString[39m))[33m;[39m
     [90m     |[39m                     
              [31m[1m^[22m[39m
     [90m 113 |[39m             
})[33m;[39m
     [90m 114 |[39m
     [90m 115 |[39m             
it([32m'should reject duplicate 
email'[39m[33m,[39m [36masync[39m () 
[33m=>[39m {[0m

      at Object.toHaveBeenCalledWith 
(tests/controllers/user.test.js:112:35)

  ΓùÅ User Controller ΓÇ║ updateProfile 
ΓÇ║ Validation errors (400) ΓÇ║ should 
reject duplicate email

    expect(jest.fn()).toHaveBeenCalledWith
(...expected)

    Expected: "error", StringContaining 
"─æ├ú tß╗ôn tß║íi"
    Received: "success", "Th├┤ng tin t├ái 
khoß║ún ─æ├ú ─æ╞░ß╗úc cß║¡p nhß║¡t."

    Number of calls: 1

    [0m [90m 126 |[39m                 
[36mawait[39m userController[33m.[39mu
pdateProfile(req[33m,[39m 
res)[33m;[39m
     [90m 127 |[39m
    [31m[1m>[22m[39m[90m 128 |[39m  
               expect(req[33m.[39mflash)
[33m.[39mtoHaveBeenCalledWith([32m'erro
r'[39m[33m,[39m expect[33m.[39mstring
Containing([32m'─æ├ú tß╗ôn 
tß║íi'[39m))[33m;[39m
     [90m     |[39m                     
              [31m[1m^[22m[39m
     [90m 129 |[39m             
})[33m;[39m
     [90m 130 |[39m         
})[33m;[39m
     [90m 131 |[39m[0m

      at Object.toHaveBeenCalledWith 
(tests/controllers/user.test.js:128:35)

  ΓùÅ User Controller ΓÇ║ updateProfile 
ΓÇ║ Authentication errors (401) ΓÇ║ 
should reject if user not authenticated

    expect(jest.fn()).toHaveBeenCalledWith
(...expected)

    Expected: "/auth/login"
    Received: "/user/profile"

    Number of calls: 1

    [0m [90m 137 |[39m                 
[36mawait[39m userController[33m.[39mu
pdateProfile(req[33m,[39m 
res)[33m;[39m
     [90m 138 |[39m
    [31m[1m>[22m[39m[90m 139 |[39m  
               expect(res[33m.[39mredire
ct)[33m.[39mtoHaveBeenCalledWith([32m'/
auth/login'[39m)[33m;[39m
     [90m     |[39m                     
                 [31m[1m^[22m[39m
     [90m 140 |[39m             
})[33m;[39m
     [90m 141 |[39m         
})[33m;[39m
     [90m 142 |[39m     
})[33m;[39m[0m

      at Object.toHaveBeenCalledWith 
(tests/controllers/user.test.js:139:38)

  ΓùÅ User Controller ΓÇ║ addAddress ΓÇ║ 
Happy path ΓÇ║ should set first address 
as default

    expect(received).toBe(expected) // 
Object.is equality

    Expected: true
    Received: undefined

    [0m [90m 202 |[39m
     [90m 203 |[39m                 
[36mconst[39m updatedUser [33m=[39m 
[36mawait[39m [33mUser[39m[33m.[39mf
indById(user[33m.[39m_id)[33m;[39m
    [31m[1m>[22m[39m[90m 204 |[39m  
               expect(updatedUser[33m.[3
9maddresses[[35m0[39m][33m.[39misDefau
lt)[33m.[39mtoBe([36mtrue[39m)[33m;[
39m
     [90m     |[39m                     
                                       
[31m[1m^[22m[39m
     [90m 205 |[39m             
})[33m;[39m
     [90m 206 |[39m         
})[33m;[39m
     [90m 207 |[39m[0m

      at Object.toBe 
(tests/controllers/user.test.js:204:60)

  ΓùÅ User Controller ΓÇ║ addAddress ΓÇ║ 
Validation errors (400) ΓÇ║ should reject 
incomplete address

    expect(jest.fn()).toHaveBeenCalledWith
(...expected)

    Expected: "error", Any<String>
    Received: "success", "─Éß╗ïa chß╗ë 
─æ├ú ─æ╞░ß╗úc th├¬m th├ánh c├┤ng."

    Number of calls: 1

    [0m [90m 218 |[39m                 
[36mawait[39m userController[33m.[39ma
ddAddress(req[33m,[39m res)[33m;[39m
     [90m 219 |[39m
    [31m[1m>[22m[39m[90m 220 |[39m  
               expect(req[33m.[39mflash)
[33m.[39mtoHaveBeenCalledWith([32m'erro
r'[39m[33m,[39m expect[33m.[39many([
33mString[39m))[33m;[39m
     [90m     |[39m                     
              [31m[1m^[22m[39m
     [90m 221 |[39m             
})[33m;[39m
     [90m 222 |[39m         
})[33m;[39m
     [90m 223 |[39m[0m

      at Object.toHaveBeenCalledWith 
(tests/controllers/user.test.js:220:35)

  ΓùÅ User Controller ΓÇ║ updateAddress 
ΓÇ║ Happy path ΓÇ║ should update existing 
address successfully

    expect(received).toBe(expected) // 
Object.is equality

    Expected: "456 Updated St"
    Received: "123 Test St"

    [0m [90m 258 |[39m
     [90m 259 |[39m                 
[36mconst[39m updatedUser [33m=[39m 
[36mawait[39m [33mUser[39m[33m.[39mf
indById(user[33m.[39m_id)[33m;[39m
    [31m[1m>[22m[39m[90m 260 |[39m  
               expect(updatedUser[33m.[3
9maddresses[[35m0[39m][33m.[39mstreet)
[33m.[39mtoBe([32m'456 Updated 
St'[39m)[33m;[39m
     [90m     |[39m                     
                                    
[31m[1m^[22m[39m
     [90m 261 |[39m             
})[33m;[39m
     [90m 262 |[39m         
})[33m;[39m
     [90m 263 |[39m[0m

      at Object.toBe 
(tests/controllers/user.test.js:260:57)

  ΓùÅ User Controller ΓÇ║ updateAddress 
ΓÇ║ Not found (404) ΓÇ║ should reject if 
address not found

    expect(jest.fn()).toHaveBeenCalledWith
(...expected)

    Expected: "error", StringContaining 
"kh├┤ng t├¼m thß║Ñy"
    Received: "success", "─Éß╗ïa chß╗ë 
─æ├ú ─æ╞░ß╗úc cß║¡p nhß║¡t."

    Number of calls: 1

    [0m [90m 272 |[39m                 
[36mawait[39m userController[33m.[39mu
pdateAddress(req[33m,[39m 
res)[33m;[39m
     [90m 273 |[39m
    [31m[1m>[22m[39m[90m 274 |[39m  
               expect(req[33m.[39mflash)
[33m.[39mtoHaveBeenCalledWith([32m'erro
r'[39m[33m,[39m expect[33m.[39mstring
Containing([32m'kh├┤ng t├¼m 
thß║Ñy'[39m))[33m;[39m
     [90m     |[39m                     
              [31m[1m^[22m[39m
     [90m 275 |[39m             
})[33m;[39m
     [90m 276 |[39m         
})[33m;[39m
     [90m 277 |[39m     
})[33m;[39m[0m

      at Object.toHaveBeenCalledWith 
(tests/controllers/user.test.js:274:35)

  ΓùÅ User Controller ΓÇ║ 
postChangePassword ΓÇ║ Happy path ΓÇ║ 
should change password successfully with 
correct old password

    expect(received).toBe(expected) // 
Object.is equality

    Expected: true
    Received: false

    [0m [90m 333 |[39m                 
[36mconst[39m updatedUser [33m=[39m 
[36mawait[39m [33mUser[39m[33m.[39mf
indById(user[33m.[39m_id)[33m;[39m
     [90m 334 |[39m                 
[36mconst[39m isMatch [33m=[39m 
[36mawait[39m bcrypt[33m.[39mcompare(
[32m'newPassword123'[39m[33m,[39m 
updatedUser[33m.[39mpassword)[33m;[39m
    [31m[1m>[22m[39m[90m 335 |[39m  
               expect(isMatch)[33m.[39mt
oBe([36mtrue[39m)[33m;[39m
     [90m     |[39m                     
            [31m[1m^[22m[39m
     [90m 336 |[39m                 expe
ct(req[33m.[39mflash)[33m.[39mtoHaveBe
enCalledWith([32m'success'[39m[33m,[39
m expect[33m.[39many([33mString[39m))
[33m;[39m
     [90m 337 |[39m             
})[33m;[39m
     [90m 338 |[39m         
})[33m;[39m[0m

      at Object.toBe 
(tests/controllers/user.test.js:335:33)

  ΓùÅ User Controller ΓÇ║ 
postChangePassword ΓÇ║ Validation errors 
(400) ΓÇ║ should reject if current 
password is incorrect

    expect(jest.fn()).toHaveBeenCalledWith
(...expected)

    Expected: "error", StringContaining 
"kh├┤ng ─æ├║ng"
    Received: "error", "Mß║¡t khß║⌐u 
mß╗¢i kh├┤ng khß╗¢p."

    Number of calls: 1

    [0m [90m 355 |[39m                 
[36mawait[39m userController[33m.[39mp
ostChangePassword(req[33m,[39m 
res)[33m;[39m
     [90m 356 |[39m
    [31m[1m>[22m[39m[90m 357 |[39m  
               expect(req[33m.[39mflash)
[33m.[39mtoHaveBeenCalledWith([32m'erro
r'[39m[33m,[39m expect[33m.[39mstring
Containing([32m'kh├┤ng 
─æ├║ng'[39m))[33m;[39m
     [90m     |[39m                     
              [31m[1m^[22m[39m
     [90m 358 |[39m             
})[33m;[39m
     [90m 359 |[39m
     [90m 360 |[39m             
it([32m'should reject if new passwords 
do not match'[39m[33m,[39m 
[36masync[39m () [33m=>[39m {[0m

      at Object.toHaveBeenCalledWith 
(tests/controllers/user.test.js:357:35)

  ΓùÅ User Controller ΓÇ║ getOrderDetail 
ΓÇ║ Happy path ΓÇ║ should return order 
details for own order

    expect(jest.fn()).toHaveBeenCalledWith
(...expected)

    Expected: "user/order-detail", 
ObjectContaining {"order": Any<Object>}

    Number of calls: 0

    [0m [90m 497 |[39m                 
[36mawait[39m userController[33m.[39mg
etOrderDetail(req[33m,[39m 
res)[33m;[39m
     [90m 498 |[39m
    [31m[1m>[22m[39m[90m 499 |[39m  
               expect(res[33m.[39mrender
)[33m.[39mtoHaveBeenCalledWith(
     [90m     |[39m                     
               [31m[1m^[22m[39m
     [90m 500 |[39m                     
[32m'user/order-detail'[39m[33m,[39m
     [90m 501 |[39m                     
expect[33m.[39mobjectContaining({
     [90m 502 |[39m                     
    order[33m:[39m 
expect[33m.[39many([33mObject[39m)[0m

      at Object.toHaveBeenCalledWith 
(tests/controllers/user.test.js:499:36)

  ΓùÅ User Controller ΓÇ║ getOrderDetail 
ΓÇ║ Authorization errors (403) ΓÇ║ should 
reject viewing other user order

    expect(jest.fn()).toHaveBeenCalledWith
(...expected)

    Expected: "error", StringContaining 
"kh├┤ng c├│ quyß╗ün"
    Received: "error", "─É├ú xß║úy ra 
lß╗ùi khi tß║úi chi tiß║┐t ─æ╞ín h├áng."

    Number of calls: 1

    [0m [90m 521 |[39m                 
[36mawait[39m userController[33m.[39mg
etOrderDetail(req[33m,[39m 
res)[33m;[39m
     [90m 522 |[39m
    [31m[1m>[22m[39m[90m 523 |[39m  
               expect(req[33m.[39mflash)
[33m.[39mtoHaveBeenCalledWith([32m'erro
r'[39m[33m,[39m expect[33m.[39mstring
Containing([32m'kh├┤ng c├│ 
quyß╗ün'[39m))[33m;[39m
     [90m     |[39m                     
              [31m[1m^[22m[39m
     [90m 524 |[39m             
})[33m;[39m
     [90m 525 |[39m         
})[33m;[39m
     [90m 526 |[39m[0m

      at Object.toHaveBeenCalledWith 
(tests/controllers/user.test.js:523:35)

  ΓùÅ User Controller ΓÇ║ getOrderDetail 
ΓÇ║ Not found (404) ΓÇ║ should reject if 
order not found

    expect(jest.fn()).toHaveBeenCalledWith
(...expected)

    Expected: "error", StringContaining 
"kh├┤ng t├¼m thß║Ñy"
    Received: "error", "Kh├┤ng t├¼m 
thß║Ñy ─æ╞ín h├áng."

    Number of calls: 1

    [0m [90m 534 |[39m                 
[36mawait[39m userController[33m.[39mg
etOrderDetail(req[33m,[39m 
res)[33m;[39m
     [90m 535 |[39m
    [31m[1m>[22m[39m[90m 536 |[39m  
               expect(req[33m.[39mflash)
[33m.[39mtoHaveBeenCalledWith([32m'erro
r'[39m[33m,[39m expect[33m.[39mstring
Containing([32m'kh├┤ng t├¼m 
thß║Ñy'[39m))[33m;[39m
     [90m     |[39m                     
              [31m[1m^[22m[39m
     [90m 537 |[39m             
})[33m;[39m
     [90m 538 |[39m         
})[33m;[39m
     [90m 539 |[39m     
})[33m;[39m[0m

      at Object.toHaveBeenCalledWith 
(tests/controllers/user.test.js:536:35)

  ΓùÅ User Controller ΓÇ║ cancelOrder ΓÇ║ 
Happy path ΓÇ║ should cancel pending 
order successfully

    expect(received).toBe(expected) // 
Object.is equality

    Expected: "cancelled"
    Received: "pending"

    [0m [90m 556 |[39m
     [90m 557 |[39m                 
[36mconst[39m updatedOrder [33m=[39m 
[36mawait[39m [33mOrder[39m[33m.[39m
findById(order[33m.[39m_id)[33m;[39m
    [31m[1m>[22m[39m[90m 558 |[39m  
               expect(updatedOrder[33m.[
39mstatus)[33m.[39mtoBe([32m'cancelled'
[39m)[33m;[39m
     [90m     |[39m                     
                        
[31m[1m^[22m[39m
     [90m 559 |[39m                 expe
ct(req[33m.[39mflash)[33m.[39mtoHaveBe
enCalledWith([32m'success'[39m[33m,[39
m expect[33m.[39many([33mString[39m))
[33m;[39m
     [90m 560 |[39m             
})[33m;[39m
     [90m 561 |[39m         
})[33m;[39m[0m

      at Object.toBe 
(tests/controllers/user.test.js:558:45)

  ΓùÅ User Controller ΓÇ║ cancelOrder ΓÇ║ 
Validation errors (400) ΓÇ║ should reject 
cancelling shipped order

    expect(jest.fn()).toHaveBeenCalledWith
(...expected)

    Expected: "error", StringContaining 
"kh├┤ng thß╗â hß╗ºy"
    Received: "error", "─É├ú xß║úy ra 
lß╗ùi khi hß╗ºy ─æ╞ín h├áng."

    Number of calls: 1

    [0m [90m 576 |[39m                 
[36mawait[39m userController[33m.[39mc
ancelOrder(req[33m,[39m res)[33m;[39m
     [90m 577 |[39m
    [31m[1m>[22m[39m[90m 578 |[39m  
               expect(req[33m.[39mflash)
[33m.[39mtoHaveBeenCalledWith([32m'erro
r'[39m[33m,[39m expect[33m.[39mstring
Containing([32m'kh├┤ng thß╗â 
hß╗ºy'[39m))[33m;[39m
     [90m     |[39m                     
              [31m[1m^[22m[39m
     [90m 579 |[39m             
})[33m;[39m
     [90m 580 |[39m
     [90m 581 |[39m             
it([32m'should reject cancelling 
delivered order'[39m[33m,[39m 
[36masync[39m () [33m=>[39m {[0m

      at Object.toHaveBeenCalledWith 
(tests/controllers/user.test.js:578:35)

  ΓùÅ User Controller ΓÇ║ cancelOrder ΓÇ║ 
Validation errors (400) ΓÇ║ should reject 
cancelling delivered order

    expect(jest.fn()).toHaveBeenCalledWith
(...expected)

    Expected: "error", StringContaining 
"kh├┤ng thß╗â hß╗ºy"
    Received: "error", "─É├ú xß║úy ra 
lß╗ùi khi hß╗ºy ─æ╞ín h├áng."

    Number of calls: 1

    [0m [90m 593 |[39m                 
[36mawait[39m userController[33m.[39mc
ancelOrder(req[33m,[39m res)[33m;[39m
     [90m 594 |[39m
    [31m[1m>[22m[39m[90m 595 |[39m  
               expect(req[33m.[39mflash)
[33m.[39mtoHaveBeenCalledWith([32m'erro
r'[39m[33m,[39m expect[33m.[39mstring
Containing([32m'kh├┤ng thß╗â 
hß╗ºy'[39m))[33m;[39m
     [90m     |[39m                     
              [31m[1m^[22m[39m
     [90m 596 |[39m             
})[33m;[39m
     [90m 597 |[39m         
})[33m;[39m
     [90m 598 |[39m[0m

      at Object.toHaveBeenCalledWith 
(tests/controllers/user.test.js:595:35)

  ΓùÅ User Controller ΓÇ║ cancelOrder ΓÇ║ 
Authorization errors (403) ΓÇ║ should 
reject cancelling other user order

    expect(jest.fn()).toHaveBeenCalledWith
(...expected)

    Expected: "error", StringContaining 
"kh├┤ng c├│ quyß╗ün"
    Received: "error", "─É├ú xß║úy ra 
lß╗ùi khi hß╗ºy ─æ╞ín h├áng."

    Number of calls: 1

    [0m [90m 613 |[39m                 
[36mawait[39m userController[33m.[39mc
ancelOrder(req[33m,[39m res)[33m;[39m
     [90m 614 |[39m
    [31m[1m>[22m[39m[90m 615 |[39m  
               expect(req[33m.[39mflash)
[33m.[39mtoHaveBeenCalledWith([32m'erro
r'[39m[33m,[39m expect[33m.[39mstring
Containing([32m'kh├┤ng c├│ 
quyß╗ün'[39m))[33m;[39m
     [90m     |[39m                     
              [31m[1m^[22m[39m
     [90m 616 |[39m             
})[33m;[39m
     [90m 617 |[39m         
})[33m;[39m
     [90m 618 |[39m     
})[33m;[39m[0m

      at Object.toHaveBeenCalledWith 
(tests/controllers/user.test.js:615:35)

  ΓùÅ User Controller ΓÇ║ 
getLoyaltyPoints ΓÇ║ Happy path ΓÇ║ 
should return user loyalty points

    expect(jest.fn()).toHaveBeenCalledWith
(...expected)

    Expected: "user/loyalty", 
ObjectContaining {"loyaltyPoints": 150}
    Received: "user/loyalty-points", 
{"currentPoints": 150, "pointsHistory": 
[], "title": "─Éiß╗âm t├¡ch l┼⌐y"}

    Number of calls: 1

    [0m [90m 630 |[39m                 
[36mawait[39m userController[33m.[39mg
etLoyaltyPoints(req[33m,[39m 
res)[33m;[39m
     [90m 631 |[39m
    [31m[1m>[22m[39m[90m 632 |[39m  
               expect(res[33m.[39mrender
)[33m.[39mtoHaveBeenCalledWith(
     [90m     |[39m                     
               [31m[1m^[22m[39m
     [90m 633 |[39m                     
[32m'user/loyalty'[39m[33m,[39m
     [90m 634 |[39m                     
expect[33m.[39mobjectContaining({
     [90m 635 |[39m                     
    loyaltyPoints[33m:[39m 
[35m150[39m[0m

      at Object.toHaveBeenCalledWith 
(tests/controllers/user.test.js:632:36)

  ΓùÅ User Controller ΓÇ║ Server errors 
(500) ΓÇ║ should handle database errors 
gracefully

    expect(jest.fn()).toHaveBeenCalled()

    Expected number of calls: >= 1
    Received number of calls:    0

    [0m [90m 665 |[39m             
[36mawait[39m userController[33m.[39mg
etProfile(req[33m,[39m res)[33m;[39m
     [90m 666 |[39m
    [31m[1m>[22m[39m[90m 667 |[39m  
           expect(res[33m.[39mredirect)
[33m.[39mtoHaveBeenCalled()[33m;[39m
     [90m     |[39m                     
             [31m[1m^[22m[39m
     [90m 668 |[39m         
})[33m;[39m
     [90m 669 |[39m     })[33m;[39m
     [90m 670 |[39m })[33m;[39m[0m

      at Object.toHaveBeenCalled 
(tests/controllers/user.test.js:667:34)

  console.error
    Error getting product questions: Error: DB Error
        at Object.<anonymous> (D:\Code\Nodejs\Final_NodeJS\tests\controllers\productQuestion.test.js:110:83)
        at Promise.finally.completed (D:\Code\Nodejs\Final_NodeJS\node_modules\jest-circus\build\jestAdapterInit.js:1557:28)
        at new Promise (<anonymous>)
        at callAsyncCircusFn (D:\Code\Nodejs\Final_NodeJS\node_modules\jest-circus\build\jestAdapterInit.js:1497:10)
        at _callCircusTest (D:\Code\Nodejs\Final_NodeJS\node_modules\jest-circus\build\jestAdapterInit.js:1007:40)
        at processTicksAndRejections (node:internal/process/task_queues:103:5)
        at _runTest (D:\Code\Nodejs\Final_NodeJS\node_modules\jest-circus\build\jestAdapterInit.js:947:3)
        at D:\Code\Nodejs\Final_NodeJS\node_modules\jest-circus\build\jestAdapterInit.js:849:7
        at _runTestsForDescribeBlock (D:\Code\Nodejs\Final_NodeJS\node_modules\jest-circus\build\jestAdapterInit.js:862:11)
        at _runTestsForDescribeBlock (D:\Code\Nodejs\Final_NodeJS\node_modules\jest-circus\build\jestAdapterInit.js:857:11)
        at _runTestsForDescribeBlock (D:\Code\Nodejs\Final_NodeJS\node_modules\jest-circus\build\jestAdapterInit.js:857:11)
        at _runTestsForDescribeBlock (D:\Code\Nodejs\Final_NodeJS\node_modules\jest-circus\build\jestAdapterInit.js:857:11)
        at run (D:\Code\Nodejs\Final_NodeJS\node_modules\jest-circus\build\jestAdapterInit.js:761:3)
        at runAndTransformResultsToJestFormat (D:\Code\Nodejs\Final_NodeJS\node_modules\jest-circus\build\jestAdapterInit.js:1918:21)
        at jestAdapter (D:\Code\Nodejs\Final_NodeJS\node_modules\jest-circus\build\runner.js:101:19)
        at runTestInternal (D:\Code\Nodejs\Final_NodeJS\node_modules\jest-runner\build\index.js:275:16)
        at runTest (D:\Code\Nodejs\Final_NodeJS\node_modules\jest-runner\build\index.js:343:7)

    [0m [90m 22 |[39m     [36mreturn[39m res[33m.[39mjson(result)[33m;[39m
     [90m 23 |[39m   } [36mcatch[39m (error) {
    [31m[1m>[22m[39m[90m 24 |[39m     console[33m.[39merror([32m'Error getting product questions:'[39m[33m,[39m error)[33m;[39m
     [90m    |[39m             [31m[1m^[22m[39m
     [90m 25 |[39m     [36mreturn[39m res[33m.[39mstatus([35m500[39m)[33m.[39mjson({
     [90m 26 |[39m       success[33m:[39m [36mfalse[39m[33m,[39m
     [90m 27 |[39m       message[33m:[39m [32m'C├│ lß╗ùi xß║úy ra'[39m[0m

      at Object.error [as getProductQuestions] (controllers/productQuestion.js:24:13)
      at Object.<anonymous> (tests/controllers/productQuestion.test.js:114:17)

  console.error
    Error asking question: TypeError: Cannot read properties of null (reading '_id')
        at Object._id [as askQuestion] (D:\Code\Nodejs\Final_NodeJS\controllers\productQuestion.js:59:22)
        at processTicksAndRejections (node:internal/process/task_queues:103:5)
        at Object.<anonymous> (D:\Code\Nodejs\Final_NodeJS\tests\controllers\productQuestion.test.js:240:17)

    [0m [90m 73 |[39m     })[33m;[39m
     [90m 74 |[39m   } [36mcatch[39m (error) {
    [31m[1m>[22m[39m[90m 75 |[39m     console[33m.[39merror([32m'Error asking question:'[39m[33m,[39m error)[33m;[39m
     [90m    |[39m             [31m[1m^[22m[39m
     [90m 76 |[39m     [36mreturn[39m res[33m.[39mstatus([35m500[39m)[33m.[39mjson({
     [90m 77 |[39m       success[33m:[39m [36mfalse[39m[33m,[39m
     [90m 78 |[39m       message[33m:[39m [32m'C├│ lß╗ùi xß║úy ra'[39m[0m

      at Object.error [as askQuestion] (controllers/productQuestion.js:75:13)
      at Object.<anonymous> (tests/controllers/productQuestion.test.js:240:17)

FAIL 
tests/controllers/productQuestion.test.js
  ProductQuestion Controller
    getProductQuestions
      Happy path
        ΓêÜ should return questions for a 
product (83 ms)
        ΓêÜ should return empty array 
when no questions (18 ms)
      Edge cases
        ΓêÜ should handle pagination 
correctly (67 ms)
      Server errors (500)
        ΓêÜ should handle database errors 
gracefully (12 ms)
    askQuestion
      Happy path
        ΓêÜ should create new question 
successfully (43 ms)
        ΓêÜ should create question 
without tags (46 ms)
      Validation errors (400)
        ΓêÜ should reject question 
shorter than 10 characters (37 ms)
        ΓêÜ should reject empty question 
(27 ms)
      Not found (404)
        ├ù should reject question for 
non-existent product (24 ms)
      Authentication errors (401)
        ├ù should reject question from 
unauthenticated user (29 ms)
    answerQuestion
      Happy path
        ΓêÜ should add answer from admin 
successfully (70 ms)
        ΓêÜ should add answer from 
regular user (73 ms)
      Validation errors (400)
        ΓêÜ should reject answer shorter 
than 5 characters (30 ms)
        ΓêÜ should reject empty answer 
(34 ms)
      Not found (404)
        ΓêÜ should reject answer for 
non-existent question (21 ms)
    markHelpful
      Happy path
        ΓêÜ should mark answer as helpful 
successfully (55 ms)
      Not found (404)
        ΓêÜ should reject marking 
non-existent question (22 ms)
      Edge cases
        ΓêÜ should handle marking same 
answer multiple times (71 ms)
    closeQuestion
      Happy path
        ΓêÜ should close question 
successfully by admin (47 ms)
      Authorization errors (403)
        ΓêÜ should reject closing 
question by non-admin (30 ms)
      Not found (404)
        ΓêÜ should reject closing 
non-existent question (16 ms)
    deleteQuestion
      Happy path
        ΓêÜ should delete own question 
successfully (27 ms)
        ΓêÜ should allow admin to delete 
any question (32 ms)
      Authorization errors (403)
        ΓêÜ should reject deleting other 
user question (23 ms)
      Not found (404)
        ΓêÜ should reject deleting 
non-existent question (12 ms)
    getPendingQuestions
      Happy path
        ΓêÜ should return pending 
questions for admin (29 ms)
      Authorization errors (403)
        ├ù should reject access by 
non-admin (15 ms)
    getAnswerForm
      Happy path
        ΓêÜ should render answer form for 
admin (29 ms)
      Not found (404)
        ├ù should redirect if question 
not found (11 ms)
    Server errors (500)
      ├ù should handle database errors 
gracefully (23 ms)

  ΓùÅ ProductQuestion Controller ΓÇ║ 
askQuestion ΓÇ║ Not found (404) ΓÇ║ 
should reject question for non-existent 
product

    expect(jest.fn()).toHaveBeenCalledWith
(...expected)

    Expected: ObjectContaining 
{"message": StringContaining "kh├┤ng t├¼m 
thß║Ñy", "success": false}
    Received: {"message": "Kh├┤ng t├¼m 
thß║Ñy sß║ún phß║⌐m", "success": false}

    Number of calls: 1

    [0m [90m 219 |[39m
     [90m 220 |[39m                 expe
ct(res[33m.[39mstatus)[33m.[39mtoHaveB
eenCalledWith([35m404[39m)[33m;[39m
    [31m[1m>[22m[39m[90m 221 |[39m  
               expect(res[33m.[39mjson)
[33m.[39mtoHaveBeenCalledWith(
     [90m     |[39m                     
             [31m[1m^[22m[39m
     [90m 222 |[39m                     
expect[33m.[39mobjectContaining({
     [90m 223 |[39m                     
    success[33m:[39m 
[36mfalse[39m[33m,[39m
     [90m 224 |[39m                     
    message[33m:[39m expect[33m.[39mst
ringContaining([32m'kh├┤ng t├¼m 
thß║Ñy'[39m)[0m

      at Object.toHaveBeenCalledWith (test
s/controllers/productQuestion.test.js:221:
34)

  ΓùÅ ProductQuestion Controller ΓÇ║ 
askQuestion ΓÇ║ Authentication errors 
(401) ΓÇ║ should reject question from 
unauthenticated user

    expect(jest.fn()).toHaveBeenCalledWith
(...expected)

    Expected: "/auth/login"

    Number of calls: 0

    [0m [90m 240 |[39m                 
[36mawait[39m productQuestionController
[33m.[39maskQuestion(req[33m,[39m 
res)[33m;[39m
     [90m 241 |[39m
    [31m[1m>[22m[39m[90m 242 |[39m  
               expect(res[33m.[39mredire
ct)[33m.[39mtoHaveBeenCalledWith([32m'/
auth/login'[39m)[33m;[39m
     [90m     |[39m                     
                 [31m[1m^[22m[39m
     [90m 243 |[39m             
})[33m;[39m
     [90m 244 |[39m         
})[33m;[39m
     [90m 245 |[39m     
})[33m;[39m[0m

      at Object.toHaveBeenCalledWith (test
s/controllers/productQuestion.test.js:242:
38)

  ΓùÅ ProductQuestion Controller ΓÇ║ 
getPendingQuestions ΓÇ║ Authorization 
errors (403) ΓÇ║ should reject access by 
non-admin

    expect(jest.fn()).toHaveBeenCalled()

    Expected number of calls: >= 1
    Received number of calls:    0

    [0m [90m 645 |[39m
     [90m 646 |[39m                 
[90m// Should redirect or reject[39m
    [31m[1m>[22m[39m[90m 647 |[39m  
               
expect(res[33m.[39mredirect 
[33m||[39m res[33m.[39mstatus)[33m.[
39mtoHaveBeenCalled()[33m;[39m
     [90m     |[39m                     
                               
[31m[1m^[22m[39m
     [90m 648 |[39m             
})[33m;[39m
     [90m 649 |[39m         
})[33m;[39m
     [90m 650 |[39m     
})[33m;[39m[0m

      at Object.toHaveBeenCalled (tests/co
ntrollers/productQuestion.test.js:647:52)

  ΓùÅ ProductQuestion Controller ΓÇ║ 
getAnswerForm ΓÇ║ Not found (404) ΓÇ║ 
should redirect if question not found

    expect(jest.fn()).toHaveBeenCalledWith
(...expected)

    Expected: "error", StringContaining 
"kh├┤ng t├¼m thß║Ñy"
    Received: "error", "Kh├┤ng t├¼m 
thß║Ñy c├óu hß╗Åi"

    Number of calls: 1

    [0m [90m 687 |[39m                 
[36mawait[39m productQuestionController
[33m.[39mgetAnswerForm(req[33m,[39m 
res)[33m;[39m
     [90m 688 |[39m
    [31m[1m>[22m[39m[90m 689 |[39m  
               expect(req[33m.[39mflash)
[33m.[39mtoHaveBeenCalledWith([32m'erro
r'[39m[33m,[39m expect[33m.[39mstring
Containing([32m'kh├┤ng t├¼m 
thß║Ñy'[39m))[33m;[39m
     [90m     |[39m                     
              [31m[1m^[22m[39m
     [90m 690 |[39m                 expe
ct(res[33m.[39mredirect)[33m.[39mtoHav
eBeenCalledWith([32m'/admin/questions'[3
9m)[33m;[39m
     [90m 691 |[39m             
})[33m;[39m
     [90m 692 |[39m         
})[33m;[39m[0m

      at Object.toHaveBeenCalledWith (test
s/controllers/productQuestion.test.js:689:
35)

  ΓùÅ ProductQuestion Controller ΓÇ║ 
Server errors (500) ΓÇ║ should handle 
database errors gracefully

    expect(jest.fn()).toHaveBeenCalledWith
(...expected)

    Expected: 500
    Received: 201

    Number of calls: 1

    [0m [90m 709 |[39m             
[36mawait[39m productQuestionController
[33m.[39maskQuestion(req[33m,[39m 
res)[33m;[39m
     [90m 710 |[39m
    [31m[1m>[22m[39m[90m 711 |[39m  
           expect(res[33m.[39mstatus)[3
3m.[39mtoHaveBeenCalledWith([35m500[39m
)[33m;[39m
     [90m     |[39m                     
           [31m[1m^[22m[39m
     [90m 712 |[39m         
})[33m;[39m
     [90m 713 |[39m     })[33m;[39m
     [90m 714 |[39m })[33m;[39m[0m

      at Object.toHaveBeenCalledWith (test
s/controllers/productQuestion.test.js:711:
32)

  console.error
    TypeError: Cannot read properties of undefined (reading 'guestCart')
        at Object.guestCart [as getCart] (D:\Code\Nodejs\Final_NodeJS\controllers\cart.js:15:28)
        at Object.getCart (D:\Code\Nodejs\Final_NodeJS\tests\controllers\cart.test.js:117:38)
        at Promise.finally.completed (D:\Code\Nodejs\Final_NodeJS\node_modules\jest-circus\build\jestAdapterInit.js:1557:28)
        at new Promise (<anonymous>)
        at callAsyncCircusFn (D:\Code\Nodejs\Final_NodeJS\node_modules\jest-circus\build\jestAdapterInit.js:1497:10)
        at _callCircusTest (D:\Code\Nodejs\Final_NodeJS\node_modules\jest-circus\build\jestAdapterInit.js:1007:40)
        at processTicksAndRejections (node:internal/process/task_queues:103:5)
        at _runTest (D:\Code\Nodejs\Final_NodeJS\node_modules\jest-circus\build\jestAdapterInit.js:947:3)
        at D:\Code\Nodejs\Final_NodeJS\node_modules\jest-circus\build\jestAdapterInit.js:849:7
        at _runTestsForDescribeBlock (D:\Code\Nodejs\Final_NodeJS\node_modules\jest-circus\build\jestAdapterInit.js:862:11)
        at _runTestsForDescribeBlock (D:\Code\Nodejs\Final_NodeJS\node_modules\jest-circus\build\jestAdapterInit.js:857:11)
        at _runTestsForDescribeBlock (D:\Code\Nodejs\Final_NodeJS\node_modules\jest-circus\build\jestAdapterInit.js:857:11)
        at _runTestsForDescribeBlock (D:\Code\Nodejs\Final_NodeJS\node_modules\jest-circus\build\jestAdapterInit.js:857:11)
        at run (D:\Code\Nodejs\Final_NodeJS\node_modules\jest-circus\build\jestAdapterInit.js:761:3)
        at runAndTransformResultsToJestFormat (D:\Code\Nodejs\Final_NodeJS\node_modules\jest-circus\build\jestAdapterInit.js:1918:21)
        at jestAdapter (D:\Code\Nodejs\Final_NodeJS\node_modules\jest-circus\build\runner.js:101:19)
        at runTestInternal (D:\Code\Nodejs\Final_NodeJS\node_modules\jest-runner\build\index.js:275:16)
        at runTest (D:\Code\Nodejs\Final_NodeJS\node_modules\jest-runner\build\index.js:343:7)

    [0m [90m 42 |[39m     })[33m;[39m
     [90m 43 |[39m   } [36mcatch[39m (err) {
    [31m[1m>[22m[39m[90m 44 |[39m     console[33m.[39merror(err)[33m;[39m
     [90m    |[39m             [31m[1m^[22m[39m
     [90m 45 |[39m     req[33m.[39mflash([32m'error'[39m[33m,[39m [32m'─É├ú xß║úy ra lß╗ùi khi tß║úi giß╗Å h├áng.'[39m)[33m;[39m
     [90m 46 |[39m     res[33m.[39mredirect([32m'/'[39m)[33m;[39m
     [90m 47 |[39m   }[0m

      at Object.error [as getCart] (controllers/cart.js:44:13)
      at Object.getCart (tests/controllers/cart.test.js:117:38)

  console.log
    Coupon data: {}

      at model.log [as calculateTotalWithDiscount] (models/cart.js:73:13)

  console.log
    Missing coupon code, ignoring discount

      at model.log [as calculateTotalWithDiscount] (models/cart.js:77:15)

  console.log
    Coupon data: {}

      at model.log [as calculateTotalWithDiscount] (models/cart.js:73:13)

  console.log
    Missing coupon code, ignoring discount

      at model.log [as calculateTotalWithDiscount] (models/cart.js:77:15)

  console.error
    TypeError: Cart.findOne(...).populate is not a function
        at Object.populate [as getCart] (D:\Code\Nodejs\Final_NodeJS\controllers\cart.js:14:57)
        at Object.getCart (D:\Code\Nodejs\Final_NodeJS\tests\controllers\cart.test.js:602:34)
        at processTicksAndRejections (node:internal/process/task_queues:103:5)

    [0m [90m 42 |[39m     })[33m;[39m
     [90m 43 |[39m   } [36mcatch[39m (err) {
    [31m[1m>[22m[39m[90m 44 |[39m     console[33m.[39merror(err)[33m;[39m
     [90m    |[39m             [31m[1m^[22m[39m
     [90m 45 |[39m     req[33m.[39mflash([32m'error'[39m[33m,[39m [32m'─É├ú xß║úy ra lß╗ùi khi tß║úi giß╗Å h├áng.'[39m)[33m;[39m
     [90m 46 |[39m     res[33m.[39mredirect([32m'/'[39m)[33m;[39m
     [90m 47 |[39m   }[0m

      at Object.error [as getCart] (controllers/cart.js:44:13)
      at Object.getCart (tests/controllers/cart.test.js:602:34)

FAIL tests/controllers/cart.test.js
  Cart Controller
    getCart
      Happy path
        ├ù should render cart page for 
authenticated user with items (116 ms)
        ├ù should render empty cart for 
user with no items (23 ms)
      Authentication errors (401)
        ├ù should redirect to login if 
user not authenticated (23 ms)
      Edge cases
        ├ù should handle cart with 
deleted products gracefully (32 ms)
    addToCart
      Happy path
        ├ù should add new item to cart 
successfully (47 ms)
        ΓêÜ should update quantity if 
product already in cart (60 ms)
      Validation errors (400)
        ├ù should reject if product not 
found (24 ms)
        ├ù should reject if quantity 
exceeds stock (36 ms)
        ├ù should reject if quantity is 
invalid (26 ms)
      Authentication errors (401)
        ΓêÜ should allow adding to cart 
for guest users (38 ms)
      Edge cases
        ├ù should handle out of stock 
products (33 ms)
    updateCart
      Happy path
        ├ù should update cart item 
quantity successfully (49 ms)
      Validation errors (400)
        ├ù should reject if new quantity 
exceeds stock (45 ms)
    removeItem
      Happy path
        ├ù should remove item from cart 
successfully (55 ms)
      Not found (404)
        ├ù should handle removing 
non-existent item gracefully (32 ms)
    applyCoupon
      Happy path
        ├ù should apply valid coupon 
successfully (47 ms)
      Validation errors (400)
        ├ù should reject invalid coupon 
code (30 ms)
        ├ù should reject if cart total 
below minimum amount (47 ms)
        ├ù should reject expired coupon 
(34 ms)
        ├ù should reject if coupon usage 
limit exceeded (32 ms)
      Edge cases
        ├ù should handle empty cart (33 
ms)
    removeCoupon
      Happy path
        ├ù should remove applied coupon 
successfully (43 ms)
      Edge cases
        ├ù should handle removing coupon 
when none applied (33 ms)
    Server errors (500)
      ├ù should handle database errors 
gracefully (23 ms)

  ΓùÅ Cart Controller ΓÇ║ getCart ΓÇ║ 
Happy path ΓÇ║ should render cart page 
for authenticated user with items

    expect(jest.fn()).toHaveBeenCalledWith
(...expected)

    Expected: "cart", ObjectContaining 
{"cart": Any<Object>, "totalAmount": 200}
    Received: "cart/cart", {"cart": 
{"__v": 0, "_id": 
"69845de23e862fba197602f6", "createdAt": 
2026-02-05T09:07:46.009Z, "items": 
[{"_id": "69845de23e862fba197602f7", 
"price": 100, "product": {"__v": 0, 
"_id": "69845de13e862fba197602f1", 
"allowPreOrder": false, "brand": "Test 
Brand", "category": "laptop", 
"createdAt": 2026-02-05T09:07:45.992Z, 
"description": "", "discountPrice": null, 
"featured": false, "images": [], 
"lowStockThreshold": 10, "name": "Test 
Product", "price": 100, "ratings": [], 
"slug": "test-product", "sold": 0, 
"specifications": [], "stock": 10, 
"updatedAt": 2026-02-05T09:07:45.992Z, 
"variants": []}, "quantity": 2}], 
"updatedAt": 2026-02-05T09:07:46.009Z, 
"user": "69845de13e862fba197602ec"}, 
"isGuest": false, "title": "Giß╗Å h├áng"}

    Number of calls: 1

    [0m [90m 86 |[39m                 
[36mawait[39m cartController[33m.[39mg
etCart(req[33m,[39m res)[33m;[39m
     [90m 87 |[39m
    [31m[1m>[22m[39m[90m 88 |[39m   
              expect(res[33m.[39mrender)
[33m.[39mtoHaveBeenCalledWith(
     [90m    |[39m                      
              [31m[1m^[22m[39m
     [90m 89 |[39m                     
[32m'cart'[39m[33m,[39m
     [90m 90 |[39m                     
expect[33m.[39mobjectContaining({
     [90m 91 |[39m                      
   cart[33m:[39m expect[33m.[39many([
33mObject[39m)[33m,[39m[0m

      at Object.toHaveBeenCalledWith 
(tests/controllers/cart.test.js:88:36)

  ΓùÅ Cart Controller ΓÇ║ getCart ΓÇ║ 
Happy path ΓÇ║ should render empty cart 
for user with no items

    expect(jest.fn()).toHaveBeenCalledWith
(...expected)

    Expected: "cart", ObjectContaining 
{"totalAmount": 0}
    Received: "cart/cart", {"cart": null, 
"isGuest": false, "title": "Giß╗Å h├áng"}

    Number of calls: 1

    [0m [90m 102 |[39m                 
[36mawait[39m cartController[33m.[39mg
etCart(req[33m,[39m res)[33m;[39m
     [90m 103 |[39m
    [31m[1m>[22m[39m[90m 104 |[39m  
               expect(res[33m.[39mrender
)[33m.[39mtoHaveBeenCalledWith(
     [90m     |[39m                     
               [31m[1m^[22m[39m
     [90m 105 |[39m                     
[32m'cart'[39m[33m,[39m
     [90m 106 |[39m                     
expect[33m.[39mobjectContaining({
     [90m 107 |[39m                     
    totalAmount[33m:[39m [35m0[39m[0m

      at Object.toHaveBeenCalledWith 
(tests/controllers/cart.test.js:104:36)

  ΓùÅ Cart Controller ΓÇ║ getCart ΓÇ║ 
Authentication errors (401) ΓÇ║ should 
redirect to login if user not 
authenticated

    expect(jest.fn()).toHaveBeenCalledWith
(...expected)

    Expected: "/auth/login"
    Received: "/"

    Number of calls: 1

    [0m [90m 117 |[39m                 
[36mawait[39m cartController[33m.[39mg
etCart(req[33m,[39m res)[33m;[39m
     [90m 118 |[39m
    [31m[1m>[22m[39m[90m 119 |[39m  
               expect(res[33m.[39mredire
ct)[33m.[39mtoHaveBeenCalledWith([32m'/
auth/login'[39m)[33m;[39m
     [90m     |[39m                     
                 [31m[1m^[22m[39m
     [90m 120 |[39m             
})[33m;[39m
     [90m 121 |[39m         
})[33m;[39m
     [90m 122 |[39m[0m

      at Object.toHaveBeenCalledWith 
(tests/controllers/cart.test.js:119:38)

  ΓùÅ Cart Controller ΓÇ║ getCart ΓÇ║ 
Edge cases ΓÇ║ should handle cart with 
deleted products gracefully

    ValidationError: Cart validation 
failed: items.0.product: Cast to ObjectId 
failed for value "nonexistent123" (type 
string) at path "product" because of 
"BSONError"

    [0m [90m 127 |[39m                 
req[33m.[39misAuthenticated [33m=[39m 
jest[33m.[39mfn(() [33m=>[39m 
[36mtrue[39m)[33m;[39m
     [90m 128 |[39m
    [31m[1m>[22m[39m[90m 129 |[39m  
               [36mawait[39m 
[33mCart[39m[33m.[39mcreate({
     [90m     |[39m                     
       [31m[1m^[22m[39m
     [90m 130 |[39m                     
user[33m:[39m 
user[33m.[39m_id[33m,[39m
     [90m 131 |[39m                     
items[33m:[39m [{
     [90m 132 |[39m                     
    product[33m:[39m 
[32m'nonexistent123'[39m[33m,[39m[0m

      at model.Document.invalidate (node_m
odules/mongoose/lib/document.js:3219:32)
      at 
EmbeddedDocument.Subdocument.invalidate (n
ode_modules/mongoose/lib/types/subdocument
.js:229:12)
      at EmbeddedDocument.$set (node_modul
es/mongoose/lib/document.js:1464:12)
      at EmbeddedDocument.$set (node_modul
es/mongoose/lib/document.js:1119:16)
      at EmbeddedDocument.Document (node_m
odules/mongoose/lib/document.js:165:12)
      at EmbeddedDocument.Subdocument (nod
e_modules/mongoose/lib/types/subdocument.j
s:34:12)
      at 
EmbeddedDocument.ArraySubdocument [as 
constructor] (node_modules/mongoose/lib/ty
pes/ArraySubdocument.js:44:15)
      at new EmbeddedDocument (node_module
s/mongoose/lib/schema/documentarray.js:127
:17)
      at DocumentArrayPath.cast (node_modu
les/mongoose/lib/schema/documentarray.js:4
92:22)
      at 
DocumentArrayPath.SchemaType.applySetters 
(node_modules/mongoose/lib/schematype.js:1
219:12)
      at model.$set (node_modules/mongoose
/lib/document.js:1422:22)
      at model.$set (node_modules/mongoose
/lib/document.js:1119:16)
      at model.Document (node_modules/mong
oose/lib/document.js:165:12)
      at model.Model (node_modules/mongoos
e/lib/model.js:123:12)
      at new model (node_modules/mongoose/
lib/model.js:4758:15)
      at 
node_modules/mongoose/lib/model.js:2922:18
          at Array.map (<anonymous>)
      at model.create (node_modules/mongoo
se/lib/model.js:2911:30)
      at Object.create 
(tests/controllers/cart.test.js:129:28)

  ΓùÅ Cart Controller ΓÇ║ addToCart ΓÇ║ 
Happy path ΓÇ║ should add new item to 
cart successfully

    expect(jest.fn()).toHaveBeenCalledWith
(...expected)

    Expected: "success", Any<String>

    Number of calls: 0

    [0m [90m 161 |[39m                 
[36mawait[39m cartController[33m.[39ma
ddToCart(req[33m,[39m res)[33m;[39m
     [90m 162 |[39m
    [31m[1m>[22m[39m[90m 163 |[39m  
               expect(req[33m.[39mflash)
[33m.[39mtoHaveBeenCalledWith([32m'succ
ess'[39m[33m,[39m expect[33m.[39many(
[33mString[39m))[33m;[39m
     [90m     |[39m                     
              [31m[1m^[22m[39m
     [90m 164 |[39m                 expe
ct(res[33m.[39mredirect)[33m.[39mtoHav
eBeenCalled()[33m;[39m
     [90m 165 |[39m             
})[33m;[39m
     [90m 166 |[39m[0m

      at Object.toHaveBeenCalledWith 
(tests/controllers/cart.test.js:163:35)

  ΓùÅ Cart Controller ΓÇ║ addToCart ΓÇ║ 
Validation errors (400) ΓÇ║ should reject 
if product not found

    expect(jest.fn()).toHaveBeenCalledWith
(...expected)

    Expected: "error", StringContaining 
"kh├┤ng t├¼m thß║Ñy"

    Number of calls: 0

    [0m [90m 210 |[39m                 
[36mawait[39m cartController[33m.[39ma
ddToCart(req[33m,[39m res)[33m;[39m
     [90m 211 |[39m
    [31m[1m>[22m[39m[90m 212 |[39m  
               expect(req[33m.[39mflash)
[33m.[39mtoHaveBeenCalledWith([32m'erro
r'[39m[33m,[39m expect[33m.[39mstring
Containing([32m'kh├┤ng t├¼m 
thß║Ñy'[39m))[33m;[39m
     [90m     |[39m                     
              [31m[1m^[22m[39m
     [90m 213 |[39m             
})[33m;[39m
     [90m 214 |[39m
     [90m 215 |[39m             
it([32m'should reject if quantity 
exceeds stock'[39m[33m,[39m 
[36masync[39m () [33m=>[39m {[0m

      at Object.toHaveBeenCalledWith 
(tests/controllers/cart.test.js:212:35)

  ΓùÅ Cart Controller ΓÇ║ addToCart ΓÇ║ 
Validation errors (400) ΓÇ║ should reject 
if quantity exceeds stock

    expect(jest.fn()).toHaveBeenCalledWith
(...expected)

    Expected: "error", StringContaining 
"kh├┤ng ─æß╗º"

    Number of calls: 0

    [0m [90m 226 |[39m                 
[36mawait[39m cartController[33m.[39ma
ddToCart(req[33m,[39m res)[33m;[39m
     [90m 227 |[39m
    [31m[1m>[22m[39m[90m 228 |[39m  
               expect(req[33m.[39mflash)
[33m.[39mtoHaveBeenCalledWith([32m'erro
r'[39m[33m,[39m expect[33m.[39mstring
Containing([32m'kh├┤ng 
─æß╗º'[39m))[33m;[39m
     [90m     |[39m                     
              [31m[1m^[22m[39m
     [90m 229 |[39m             
})[33m;[39m
     [90m 230 |[39m
     [90m 231 |[39m             
it([32m'should reject if quantity is 
invalid'[39m[33m,[39m [36masync[39m 
() [33m=>[39m {[0m

      at Object.toHaveBeenCalledWith 
(tests/controllers/cart.test.js:228:35)

  ΓùÅ Cart Controller ΓÇ║ addToCart ΓÇ║ 
Validation errors (400) ΓÇ║ should reject 
if quantity is invalid

    expect(jest.fn()).toHaveBeenCalledWith
(...expected)

    Expected: "error", Any<String>

    Number of calls: 0

    [0m [90m 242 |[39m                 
[36mawait[39m cartController[33m.[39ma
ddToCart(req[33m,[39m res)[33m;[39m
     [90m 243 |[39m
    [31m[1m>[22m[39m[90m 244 |[39m  
               expect(req[33m.[39mflash)
[33m.[39mtoHaveBeenCalledWith([32m'erro
r'[39m[33m,[39m expect[33m.[39many([
33mString[39m))[33m;[39m
     [90m     |[39m                     
              [31m[1m^[22m[39m
     [90m 245 |[39m             
})[33m;[39m
     [90m 246 |[39m         
})[33m;[39m
     [90m 247 |[39m[0m

      at Object.toHaveBeenCalledWith 
(tests/controllers/cart.test.js:244:35)

  ΓùÅ Cart Controller ΓÇ║ addToCart ΓÇ║ 
Edge cases ΓÇ║ should handle out of stock 
products

    expect(jest.fn()).toHaveBeenCalledWith
(...expected)

    Expected: "error", StringContaining 
"hß║┐t h├áng"

    Number of calls: 0

    [0m [90m 278 |[39m                 
[36mawait[39m cartController[33m.[39ma
ddToCart(req[33m,[39m res)[33m;[39m
     [90m 279 |[39m
    [31m[1m>[22m[39m[90m 280 |[39m  
               expect(req[33m.[39mflash)
[33m.[39mtoHaveBeenCalledWith([32m'erro
r'[39m[33m,[39m expect[33m.[39mstring
Containing([32m'hß║┐t 
h├áng'[39m))[33m;[39m
     [90m     |[39m                     
              [31m[1m^[22m[39m
     [90m 281 |[39m             
})[33m;[39m
     [90m 282 |[39m         
})[33m;[39m
     [90m 283 |[39m     
})[33m;[39m[0m

      at Object.toHaveBeenCalledWith 
(tests/controllers/cart.test.js:280:35)

  ΓùÅ Cart Controller ΓÇ║ updateCart ΓÇ║ 
Happy path ΓÇ║ should update cart item 
quantity successfully

    expect(received).toBe(expected) // 
Object.is equality

    Expected: 5
    Received: 2

    [0m [90m 313 |[39m                 
[36mconst[39m updatedCart [33m=[39m 
[36mawait[39m [33mCart[39m[33m.[39mf
indById(cart[33m.[39m_id)[33m;[39m
     [90m 314 |[39m                 
[36mconst[39m item [33m=[39m updatedCa
rt[33m.[39mitems[33m.[39mfind(i 
[33m=>[39m 
i[33m.[39mproduct[33m.[39mtoString() 
[33m===[39m product[33m.[39m_id[33m.
[39mtoString())[33m;[39m
    [31m[1m>[22m[39m[90m 315 |[39m  
               expect(item[33m.[39mquant
ity)[33m.[39mtoBe([35m5[39m)[33m;[39
m
     [90m     |[39m                     
                  [31m[1m^[22m[39m
     [90m 316 |[39m             
})[33m;[39m
     [90m 317 |[39m         
})[33m;[39m
     [90m 318 |[39m[0m

      at Object.toBe 
(tests/controllers/cart.test.js:315:39)

  ΓùÅ Cart Controller ΓÇ║ updateCart ΓÇ║ 
Validation errors (400) ΓÇ║ should reject 
if new quantity exceeds stock

    expect(jest.fn()).toHaveBeenCalledWith
(...expected)

    Expected: "error", StringContaining 
"kh├┤ng ─æß╗º"

    Number of calls: 0

    [0m [90m 344 |[39m                 
[36mawait[39m cartController[33m.[39mu
pdateCart(req[33m,[39m res)[33m;[39m
     [90m 345 |[39m
    [31m[1m>[22m[39m[90m 346 |[39m  
               expect(req[33m.[39mflash)
[33m.[39mtoHaveBeenCalledWith([32m'erro
r'[39m[33m,[39m expect[33m.[39mstring
Containing([32m'kh├┤ng 
─æß╗º'[39m))[33m;[39m
     [90m     |[39m                     
              [31m[1m^[22m[39m
     [90m 347 |[39m             
})[33m;[39m
     [90m 348 |[39m         
})[33m;[39m
     [90m 349 |[39m     
})[33m;[39m[0m

      at Object.toHaveBeenCalledWith 
(tests/controllers/cart.test.js:346:35)

  ΓùÅ Cart Controller ΓÇ║ removeItem ΓÇ║ 
Happy path ΓÇ║ should remove item from 
cart successfully

    expect(received).toBe(expected) // 
Object.is equality

    Expected: 0
    Received: 1

    [0m [90m 375 |[39m
     [90m 376 |[39m                 
[36mconst[39m updatedCart [33m=[39m 
[36mawait[39m [33mCart[39m[33m.[39mf
indById(cart[33m.[39m_id)[33m;[39m
    [31m[1m>[22m[39m[90m 377 |[39m  
               expect(updatedCart[33m.[3
9mitems[33m.[39mlength)[33m.[39mtoBe(
[35m0[39m)[33m;[39m
     [90m     |[39m                     
                             
[31m[1m^[22m[39m
     [90m 378 |[39m             
})[33m;[39m
     [90m 379 |[39m         
})[33m;[39m
     [90m 380 |[39m[0m

      at Object.toBe 
(tests/controllers/cart.test.js:377:50)

  ΓùÅ Cart Controller ΓÇ║ removeItem ΓÇ║ 
Not found (404) ΓÇ║ should handle 
removing non-existent item gracefully

    expect(jest.fn()).toHaveBeenCalled()

    Expected number of calls: >= 1
    Received number of calls:    0

    [0m [90m 395 |[39m                 
[36mawait[39m cartController[33m.[39mr
emoveItem(req[33m,[39m res)[33m;[39m
     [90m 396 |[39m
    [31m[1m>[22m[39m[90m 397 |[39m  
               expect(req[33m.[39mflash)
[33m.[39mtoHaveBeenCalled()[33m;[39m
     [90m     |[39m                     
              [31m[1m^[22m[39m
     [90m 398 |[39m             
})[33m;[39m
     [90m 399 |[39m         
})[33m;[39m
     [90m 400 |[39m     
})[33m;[39m[0m

      at Object.toHaveBeenCalled 
(tests/controllers/cart.test.js:397:35)

  ΓùÅ Cart Controller ΓÇ║ applyCoupon ΓÇ║ 
Happy path ΓÇ║ should apply valid coupon 
successfully

    expect(jest.fn()).toHaveBeenCalledWith
(...expected)

    Expected: "success", StringContaining 
"th├ánh c├┤ng"

    Number of calls: 0

    [0m [90m 426 |[39m                 
[36mawait[39m cartController[33m.[39ma
pplyCoupon(req[33m,[39m res)[33m;[39m
     [90m 427 |[39m
    [31m[1m>[22m[39m[90m 428 |[39m  
               expect(req[33m.[39mflash)
[33m.[39mtoHaveBeenCalledWith([32m'succ
ess'[39m[33m,[39m expect[33m.[39mstri
ngContaining([32m'th├ánh 
c├┤ng'[39m))[33m;[39m
     [90m     |[39m                     
              [31m[1m^[22m[39m
     [90m 429 |[39m             
})[33m;[39m
     [90m 430 |[39m         
})[33m;[39m
     [90m 431 |[39m[0m

      at Object.toHaveBeenCalledWith 
(tests/controllers/cart.test.js:428:35)

  ΓùÅ Cart Controller ΓÇ║ applyCoupon ΓÇ║ 
Validation errors (400) ΓÇ║ should reject 
invalid coupon code

    expect(jest.fn()).toHaveBeenCalledWith
(...expected)

    Expected: "error", StringContaining 
"kh├┤ng hß╗úp lß╗ç"

    Number of calls: 0

    [0m [90m 446 |[39m                 
[36mawait[39m cartController[33m.[39ma
pplyCoupon(req[33m,[39m res)[33m;[39m
     [90m 447 |[39m
    [31m[1m>[22m[39m[90m 448 |[39m  
               expect(req[33m.[39mflash)
[33m.[39mtoHaveBeenCalledWith([32m'erro
r'[39m[33m,[39m expect[33m.[39mstring
Containing([32m'kh├┤ng hß╗úp 
lß╗ç'[39m))[33m;[39m
     [90m     |[39m                     
              [31m[1m^[22m[39m
     [90m 449 |[39m             
})[33m;[39m
     [90m 450 |[39m
     [90m 451 |[39m             
it([32m'should reject if cart total 
below minimum amount'[39m[33m,[39m 
[36masync[39m () [33m=>[39m {[0m

      at Object.toHaveBeenCalledWith 
(tests/controllers/cart.test.js:448:35)

  ΓùÅ Cart Controller ΓÇ║ applyCoupon ΓÇ║ 
Validation errors (400) ΓÇ║ should reject 
if cart total below minimum amount

    expect(jest.fn()).toHaveBeenCalledWith
(...expected)

    Expected: "error", StringContaining 
"tß╗æi thiß╗âu"

    Number of calls: 0

    [0m [90m 473 |[39m                 
[36mawait[39m cartController[33m.[39ma
pplyCoupon(req[33m,[39m res)[33m;[39m
     [90m 474 |[39m
    [31m[1m>[22m[39m[90m 475 |[39m  
               expect(req[33m.[39mflash)
[33m.[39mtoHaveBeenCalledWith([32m'erro
r'[39m[33m,[39m expect[33m.[39mstring
Containing([32m'tß╗æi 
thiß╗âu'[39m))[33m;[39m
     [90m     |[39m                     
              [31m[1m^[22m[39m
     [90m 476 |[39m             
})[33m;[39m
     [90m 477 |[39m
     [90m 478 |[39m             
it([32m'should reject expired 
coupon'[39m[33m,[39m [36masync[39m 
() [33m=>[39m {[0m

      at Object.toHaveBeenCalledWith 
(tests/controllers/cart.test.js:475:35)

  ΓùÅ Cart Controller ΓÇ║ applyCoupon ΓÇ║ 
Validation errors (400) ΓÇ║ should reject 
expired coupon

    expect(jest.fn()).toHaveBeenCalledWith
(...expected)

    Expected: "error", StringContaining 
"hß║┐t hß║ín"

    Number of calls: 0

    [0m [90m 496 |[39m                 
[36mawait[39m cartController[33m.[39ma
pplyCoupon(req[33m,[39m res)[33m;[39m
     [90m 497 |[39m
    [31m[1m>[22m[39m[90m 498 |[39m  
               expect(req[33m.[39mflash)
[33m.[39mtoHaveBeenCalledWith([32m'erro
r'[39m[33m,[39m expect[33m.[39mstring
Containing([32m'hß║┐t 
hß║ín'[39m))[33m;[39m
     [90m     |[39m                     
              [31m[1m^[22m[39m
     [90m 499 |[39m             
})[33m;[39m
     [90m 500 |[39m
     [90m 501 |[39m             
it([32m'should reject if coupon usage 
limit exceeded'[39m[33m,[39m 
[36masync[39m () [33m=>[39m {[0m

      at Object.toHaveBeenCalledWith 
(tests/controllers/cart.test.js:498:35)

  ΓùÅ Cart Controller ΓÇ║ applyCoupon ΓÇ║ 
Validation errors (400) ΓÇ║ should reject 
if coupon usage limit exceeded

    expect(jest.fn()).toHaveBeenCalledWith
(...expected)

    Expected: "error", StringContaining 
"hß║┐t l╞░ß╗út"

    Number of calls: 0

    [0m [90m 520 |[39m                 
[36mawait[39m cartController[33m.[39ma
pplyCoupon(req[33m,[39m res)[33m;[39m
     [90m 521 |[39m
    [31m[1m>[22m[39m[90m 522 |[39m  
               expect(req[33m.[39mflash)
[33m.[39mtoHaveBeenCalledWith([32m'erro
r'[39m[33m,[39m expect[33m.[39mstring
Containing([32m'hß║┐t 
l╞░ß╗út'[39m))[33m;[39m
     [90m     |[39m                     
              [31m[1m^[22m[39m
     [90m 523 |[39m             
})[33m;[39m
     [90m 524 |[39m         
})[33m;[39m
     [90m 525 |[39m[0m

      at Object.toHaveBeenCalledWith 
(tests/controllers/cart.test.js:522:35)

  ΓùÅ Cart Controller ΓÇ║ applyCoupon ΓÇ║ 
Edge cases ΓÇ║ should handle empty cart

    expect(jest.fn()).toHaveBeenCalledWith
(...expected)

    Expected: "error", Any<String>

    Number of calls: 0

    [0m [90m 542 |[39m                 
[36mawait[39m cartController[33m.[39ma
pplyCoupon(req[33m,[39m res)[33m;[39m
     [90m 543 |[39m
    [31m[1m>[22m[39m[90m 544 |[39m  
               expect(req[33m.[39mflash)
[33m.[39mtoHaveBeenCalledWith([32m'erro
r'[39m[33m,[39m expect[33m.[39many([
33mString[39m))[33m;[39m
     [90m     |[39m                     
              [31m[1m^[22m[39m
     [90m 545 |[39m             
})[33m;[39m
     [90m 546 |[39m         
})[33m;[39m
     [90m 547 |[39m     
})[33m;[39m[0m

      at Object.toHaveBeenCalledWith 
(tests/controllers/cart.test.js:544:35)

  ΓùÅ Cart Controller ΓÇ║ removeCoupon 
ΓÇ║ Happy path ΓÇ║ should remove applied 
coupon successfully

    expect(received).toBe(expected) // 
Object.is equality

    Expected: 0
    Received: undefined

    [0m [90m 568 |[39m                 
[36mconst[39m updatedCart [33m=[39m 
[36mawait[39m [33mCart[39m[33m.[39mf
indById(cart[33m.[39m_id)[33m;[39m
     [90m 569 |[39m                 expe
ct(updatedCart[33m.[39mappliedCoupon)[3
3m.[39mtoBeUndefined()[33m;[39m
    [31m[1m>[22m[39m[90m 570 |[39m  
               expect(updatedCart[33m.[3
9mdiscount)[33m.[39mtoBe([35m0[39m)[3
3m;[39m
     [90m     |[39m                     
                         
[31m[1m^[22m[39m
     [90m 571 |[39m             
})[33m;[39m
     [90m 572 |[39m         
})[33m;[39m
     [90m 573 |[39m[0m

      at Object.toBe 
(tests/controllers/cart.test.js:570:46)

  ΓùÅ Cart Controller ΓÇ║ removeCoupon 
ΓÇ║ Edge cases ΓÇ║ should handle removing 
coupon when none applied

    expect(jest.fn()).toHaveBeenCalled()

    Expected number of calls: >= 1
    Received number of calls:    0

    [0m [90m 586 |[39m                 
[36mawait[39m cartController[33m.[39mr
emoveCoupon(req[33m,[39m res)[33m;[39m
     [90m 587 |[39m
    [31m[1m>[22m[39m[90m 588 |[39m  
               expect(res[33m.[39mredire
ct)[33m.[39mtoHaveBeenCalled()[33m;[39
m
     [90m     |[39m                     
                 [31m[1m^[22m[39m
     [90m 589 |[39m             
})[33m;[39m
     [90m 590 |[39m         
})[33m;[39m
     [90m 591 |[39m     
})[33m;[39m[0m

      at Object.toHaveBeenCalled 
(tests/controllers/cart.test.js:588:38)

  ΓùÅ Cart Controller ΓÇ║ Server errors 
(500) ΓÇ║ should handle database errors 
gracefully

    DB Error

    [0m [90m 598 |[39m
     [90m 599 |[39m             [90m// 
Mock database error[39m
    [31m[1m>[22m[39m[90m 600 |[39m  
           jest[33m.[39mspyOn([33mCart
[39m[33m,[39m [32m'findOne'[39m)[33m.
[39mmockRejectedValueOnce([36mnew[39m 
[33mError[39m([32m'DB 
Error'[39m))[33m;[39m
     [90m     |[39m                     
                                          
[31m[1m^[22m[39m
     [90m 601 |[39m
     [90m 602 |[39m             
[36mawait[39m cartController[33m.[39mg
etCart(req[33m,[39m res)[33m;[39m
     [90m 603 |[39m[0m

      at Object.<anonymous> 
(tests/controllers/cart.test.js:600:63)

FAIL tests/models/coupon.test.js
  Coupon Model
    isValid() method
      ├ù should return true for active 
coupon within date range (22 ms)
      ΓêÜ should return false for 
inactive coupon (15 ms)
      ΓêÜ should return false for coupon 
before start date (13 ms)
      ΓêÜ should return false for expired 
coupon (10 ms)
      ΓêÜ should return false when 
maxUses is reached (10 ms)
      ΓêÜ should return false when 
usedCount exceeds maxUses (12 ms)
      ΓêÜ should handle coupon without 
endDate (no expiration) (13 ms)
      ΓêÜ should handle coupon at exactly 
maxUses boundary (12 ms)
    Schema validation
      ΓêÜ should require code field (7 ms)
      ΓêÜ should enforce 5-character code 
length (12 ms)
      ΓêÜ should reject code not equal to 
5 characters (7 ms)
      ΓêÜ should convert code to 
uppercase (10 ms)
      ΓêÜ should enforce discount between 
0 and 100 (7 ms)
      ΓêÜ should have default values for 
optional fields (12 ms)
    Coupon application
      ΓêÜ should apply valid coupon to 
order meeting minAmount (13 ms)
      ΓêÜ should reject coupon if order 
is below minAmount (8 ms)
      ΓêÜ should increment usedCount 
after successful application (25 ms)
      ΓêÜ should prevent application once 
maxUses is reached (8 ms)
    Edge cases
      ΓêÜ should handle concurrent usage 
correctly (11 ms)
      ΓêÜ should handle coupon expiring 
exactly now (11 ms)
      ΓêÜ should handle zero discount 
coupon (9 ms)

  ΓùÅ Coupon Model ΓÇ║ isValid() method 
ΓÇ║ should return true for active coupon 
within date range

    ValidationError: Coupon validation 
failed: code: M├ú giß║úm gi├í phß║úi c├│ 
─æ├║ng 5 k├╜ tß╗▒!

      at model.Document.invalidate (node_m
odules/mongoose/lib/document.js:3219:32)
      at node_modules/mongoose/lib/documen
t.js:3012:17
      at node_modules/mongoose/lib/schemat
ype.js:1368:9

PASS tests/models/user.test.js (15.143 s)
  User Model
    User Creation
      ΓêÜ should create user with valid 
data - happy path (362 ms)
      ΓêÜ should require name (327 ms)
      ΓêÜ should require email (331 ms)
      ΓêÜ should require unique email 
(664 ms)
      ΓêÜ should validate email format 
(332 ms)
      ΓêÜ should default role to customer 
(330 ms)
      ΓêÜ should allow admin role (335 ms)
    Password Management
      ΓêÜ should hash password before 
saving (657 ms)
      ΓêÜ should validate password 
comparison (1004 ms)
    User Ban Management
      ΓêÜ should default isBanned to 
false (349 ms)
      ΓêÜ should ban user with reason - 
happy path (361 ms)
      ΓêÜ should unban user (339 ms)
      ΓêÜ should store ban reason (339 ms)
    Loyalty Points
      ΓêÜ should default loyalty points 
to 0 (337 ms)
      ΓêÜ should add loyalty points (341 
ms)
      ΓêÜ should deduct loyalty points 
(338 ms)
      ΓêÜ should handle negative loyalty 
points (340 ms)
      ΓêÜ should handle large loyalty 
points (333 ms)
    Password Reset
      ΓêÜ should store reset token (347 
ms)
      ΓêÜ should validate reset token 
expiration (343 ms)
      ΓêÜ should clear reset token after 
use (679 ms)
    User Addresses
      ΓêÜ should store default address 
(346 ms)
      ΓêÜ should store multiple saved 
addresses (333 ms)
      ΓêÜ should add new saved address 
(359 ms)
      ΓêÜ should remove saved address 
(296 ms)
    OAuth Authentication
      ΓêÜ should store Google OAuth ID 
(237 ms)
      ΓêÜ should allow user without 
password for OAuth (6 ms)
    Edge Cases
      ΓêÜ should handle very long names 
(239 ms)
      ΓêÜ should trim whitespace from 
email (233 ms)
      ΓêÜ should handle empty string 
fields gracefully (227 ms)
      ΓêÜ should handle null values (227 
ms)
      ΓêÜ should handle special 
characters in name (227 ms)
    User Queries
      ΓêÜ should find user by email (225 
ms)
      ΓêÜ should find user by ID (224 ms)
      ΓêÜ should find all users with role 
customer (460 ms)
      ΓêÜ should find banned users (230 
ms)
      ΓêÜ should count total users (4 ms)
    User Updates
      ΓêÜ should update user name (231 ms)
      ΓêÜ should update user role (231 ms)
      ΓêÜ should update password (661 ms)
    Timestamps
      ΓêÜ should have createdAt timestamp 
(236 ms)
      ΓêÜ should have updatedAt timestamp 
(229 ms)
      ΓêÜ should update updatedAt on 
modification (235 ms)

PASS tests/models/cart.test.js (8.606 s)
  Cart Model
    Cart Creation
      ΓêÜ should create cart for 
authenticated user - happy path (261 ms)
      ΓêÜ should create cart with session 
ID for guest (17 ms)
      ΓêÜ should allow empty cart (230 ms)
      ΓêÜ should require either user or 
sessionId (12 ms)
    Cart Items
      ΓêÜ should add single item to cart 
(234 ms)
      ΓêÜ should add multiple items to 
cart (238 ms)
      ΓêÜ should validate minimum 
quantity (234 ms)
      ΓêÜ should validate price is 
positive (233 ms)
      ΓêÜ should update item quantity 
(242 ms)
      ΓêÜ should remove item from cart 
(246 ms)
    Cart Totals
      ΓêÜ should calculate total for 
single item (237 ms)
      ΓêÜ should calculate total for 
multiple items (243 ms)
      ΓêÜ should handle empty cart total 
(244 ms)
    Guest Carts
      ΓêÜ should create guest cart with 
session ID (31 ms)
      ΓêÜ should merge guest cart with 
user cart (402 ms)
      ΓêÜ should convert guest cart to 
user cart (362 ms)
    Cart Persistence
      ΓêÜ should persist cart after user 
logout (289 ms)
      ΓêÜ should clear cart after 
checkout (300 ms)
      ΓêÜ should delete cart (303 ms)
    Edge Cases
      ΓêÜ should handle very large 
quantities (248 ms)
      ΓêÜ should handle multiple of same 
product (250 ms)
      ΓêÜ should handle product with zero 
price (256 ms)
      ΓêÜ should handle null product 
reference (245 ms)
      ΓêÜ should handle invalid product 
ID (241 ms)
      ΓêÜ should handle cart with no 
items but valid structure (244 ms)
    Cart Queries
      ΓêÜ should find cart by user (257 
ms)
      ΓêÜ should find cart by session ID 
(21 ms)
      ΓêÜ should populate product details 
(270 ms)
      ΓêÜ should count all carts (505 ms)
      ΓêÜ should find carts with items 
(249 ms)
      ΓêÜ should find empty carts (253 ms)
    Timestamps
      ΓêÜ should have createdAt timestamp 
(244 ms)
      ΓêÜ should have updatedAt timestamp 
(270 ms)
      ΓêÜ should update updatedAt on 
modification (276 ms)

PASS tests/controllers/compare.test.js
  Compare Controller
    POST /compare/add
      ΓêÜ should add product to compare 
list (121 ms)
      ΓêÜ should not add duplicate 
product (69 ms)
      ΓêÜ should not exceed max 4 
products (88 ms)
      ΓêÜ should not allow products from 
different categories (72 ms)
      ΓêÜ should return 400 for missing 
productId (55 ms)
      ΓêÜ should return 404 for 
non-existent product (56 ms)
    DELETE /compare/remove/:productId
      ΓêÜ should remove product from 
compare list (70 ms)
      ΓêÜ should return 404 for product 
not in list (48 ms)
    GET /compare/list
      ΓêÜ should return empty list 
initially (73 ms)
      ΓêÜ should return products in 
compare list (105 ms)
    GET /compare/check/:productId
      ΓêÜ should return false for product 
not in list (49 ms)
      ΓêÜ should return true for product 
in list (65 ms)
    POST /compare/clear
      ΓêÜ should clear all products from 
compare list (87 ms)
    Compare Page Rendering
      ΓêÜ should handle empty compare 
list gracefully (65 ms)
  Compare Integration
    ΓêÜ should generate correct 
specifications comparison (27 ms)
    ΓêÜ should identify best price 
correctly (24 ms)

PASS tests/models/productQuestion.test.js
  ProductQuestion Model
    Schema Validation
      ΓêÜ should create a valid product 
question (81 ms)
      ΓêÜ should require product field 
(33 ms)
      ΓêÜ should require user field (25 
ms)
      ΓêÜ should require question field 
(26 ms)
      ΓêÜ should reject question shorter 
than 10 characters (30 ms)
      ΓêÜ should accept question with 10+ 
characters (25 ms)
      ΓêÜ should set default status to 
pending (44 ms)
      ΓêÜ should initialize empty answers 
array (37 ms)
    Instance Methods
      addAnswer()
        ΓêÜ should add an answer from 
regular user (43 ms)
        ΓêÜ should add an official answer 
from admin (42 ms)
        ΓêÜ should update status to 
answered when admin answers (42 ms)
        ΓêÜ should not change status when 
regular user answers (32 ms)
        ΓêÜ should allow multiple answers 
(48 ms)
      markAnswerHelpful()
        ΓêÜ should mark answer as helpful 
(38 ms)
        ΓêÜ should toggle helpful mark 
(remove if already marked) (42 ms)
        ΓêÜ should allow multiple users 
to mark helpful (41 ms)
        ΓêÜ should handle non-existent 
answer ID (31 ms)
    Static Methods
      getByProduct()
        ΓêÜ should get questions for a 
specific product (47 ms)
        ΓêÜ should paginate results 
correctly (38 ms)
        ΓêÜ should return empty result 
for product with no questions (40 ms)
      getPendingQuestions()
        ΓêÜ should get only pending 
questions (40 ms)
        ΓêÜ should paginate pending 
questions (40 ms)
    Virtuals
      ΓêÜ should calculate answerCount 
correctly (36 ms)
      ΓêÜ should return 0 for question 
with no answers (34 ms)
    Indexes
      ΓêÜ should have index on product 
field (28 ms)
      ΓêÜ should have index on status 
field (29 ms)
    Edge Cases
      ΓêÜ should handle very long 
question (38 ms)
      ΓêÜ should handle tags array (25 ms)
      ΓêÜ should handle empty tags array 
(24 ms)

PASS tests/controllers/wishlist.test.js
  Wishlist Controller
    POST /wishlist/add
      ΓêÜ should add product to wishlist 
(94 ms)
      ΓêÜ should not add duplicate 
product (56 ms)
      ΓêÜ should return 400 for missing 
productId (34 ms)
      ΓêÜ should return 404 for 
non-existent product (36 ms)
      ΓêÜ should add multiple different 
products (81 ms)
    DELETE /wishlist/remove/:productId
      ΓêÜ should remove product from 
wishlist (49 ms)
      ΓêÜ should return error for product 
not in wishlist (44 ms)
    GET /wishlist/check/:productId
      ΓêÜ should return false for product 
not in wishlist (37 ms)
      ΓêÜ should return true for product 
in wishlist (43 ms)
    GET /wishlist/count
      ΓêÜ should return 0 for empty 
wishlist (36 ms)
      ΓêÜ should return correct count (48 
ms)
    Price Tracking
      ΓêÜ should store price when product 
is added (45 ms)
      ΓêÜ should detect price drop (49 ms)
  Wishlist Integration Tests
    ΓêÜ should handle concurrent add 
operations (46 ms)
    ΓêÜ should maintain wishlist 
integrity across operations (49 ms)
    ΓêÜ should handle product deletion 
gracefully (76 ms)

PASS tests/controllers/search.test.js
  Search Controller
    getSuggestions
      ΓêÜ should return empty suggestions 
for short queries (139 ms)
      ΓêÜ should return product 
suggestions for valid query (87 ms)
      ΓêÜ should return brand suggestions 
(83 ms)
      ΓêÜ should return category 
suggestions (74 ms)
    getHistory
      ΓêÜ should return empty history for 
non-logged-in users (64 ms)
      ΓêÜ should return search history 
for logged-in users (64 ms)
    clearHistory
      ΓêÜ should return error for 
non-logged-in users (61 ms)
      ΓêÜ should clear history for 
logged-in users (83 ms)
    removeSearchItem
      ΓêÜ should return error for 
non-logged-in users (68 ms)
      ΓêÜ should remove specific search 
item (77 ms)
    getPopularSearches
      ΓêÜ should return popular searches 
(78 ms)
    trackSearch
      ΓêÜ should return error for empty 
query (69 ms)
      ΓêÜ should track search for 
logged-in users (92 ms)
      ΓêÜ should update existing search 
count (87 ms)
      ΓêÜ should track search for guest 
users (79 ms)
    getFilterOptions
      ΓêÜ should return all filter 
options (85 ms)
      ΓêÜ should filter options by 
category (81 ms)
      ΓêÜ should return spec filters (82 
ms)

PASS tests/models/searchHistory.test.js
  SearchHistory Model
    Schema Validation
      ΓêÜ should create search history 
with valid data (60 ms)
      ΓêÜ should auto-generate 
normalizedQuery (37 ms)
      ΓêÜ should require query field (41 
ms)
      ΓêÜ should accept null user (guest 
search) (40 ms)
      ΓêÜ should validate source enum (45 
ms)
      ΓêÜ should store filters object (62 
ms)
      ΓêÜ should store clicked products 
(32 ms)
    Static Methods
      getPopularSearches
        ΓêÜ should return popular 
searches sorted by count (44 ms)
        ΓêÜ should respect limit 
parameter (40 ms)
        ΓêÜ should exclude searches with 
count less than 2 (38 ms)
      getUserHistory
        ΓêÜ should return user search 
history (39 ms)
        ΓêÜ should sort by lastSearchedAt 
descending (33 ms)
        ΓêÜ should respect limit 
parameter (40 ms)
        ΓêÜ should not include other 
users history (41 ms)
      addOrUpdateSearch
        ΓêÜ should create new search 
record (41 ms)
        ΓêÜ should update existing search 
count (51 ms)
        ΓêÜ should return null for empty 
query (22 ms)
        ΓêÜ should handle guest searches 
separately (52 ms)
      clearUserHistory
        ΓêÜ should clear all user history 
(41 ms)
        ΓêÜ should not affect guest 
searches (45 ms)
      removeSearch
        ΓêÜ should remove specific search 
item (36 ms)
        ΓêÜ should not remove other users 
search (43 ms)
      getSuggestions
        ΓêÜ should return suggestions 
starting with query (40 ms)
        ΓêÜ should sort by search count 
(41 ms)
        ΓêÜ should respect limit (43 ms)
        ΓêÜ should exclude queries with 
no results (46 ms)
        ΓêÜ should return empty for short 
query (37 ms)
    Indexes
      ΓêÜ should have index defined in 
schema (19 ms)

PASS tests/models/stockMovement.test.js
  StockMovement Model Tests
    Schema Validation
      ΓêÜ should create a valid stock 
movement (90 ms)
      ΓêÜ should reject invalid movement 
type (30 ms)
      ΓêÜ should require product field 
(40 ms)
      ΓêÜ should require createdBy field 
(29 ms)
    createMovement Static Method
      ΓêÜ should create movement and 
update product stock for import (55 ms)
      ΓêÜ should create movement and 
update product stock for export (45 ms)
      ΓêÜ should handle order type 
(decrease stock) (45 ms)
      ΓêÜ should handle cancel type 
(increase stock) (45 ms)
      ΓêÜ should handle return type 
(increase stock) (56 ms)
      ΓêÜ should handle adjustment type 
correctly (65 ms)
      ΓêÜ should throw error if product 
not found (34 ms)
      ΓêÜ should prevent negative stock 
for export (28 ms)
      ΓêÜ should prevent negative stock 
for order (30 ms)
    getProductHistory Static Method
      ΓêÜ should get movement history for 
product (100 ms)
      ΓêÜ should filter by type (94 ms)
      ΓêÜ should limit results (98 ms)
    getSummary Static Method
      ΓêÜ should get movement summary (87 
ms)
    Virtuals
      ΓêÜ should display positive 
quantity with + prefix (26 ms)
      ΓêÜ should display negative 
quantity with - prefix (33 ms)

PASS tests/models/wishlist.test.js
  Wishlist Model
    Schema Validation
      ΓêÜ should create a valid wishlist 
(104 ms)
      ΓêÜ should require user field (48 
ms)
      ΓêÜ should set default addedAt 
timestamp (53 ms)
      ΓêÜ should enforce unique user 
constraint (55 ms)
    Instance Methods
      hasProduct()
        ΓêÜ should return false when 
product is not in wishlist (41 ms)
        ΓêÜ should return true when 
product is in wishlist (58 ms)
        ΓêÜ should work with string 
product ID (50 ms)
      addProduct()
        ΓêÜ should add product to 
wishlist (52 ms)
        ΓêÜ should not add duplicate 
product (54 ms)
        ΓêÜ should store price when added 
(53 ms)
      removeProduct()
        ΓêÜ should remove product from 
wishlist (58 ms)
        ΓêÜ should handle removing 
non-existent product (58 ms)
      getDiscountedProducts()
        ΓêÜ should return products with 
price drop (66 ms)
        ΓêÜ should not return products 
without price drop (57 ms)
    Static Methods
      findOrCreate()
        ΓêÜ should create new wishlist if 
not exists (45 ms)
        ΓêÜ should return existing 
wishlist (46 ms)
    Virtual Fields
      ΓêÜ should calculate itemCount 
correctly (65 ms)
    Edge Cases
      ΓêÜ should handle empty wishlist 
(44 ms)
      ΓêÜ should handle invalid product 
ID gracefully (40 ms)

PASS tests/models/backInStockNotification.
test.js
  BackInStockNotification Model Tests
    Schema Validation
      ΓêÜ should create a valid 
notification subscription (111 ms)
      ΓêÜ should allow subscription with 
user reference (50 ms)
      ΓêÜ should require email field (40 
ms)
      ΓêÜ should require product field 
(52 ms)
      ΓêÜ should reject invalid status 
(27 ms)
      ΓêÜ should handle variant 
subscription (31 ms)
    subscribe Static Method
      ΓêÜ should create new subscription 
(43 ms)
      ΓêÜ should throw error if already 
subscribed (61 ms)
      ΓêÜ should reactivate unsubscribed 
subscription (44 ms)
      ΓêÜ should link subscription to 
user if provided (36 ms)
      ΓêÜ should throw error if product 
not found (29 ms)
      ΓêÜ should throw error if product 
is in stock (36 ms)
    unsubscribe Static Method
      ΓêÜ should unsubscribe successfully 
(44 ms)
      ΓêÜ should throw error if 
subscription not found (29 ms)
    notifySubscribers Static Method
      ΓêÜ should notify all active 
subscribers and return summary (66 ms)
      ΓêÜ should not include unsubscribed 
users (53 ms)
      ΓêÜ should set notifiedAt timestamp 
after notification (52 ms)
      ΓêÜ should return empty result if 
no active subscribers (27 ms)
    getSubscriberCount Static Method
      ΓêÜ should return count of active 
subscribers (50 ms)
      ΓêÜ should return 0 if no 
subscribers (30 ms)
    Compound Index Uniqueness
      ΓêÜ should throw error for 
duplicate active subscriptions (42 ms)
    Variant-specific Subscriptions
      ΓêÜ should allow separate 
subscriptions for different variants (44 
ms)

PASS tests/models/preOrder.test.js
  PreOrder Model Tests
    Schema Validation
      ΓêÜ should create a valid pre-order 
(91 ms)
      ΓêÜ should reject invalid status 
(42 ms)
      ΓêÜ should require product field 
(27 ms)
      ΓêÜ should require contactEmail 
field (30 ms)
    createPreOrder Static Method
      ΓêÜ should create pre-order 
successfully (50 ms)
      ΓêÜ should use regular price if no 
discount price (58 ms)
      ΓêÜ should throw error if product 
not found (40 ms)
      ΓêÜ should throw error if product 
is in stock (35 ms)
      ΓêÜ should throw error if already 
have active pre-order (65 ms)
    notifyWhenInStock Static Method
      ΓêÜ should update status to 
notified and set expiry (70 ms)
      ΓêÜ should only notify pending 
pre-orders (74 ms)
    expireOldPreOrders Static Method
      ΓêÜ should expire old notified 
pre-orders with past expiresAt (47 ms)
      ΓêÜ should not expire valid 
notified pre-orders (42 ms)
    isExpired Virtual
      ΓêÜ should return false if no 
expiresAt (35 ms)
      ΓêÜ should return true if expiresAt 
is in past (32 ms)
      ΓêÜ should return false if 
expiresAt is in future (33 ms)
    Status Transitions
      ΓêÜ should allow transition from 
pending to notified (43 ms)
      ΓêÜ should allow transition from 
notified to converted (46 ms)
      ΓêÜ should allow cancellation from 
any status (38 ms)

PASS tests/controllers/checkout.test.js
  Part 8: Checkout Optimization
    VAT Calculator
      calculateVatFromInclusivePrice
        ΓêÜ should calculate VAT 
correctly from inclusive price (63 ms)
        ΓêÜ should handle zero price (24 
ms)
        ΓêÜ should round correctly (16 ms)
      calculateOrderVat
        ΓêÜ should calculate VAT for 
order items (11 ms)
        ΓêÜ should handle empty items 
array (9 ms)
        ΓêÜ should handle single item (11 
ms)
      validateVatInfo
        ΓêÜ should validate complete VAT 
info (11 ms)
        ΓêÜ should return errors for 
missing company name (15 ms)
        ΓêÜ should return errors for 
missing address (10 ms)
        ΓêÜ should validate tax code 
format (10 digits) (9 ms)
        ΓêÜ should validate tax code 
format (13 digits with dash) (12 ms)
        ΓêÜ should reject invalid tax 
code format (10 ms)
        ΓêÜ should allow empty tax code 
(optional) (9 ms)
      formatCurrency
        ΓêÜ should format currency in VND 
(27 ms)
        ΓêÜ should handle zero (12 ms)
      generateInvoiceNumber
        ΓêÜ should generate invoice 
number with correct format (12 ms)
        ΓêÜ should generate unique 
invoice numbers (10 ms)
      isEligibleForVatInvoice
        ΓêÜ should return true for amount 
>= 200000 (10 ms)
        ΓêÜ should return false for 
amount < 200000 (22 ms)
      calculateShippingCost
        ΓêÜ should return free shipping 
for amount >= 500000 (14 ms)
        ΓêÜ should return 30000 for 
amount < 500000 (13 ms)
    Guest Cart Middleware
      initGuestCart
        ΓêÜ should initialize empty guest 
cart in session (15 ms)
        ΓêÜ should not reinitialize 
existing guest cart (10 ms)
        ΓêÜ should attach guestCart 
methods to req (10 ms)
      Guest Cart Total Calculation
        ΓêÜ should calculate total 
correctly (11 ms)
        ΓêÜ should return 0 for empty 
cart (10 ms)
      Guest Cart Clear
        ΓêÜ should clear all items (10 ms)
      getCartCount
        ΓêÜ should return total item 
count from req.guestCart (9 ms)
    Order Model - Guest Order Fields
      ΓêÜ should create guest order with 
guest info (13 ms)
      ΓêÜ should have VAT invoice fields 
(11 ms)
      ΓêÜ generateGuestToken should 
generate valid token (10 ms)
      ΓêÜ findByGuestToken should be 
defined as static method (10 ms)
    Shipping Cost Calculation
      ΓêÜ should calculate free shipping 
for orders >= 500000 (11 ms)
      ΓêÜ should calculate 30000 shipping 
for orders < 500000 (11 ms)
      ΓêÜ should handle edge case at 
exactly 500000 (11 ms)
    Checkout Flow Integration
      ΓêÜ should calculate correct totals 
for guest checkout (10 ms)
      ΓêÜ should calculate correct totals 
with shipping fee (12 ms)

PASS 
tests/models/product-inventory.test.js
  Product Model - Inventory Features Tests
    Inventory Schema Fields
      ΓêÜ should create product with 
default lowStockThreshold (44 ms)
      ΓêÜ should create product with 
custom lowStockThreshold (19 ms)
      ΓêÜ should create product with 
allowPreOrder option (15 ms)
      ΓêÜ should default allowPreOrder to 
false (13 ms)
      ΓêÜ should store SKU field (13 ms)
      ΓêÜ should store 
estimatedRestockDate (15 ms)
    Stock Status Virtual Fields
      ΓêÜ should return isLowStock=true 
when stock <= threshold (13 ms)
      ΓêÜ should return isLowStock=false 
when stock > threshold (18 ms)
      ΓêÜ should return isOutOfStock=true 
when stock <= 0 (11 ms)
      ΓêÜ should return 
isOutOfStock=false when stock > 0 (15 ms)
      ΓêÜ should return correct 
stockStatus for out-of-stock with 
pre-order (13 ms)
      ΓêÜ should return correct 
stockStatus for out-of-stock without 
pre-order (51 ms)
      ΓêÜ should return correct 
stockStatus for low-stock (17 ms)
      ΓêÜ should return correct 
stockStatus for in-stock (14 ms)
    Stock Operations
      ΓêÜ should update stock correctly 
(29 ms)
      ΓêÜ should not allow negative stock 
(16 ms)
    Query with Inventory Filters
      ΓêÜ should query products with low 
stock using $expr (44 ms)
      ΓêÜ should query out of stock 
products (34 ms)
      ΓêÜ should query in stock products 
(38 ms)
      ΓêÜ should query products with 
pre-order enabled (35 ms)
    Variant Stock Management
      ΓêÜ should handle variant with 
stock (24 ms)
      ΓêÜ should calculate total variant 
stock (20 ms)

PASS tests/middleware/bannedCheck.test.js
  BannedCheck Middleware
    ΓêÜ should allow non-authenticated 
users to proceed (3 ms)
    ΓêÜ should allow authenticated 
non-banned users to proceed (2 ms)
    ΓêÜ should logout and redirect banned 
users (2 ms)
    ΓêÜ should handle logout errors 
gracefully (3 ms)
    ΓêÜ should handle missing user object 
gracefully (2 ms)
    ΓêÜ should handle user without 
isBanned property (2 ms)
    ΓêÜ should only redirect banned 
users, not falsely banned (2 ms)

FAIL tests/controllers/coupon.test.js
  ΓùÅ Test suite failed to run

    SyntaxError: D:\Code\Nodejs\Final_Node
JS\tests\controllers\coupon.test.js: 
Unexpected token, expected "," (477:8)

    [0m [90m 475 |[39m             expe
ct(coupon)[33m.[39mtoBeNull()[33m;[39m
     [90m 476 |[39m             }
    [31m[1m>[22m[39m[90m 477 |[39m  
       })[33m;[39m
     [90m     |[39m         
[31m[1m^[22m[39m
     [90m 478 |[39m
     [90m 479 |[39m         
test([32m'should handle extremely large 
discount'[39m[33m,[39m [36masync[39m 
() [33m=>[39m {
     [90m 480 |[39m             
[36mconst[39m req [33m=[39m global[33
m.[39mtestHelpers[33m.[39mcreateMockReq
({[0m

      at constructor (node_modules/@babel/
parser/src/parse-error.ts:95:45)
      at Parser.toParseError [as raise] (n
ode_modules/@babel/parser/src/tokenizer/in
dex.ts:1504:19)
      at Parser.raise [as unexpected] (nod
e_modules/@babel/parser/src/tokenizer/inde
x.ts:1544:16)
      at Parser.unexpected [as expect] (no
de_modules/@babel/parser/src/parser/util.t
s:157:12)
      at Parser.expect [as 
parseCallExpressionArguments] (node_module
s/@babel/parser/src/parser/expression.ts:1
031:14)
      at 
Parser.parseCallExpressionArguments [as 
parseCoverCallAndAsyncArrowHead] (node_mod
ules/@babel/parser/src/parser/expression.t
s:922:29)
      at 
Parser.parseCoverCallAndAsyncArrowHead 
[as parseSubscript] (node_modules/@babel/p
arser/src/parser/expression.ts:804:19)
      at Parser.parseSubscript [as 
parseSubscripts] (node_modules/@babel/pars
er/src/parser/expression.ts:763:19)
      at Parser.parseSubscripts [as 
parseExprSubscripts] (node_modules/@babel/
parser/src/parser/expression.ts:748:17)
      at Parser.parseExprSubscripts [as 
parseUpdate] (node_modules/@babel/parser/s
rc/parser/expression.ts:721:21)
      at Parser.parseUpdate [as 
parseMaybeUnary] (node_modules/@babel/pars
er/src/parser/expression.ts:683:23)
      at Parser.parseMaybeUnary [as 
parseMaybeUnaryOrPrivate] (node_modules/@b
abel/parser/src/parser/expression.ts:417:1
4)
      at Parser.parseMaybeUnaryOrPrivate 
[as parseExprOps] (node_modules/@babel/par
ser/src/parser/expression.ts:429:23)
      at Parser.parseExprOps [as 
parseMaybeConditional] (node_modules/@babe
l/parser/src/parser/expression.ts:384:23)
      at Parser.parseMaybeConditional [as 
parseMaybeAssign] (node_modules/@babel/par
ser/src/parser/expression.ts:301:21)
      at Parser.parseMaybeAssign [as 
parseExpressionBase] (node_modules/@babel/
parser/src/parser/expression.ts:226:23)
      at parseExpressionBase (node_modules
/@babel/parser/src/parser/expression.ts:21
7:39)
      at Parser.callback [as allowInAnd] (
node_modules/@babel/parser/src/parser/expr
ession.ts:3189:16)
      at Parser.allowInAnd [as 
parseExpression] (node_modules/@babel/pars
er/src/parser/expression.ts:217:17)
      at Parser.parseExpression [as 
parseStatementContent] (node_modules/@babe
l/parser/src/parser/statement.ts:688:23)
      at Parser.parseStatementContent [as 
parseStatementLike] (node_modules/@babel/p
arser/src/parser/statement.ts:482:17)
      at Parser.parseStatementLike [as 
parseStatementListItem] (node_modules/@bab
el/parser/src/parser/statement.ts:431:17)
      at Parser.parseStatementListItem 
[as parseBlockOrModuleBlockBody] (node_mod
ules/@babel/parser/src/parser/statement.ts
:1444:16)
      at 
Parser.parseBlockOrModuleBlockBody [as 
parseBlockBody] (node_modules/@babel/parse
r/src/parser/statement.ts:1417:10)
      at Parser.parseBlockBody [as 
parseBlock] (node_modules/@babel/parser/sr
c/parser/statement.ts:1385:10)
      at Parser.parseBlock [as 
parseFunctionBody] (node_modules/@babel/pa
rser/src/parser/expression.ts:2618:24)
      at Parser.parseFunctionBody [as 
parseArrowExpression] (node_modules/@babel
/parser/src/parser/expression.ts:2559:10)
      at Parser.parseArrowExpression [as 
parseParenAndDistinguishExpression] (node_
modules/@babel/parser/src/parser/expressio
n.ts:1847:12)
      at 
Parser.parseParenAndDistinguishExpression 
[as parseExprAtom] (node_modules/@babel/pa
rser/src/parser/expression.ts:1170:21)
      at Parser.parseExprAtom [as 
parseExprSubscripts] (node_modules/@babel/
parser/src/parser/expression.ts:742:23)
      at Parser.parseExprSubscripts [as 
parseUpdate] (node_modules/@babel/parser/s
rc/parser/expression.ts:721:21)
      at Parser.parseUpdate [as 
parseMaybeUnary] (node_modules/@babel/pars
er/src/parser/expression.ts:683:23)
      at Parser.parseMaybeUnary [as 
parseMaybeUnaryOrPrivate] (node_modules/@b
abel/parser/src/parser/expression.ts:417:1
4)
      at Parser.parseMaybeUnaryOrPrivate 
[as parseExprOps] (node_modules/@babel/par
ser/src/parser/expression.ts:429:23)
      at Parser.parseExprOps [as 
parseMaybeConditional] (node_modules/@babe
l/parser/src/parser/expression.ts:384:23)
      at Parser.parseMaybeConditional [as 
parseMaybeAssign] (node_modules/@babel/par
ser/src/parser/expression.ts:301:21)
      at parseMaybeAssign (node_modules/@b
abel/parser/src/parser/expression.ts:257:1
2)
      at Parser.callback [as allowInAnd] (
node_modules/@babel/parser/src/parser/expr
ession.ts:3194:12)
      at Parser.allowInAnd [as 
parseMaybeAssignAllowIn] (node_modules/@ba
bel/parser/src/parser/expression.ts:256:17
)
      at Parser.parseMaybeAssignAllowIn 
[as parseMaybeAssignAllowInOrVoidPattern] 
(node_modules/@babel/parser/src/parser/exp
ression.ts:3308:17)
      at Parser.parseMaybeAssignAllowInOrV
oidPattern [as parseExprListItem] (node_mo
dules/@babel/parser/src/parser/expression.
ts:2790:18)
      at Parser.parseExprListItem [as 
parseCallExpressionArguments] (node_module
s/@babel/parser/src/parser/expression.ts:1
042:14)
      at 
Parser.parseCallExpressionArguments [as 
parseCoverCallAndAsyncArrowHead] (node_mod
ules/@babel/parser/src/parser/expression.t
s:922:29)
      at 
Parser.parseCoverCallAndAsyncArrowHead 
[as parseSubscript] (node_modules/@babel/p
arser/src/parser/expression.ts:804:19)
      at Parser.parseSubscript [as 
parseSubscripts] (node_modules/@babel/pars
er/src/parser/expression.ts:763:19)
      at Parser.parseSubscripts [as 
parseExprSubscripts] (node_modules/@babel/
parser/src/parser/expression.ts:748:17)
      at Parser.parseExprSubscripts [as 
parseUpdate] (node_modules/@babel/parser/s
rc/parser/expression.ts:721:21)
      at Parser.parseUpdate [as 
parseMaybeUnary] (node_modules/@babel/pars
er/src/parser/expression.ts:683:23)
      at Parser.parseMaybeUnary [as 
parseMaybeUnaryOrPrivate] (node_modules/@b
abel/parser/src/parser/expression.ts:417:1
4)
      at Parser.parseMaybeUnaryOrPrivate 
[as parseExprOps] (node_modules/@babel/par
ser/src/parser/expression.ts:429:23)
      at Parser.parseExprOps [as 
parseMaybeConditional] (node_modules/@babe
l/parser/src/parser/expression.ts:384:23)
      at Parser.parseMaybeConditional [as 
parseMaybeAssign] (node_modules/@babel/par
ser/src/parser/expression.ts:301:21)
      at Parser.parseMaybeAssign [as 
parseExpressionBase] (node_modules/@babel/
parser/src/parser/expression.ts:226:23)
      at parseExpressionBase (node_modules
/@babel/parser/src/parser/expression.ts:21
7:39)
      at Parser.callback [as allowInAnd] (
node_modules/@babel/parser/src/parser/expr
ession.ts:3189:16)
      at Parser.allowInAnd [as 
parseExpression] (node_modules/@babel/pars
er/src/parser/expression.ts:217:17)
      at Parser.parseExpression [as 
parseStatementContent] (node_modules/@babe
l/parser/src/parser/statement.ts:688:23)
      at Parser.parseStatementContent [as 
parseStatementLike] (node_modules/@babel/p
arser/src/parser/statement.ts:482:17)
      at Parser.parseStatementLike [as 
parseStatementListItem] (node_modules/@bab
el/parser/src/parser/statement.ts:431:17)
      at Parser.parseStatementListItem 
[as parseBlockOrModuleBlockBody] (node_mod
ules/@babel/parser/src/parser/statement.ts
:1444:16)
      at 
Parser.parseBlockOrModuleBlockBody [as 
parseBlockBody] (node_modules/@babel/parse
r/src/parser/statement.ts:1417:10)
      at Parser.parseBlockBody [as 
parseBlock] (node_modules/@babel/parser/sr
c/parser/statement.ts:1385:10)
      at Parser.parseBlock [as 
parseFunctionBody] (node_modules/@babel/pa
rser/src/parser/expression.ts:2618:24)
      at Parser.parseFunctionBody [as 
parseArrowExpression] (node_modules/@babel
/parser/src/parser/expression.ts:2559:10)
      at Parser.parseArrowExpression [as 
parseParenAndDistinguishExpression] (node_
modules/@babel/parser/src/parser/expressio
n.ts:1847:12)
      at 
Parser.parseParenAndDistinguishExpression 
[as parseExprAtom] (node_modules/@babel/pa
rser/src/parser/expression.ts:1170:21)
      at Parser.parseExprAtom [as 
parseExprSubscripts] (node_modules/@babel/
parser/src/parser/expression.ts:742:23)
      at Parser.parseExprSubscripts [as 
parseUpdate] (node_modules/@babel/parser/s
rc/parser/expression.ts:721:21)
      at Parser.parseUpdate [as 
parseMaybeUnary] (node_modules/@babel/pars
er/src/parser/expression.ts:683:23)
      at Parser.parseMaybeUnary [as 
parseMaybeUnaryOrPrivate] (node_modules/@b
abel/parser/src/parser/expression.ts:417:1
4)
      at Parser.parseMaybeUnaryOrPrivate 
[as parseExprOps] (node_modules/@babel/par
ser/src/parser/expression.ts:429:23)
      at Parser.parseExprOps [as 
parseMaybeConditional] (node_modules/@babe
l/parser/src/parser/expression.ts:384:23)
      at Parser.parseMaybeConditional [as 
parseMaybeAssign] (node_modules/@babel/par
ser/src/parser/expression.ts:301:21)
      at parseMaybeAssign (node_modules/@b
abel/parser/src/parser/expression.ts:257:1
2)
      at Parser.callback [as allowInAnd] (
node_modules/@babel/parser/src/parser/expr
ession.ts:3194:12)
      at Parser.allowInAnd [as 
parseMaybeAssignAllowIn] (node_modules/@ba
bel/parser/src/parser/expression.ts:256:17
)
      at Parser.parseMaybeAssignAllowIn 
[as parseMaybeAssignAllowInOrVoidPattern] 
(node_modules/@babel/parser/src/parser/exp
ression.ts:3308:17)
      at Parser.parseMaybeAssignAllowInOrV
oidPattern [as parseExprListItem] (node_mo
dules/@babel/parser/src/parser/expression.
ts:2790:18)
      at Parser.parseExprListItem [as 
parseCallExpressionArguments] (node_module
s/@babel/parser/src/parser/expression.ts:1
042:14)
      at 
Parser.parseCallExpressionArguments [as 
parseCoverCallAndAsyncArrowHead] (node_mod
ules/@babel/parser/src/parser/expression.t
s:922:29)
      at 
Parser.parseCoverCallAndAsyncArrowHead 
[as parseSubscript] (node_modules/@babel/p
arser/src/parser/expression.ts:804:19)
      at Parser.parseSubscript [as 
parseSubscripts] (node_modules/@babel/pars
er/src/parser/expression.ts:763:19)
      at Parser.parseSubscripts [as 
parseExprSubscripts] (node_modules/@babel/
parser/src/parser/expression.ts:748:17)
      at Parser.parseExprSubscripts [as 
parseUpdate] (node_modules/@babel/parser/s
rc/parser/expression.ts:721:21)
      at Parser.parseUpdate [as 
parseMaybeUnary] (node_modules/@babel/pars
er/src/parser/expression.ts:683:23)
      at Parser.parseMaybeUnary [as 
parseMaybeUnaryOrPrivate] (node_modules/@b
abel/parser/src/parser/expression.ts:417:1
4)
      at Parser.parseMaybeUnaryOrPrivate 
[as parseExprOps] (node_modules/@babel/par
ser/src/parser/expression.ts:429:23)
      at Parser.parseExprOps [as 
parseMaybeConditional] (node_modules/@babe
l/parser/src/parser/expression.ts:384:23)
      at Parser.parseMaybeConditional [as 
parseMaybeAssign] (node_modules/@babel/par
ser/src/parser/expression.ts:301:21)
      at Parser.parseMaybeAssign [as 
parseExpressionBase] (node_modules/@babel/
parser/src/parser/expression.ts:226:23)
      at parseExpressionBase (node_modules
/@babel/parser/src/parser/expression.ts:21
7:39)
      at Parser.callback [as allowInAnd] (
node_modules/@babel/parser/src/parser/expr
ession.ts:3189:16)
      at Parser.allowInAnd [as 
parseExpression] (node_modules/@babel/pars
er/src/parser/expression.ts:217:17)
      at Parser.parseExpression [as 
parseStatementContent] (node_modules/@babe
l/parser/src/parser/statement.ts:688:23)
      at Parser.parseStatementContent [as 
parseStatementLike] (node_modules/@babel/p
arser/src/parser/statement.ts:482:17)
      at Parser.parseStatementLike [as 
parseModuleItem] (node_modules/@babel/pars
er/src/parser/statement.ts:419:17)
      at Parser.parseModuleItem [as 
parseBlockOrModuleBlockBody] (node_modules
/@babel/parser/src/parser/statement.ts:144
3:16)
      at 
Parser.parseBlockOrModuleBlockBody [as 
parseBlockBody] (node_modules/@babel/parse
r/src/parser/statement.ts:1417:10)
      at Parser.parseBlockBody [as 
parseProgram] (node_modules/@babel/parser/
src/parser/statement.ts:229:10)
      at Parser.parseProgram [as 
parseTopLevel] (node_modules/@babel/parser
/src/parser/statement.ts:203:25)

FAIL tests/controllers/admin.test.js
  ΓùÅ Test suite failed to run

    OverwriteModelError: Cannot overwrite 
`Order` model once compiled.

    [0m [90m 190 |[39m }[33m;[39m
     [90m 191 |[39m
    [31m[1m>[22m[39m[90m 192 |[39m 
module[33m.[39mexports [33m=[39m mongo
ose[33m.[39mmodel([32m'Order'[39m[33m
,[39m orderSchema)[33m;[39m
     [90m     |[39m                     
      [31m[1m^[22m[39m[0m

      at Mongoose.model (node_modules/mong
oose/lib/index.js:577:13)
      at Object.model 
(models/order.js:192:27)
      at Object.require 
(controllers/admin.js:2:15)
      at Object.require 
(tests/controllers/admin.test.js:12:25)

Summary of all failing tests
FAIL tests/controllers/order.test.js 
(7.905 s)
  ΓùÅ Order Controller ΓÇ║ 
postGuestCheckout ΓÇ║ should create order 
for guest user - happy path

    
expect(received).toBeGreaterThan(expected)

    Expected: > 0
    Received:   0

    [0m [90m 312 |[39m
     [90m 313 |[39m             
[36mconst[39m orders [33m=[39m 
[36mawait[39m 
[33mOrder[39m[33m.[39mfind({ 
[32m'guestInfo.email'[39m[33m:[39m 
[32m'guest@example.com'[39m 
})[33m;[39m
    [31m[1m>[22m[39m[90m 314 |[39m  
           expect(orders[33m.[39mlength)
[33m.[39mtoBeGreaterThan([35m0[39m)[3
3m;[39m
     [90m     |[39m                     
              [31m[1m^[22m[39m
     [90m 315 |[39m         
})[33m;[39m
     [90m 316 |[39m
     [90m 317 |[39m         
test([32m'should require valid email - 
400'[39m[33m,[39m [36masync[39m () 
[33m=>[39m {[0m

      at Object.toBeGreaterThan 
(tests/controllers/order.test.js:314:35)

  ΓùÅ Order Controller ΓÇ║ 
oneClickCheckout ΓÇ║ should create order 
with default address - happy path

    
expect(received).toBeGreaterThan(expected)

    Expected: > 0
    Received:   0

    [0m [90m 384 |[39m
     [90m 385 |[39m             
[36mconst[39m orders [33m=[39m 
[36mawait[39m 
[33mOrder[39m[33m.[39mfind({ 
user[33m:[39m user[33m.[39m_id 
})[33m;[39m
    [31m[1m>[22m[39m[90m 386 |[39m  
           expect(orders[33m.[39mlength)
[33m.[39mtoBeGreaterThan([35m0[39m)[3
3m;[39m
     [90m     |[39m                     
              [31m[1m^[22m[39m
     [90m 387 |[39m         
})[33m;[39m
     [90m 388 |[39m
     [90m 389 |[39m         
test([32m'should fail if no default 
address - 400'[39m[33m,[39m 
[36masync[39m () [33m=>[39m {[0m

      at Object.toBeGreaterThan 
(tests/controllers/order.test.js:386:35)

  ΓùÅ Order Controller ΓÇ║ trackOrder ΓÇ║ 
should display order tracking - happy path

    expect(jest.fn()).toHaveBeenCalledWith
(...expected)

    Expected: "orders/track", 
ObjectContaining {"order": Any<Object>}

    Number of calls: 0

    [0m [90m 438 |[39m             
[36mawait[39m orderController[33m.[39m
trackOrder(req[33m,[39m res)[33m;[39m
     [90m 439 |[39m
    [31m[1m>[22m[39m[90m 440 |[39m  
           expect(res[33m.[39mrender)[3
3m.[39mtoHaveBeenCalledWith(
     [90m     |[39m                     
           [31m[1m^[22m[39m
     [90m 441 |[39m                 
[32m'orders/track'[39m[33m,[39m
     [90m 442 |[39m                 
expect[33m.[39mobjectContaining({
     [90m 443 |[39m                     
order[33m:[39m 
expect[33m.[39many([33mObject[39m)[0m

      at Object.toHaveBeenCalledWith 
(tests/controllers/order.test.js:440:32)

  ΓùÅ Order Controller ΓÇ║ 
trackGuestOrder ΓÇ║ should reject wrong 
email for guest order - 403

    expect(jest.fn()).toHaveBeenCalledWith
(...expected)

    Expected: "error", Any<String>

    Number of calls: 0

    [0m [90m 544 |[39m             
[36mawait[39m orderController[33m.[39m
trackGuestOrder(req[33m,[39m 
res)[33m;[39m
     [90m 545 |[39m
    [31m[1m>[22m[39m[90m 546 |[39m  
           expect(req[33m.[39mflash)[33
m.[39mtoHaveBeenCalledWith([32m'error'[
39m[33m,[39m expect[33m.[39many([33mS
tring[39m))[33m;[39m
     [90m     |[39m                     
          [31m[1m^[22m[39m
     [90m 547 |[39m         
})[33m;[39m
     [90m 548 |[39m
     [90m 549 |[39m         
test([32m'should require email parameter 
- 400'[39m[33m,[39m [36masync[39m () 
[33m=>[39m {[0m

      at Object.toHaveBeenCalledWith 
(tests/controllers/order.test.js:546:31)

  ΓùÅ Order Controller ΓÇ║ 
trackGuestOrder ΓÇ║ should require email 
parameter - 400

    ValidationError: Order validation 
failed: user: Path `user` is required.

      at model.Document.invalidate (node_m
odules/mongoose/lib/document.js:3219:32)
      at node_modules/mongoose/lib/documen
t.js:3012:17
      at node_modules/mongoose/lib/schemat
ype.js:1368:9

  ΓùÅ Order Controller ΓÇ║ getInvoice ΓÇ║ 
should display invoice - happy path

    expect(jest.fn()).toHaveBeenCalledWith
(...expected)

    Expected: "orders/invoice", 
ObjectContaining {"order": Any<Object>}

    Number of calls: 0

    [0m [90m 719 |[39m             
[36mawait[39m orderController[33m.[39m
getInvoice(req[33m,[39m res)[33m;[39m
     [90m 720 |[39m
    [31m[1m>[22m[39m[90m 721 |[39m  
           expect(res[33m.[39mrender)[3
3m.[39mtoHaveBeenCalledWith(
     [90m     |[39m                     
           [31m[1m^[22m[39m
     [90m 722 |[39m                 
[32m'orders/invoice'[39m[33m,[39m
     [90m 723 |[39m                 
expect[33m.[39mobjectContaining({
     [90m 724 |[39m                     
order[33m:[39m 
expect[33m.[39many([33mObject[39m)[0m

      at Object.toHaveBeenCalledWith 
(tests/controllers/order.test.js:721:32)

  ΓùÅ Order Controller ΓÇ║ 
downloadInvoicePDF ΓÇ║ should handle PDF 
generation error - 500

    expect(jest.fn()).toHaveBeenCalledWith
(...expected)

    Expected: "error", Any<String>

    Number of calls: 0

    [0m [90m 826 |[39m             
[36mawait[39m orderController[33m.[39m
downloadInvoicePDF(req[33m,[39m 
res)[33m;[39m
     [90m 827 |[39m
    [31m[1m>[22m[39m[90m 828 |[39m  
           expect(req[33m.[39mflash)[33
m.[39mtoHaveBeenCalledWith([32m'error'[
39m[33m,[39m expect[33m.[39many([33mS
tring[39m))[33m;[39m
     [90m     |[39m                     
          [31m[1m^[22m[39m
     [90m 829 |[39m         
})[33m;[39m
     [90m 830 |[39m     })[33m;[39m
     [90m 831 |[39m[0m

      at Object.toHaveBeenCalledWith 
(tests/controllers/order.test.js:828:31)

  ΓùÅ Order Controller ΓÇ║ 
requestVatInvoice ΓÇ║ should request VAT 
invoice with company info - happy path

    expect(received).toBe(expected) // 
Object.is equality

    Expected: true
    Received: false

    [0m [90m 855 |[39m
     [90m 856 |[39m             
[36mconst[39m updated [33m=[39m 
[36mawait[39m [33mOrder[39m[33m.[39m
findById(order[33m.[39m_id)[33m;[39m
    [31m[1m>[22m[39m[90m 857 |[39m  
           expect(updated[33m.[39mvatInv
oice)[33m.[39mtoBe([36mtrue[39m)[33m;
[39m
     [90m     |[39m                     
                   [31m[1m^[22m[39m
     [90m 858 |[39m         
})[33m;[39m
     [90m 859 |[39m
     [90m 860 |[39m         
test([32m'should validate tax code 
format - 400'[39m[33m,[39m 
[36masync[39m () [33m=>[39m {[0m

      at Object.toBe 
(tests/controllers/order.test.js:857:40)

  ΓùÅ Order Controller ΓÇ║ 
requestVatInvoice ΓÇ║ should validate tax 
code format - 400

    expect(jest.fn()).toHaveBeenCalledWith
(...expected)

    Expected: "error", Any<String>

    Number of calls: 0

    [0m [90m 881 |[39m             
[36mawait[39m orderController[33m.[39m
requestVatInvoice(req[33m,[39m 
res)[33m;[39m
     [90m 882 |[39m
    [31m[1m>[22m[39m[90m 883 |[39m  
           expect(req[33m.[39mflash)[33
m.[39mtoHaveBeenCalledWith([32m'error'[
39m[33m,[39m expect[33m.[39many([33mS
tring[39m))[33m;[39m
     [90m     |[39m                     
          [31m[1m^[22m[39m
     [90m 884 |[39m         
})[33m;[39m
     [90m 885 |[39m
     [90m 886 |[39m         
test([32m'should reject duplicate VAT 
invoice request - 400'[39m[33m,[39m 
[36masync[39m () [33m=>[39m {[0m

      at Object.toHaveBeenCalledWith 
(tests/controllers/order.test.js:883:31)

  ΓùÅ Order Controller ΓÇ║ 
requestVatInvoice ΓÇ║ should reject 
duplicate VAT invoice request - 400

    expect(jest.fn()).toHaveBeenCalledWith
(...expected)

    Expected: "error", Any<String>

    Number of calls: 0

    [0m [90m 910 |[39m             
[36mawait[39m orderController[33m.[39m
requestVatInvoice(req[33m,[39m 
res)[33m;[39m
     [90m 911 |[39m
    [31m[1m>[22m[39m[90m 912 |[39m  
           expect(req[33m.[39mflash)[33
m.[39mtoHaveBeenCalledWith([32m'error'[
39m[33m,[39m expect[33m.[39many([33mS
tring[39m))[33m;[39m
     [90m     |[39m                     
          [31m[1m^[22m[39m
     [90m 913 |[39m         
})[33m;[39m
     [90m 914 |[39m     })[33m;[39m
     [90m 915 |[39m[0m

      at Object.toHaveBeenCalledWith 
(tests/controllers/order.test.js:912:31)

FAIL tests/models/order.test.js (7.286 s)
  ΓùÅ Order Model ΓÇ║ Guest Orders ΓÇ║ 
should create order with guestEmail 
instead of user

    ValidationError: Order validation 
failed: user: Path `user` is required.

      at model.Document.invalidate (node_m
odules/mongoose/lib/document.js:3219:32)
      at node_modules/mongoose/lib/documen
t.js:3012:17
      at node_modules/mongoose/lib/schemat
ype.js:1368:9

  ΓùÅ Order Model ΓÇ║ Payment Information 
ΓÇ║ should store payment method

    expect(received).toBe(expected) // 
Object.is equality

    Expected: "COD"
    Received: undefined

    [0m [90m 362 |[39m             
[36mawait[39m 
order[33m.[39msave()[33m;[39m
     [90m 363 |[39m
    [31m[1m>[22m[39m[90m 364 |[39m  
           expect(order[33m.[39mpaymentM
ethod)[33m.[39mtoBe([32m'COD'[39m)[33
m;[39m
     [90m     |[39m                     
                    [31m[1m^[22m[39m
     [90m 365 |[39m         
})[33m;[39m
     [90m 366 |[39m
     [90m 367 |[39m         
test([32m'should allow different payment 
methods'[39m[33m,[39m [36masync[39m 
() [33m=>[39m {[0m

      at Object.toBe 
(tests/models/order.test.js:364:41)

  ΓùÅ Order Model ΓÇ║ Payment Information 
ΓÇ║ should allow different payment methods

    expect(received).toBe(expected) // 
Object.is equality

    Expected: "COD"
    Received: undefined

    [0m [90m 376 |[39m                 
[36mconst[39m order [33m=[39m 
[36mnew[39m 
[33mOrder[39m(orderData)[33m;[39m
     [90m 377 |[39m                 
[36mawait[39m 
order[33m.[39msave()[33m;[39m
    [31m[1m>[22m[39m[90m 378 |[39m  
               expect(order[33m.[39mpaym
entMethod)[33m.[39mtoBe(method)[33m;[3
9m
     [90m     |[39m                     
                        
[31m[1m^[22m[39m
     [90m 379 |[39m             }
     [90m 380 |[39m         
})[33m;[39m
     [90m 381 |[39m[0m

      at Object.toBe 
(tests/models/order.test.js:378:45)

  ΓùÅ Order Model ΓÇ║ Coupons and 
Discounts ΓÇ║ should apply coupon discount

    expect(received).toBe(expected) // 
Object.is equality

    Expected: 10000
    Received: undefined

    [0m [90m 408 |[39m
     [90m 409 |[39m             expect(o
rder[33m.[39mcouponCode)[33m.[39mtoBe(
[32m'TEST5'[39m)[33m;[39m
    [31m[1m>[22m[39m[90m 410 |[39m  
           expect(order[33m.[39mcouponDi
scount)[33m.[39mtoBe([35m10000[39m)[3
3m;[39m
     [90m     |[39m                     
                     [31m[1m^[22m[39m
     [90m 411 |[39m         
})[33m;[39m
     [90m 412 |[39m
     [90m 413 |[39m         
test([32m'should calculate total with 
discount'[39m[33m,[39m [36masync[39m 
() [33m=>[39m {[0m

      at Object.toBe 
(tests/models/order.test.js:410:42)

  ΓùÅ Order Model ΓÇ║ Coupons and 
Discounts ΓÇ║ should calculate total with 
discount

    expect(received).toBe(expected) // 
Object.is equality

    Expected: 180000
    Received: 200000

    [0m [90m 422 |[39m
     [90m 423 |[39m             
[36mconst[39m finalTotal [33m=[39m 
order[33m.[39mtotal [33m-[39m 
(order[33m.[39mcouponDiscount 
[33m||[39m [35m0[39m)[33m;[39m
    [31m[1m>[22m[39m[90m 424 |[39m  
           expect(finalTotal)[33m.[39mto
Be([35m180000[39m)[33m;[39m
     [90m     |[39m                     
           [31m[1m^[22m[39m
     [90m 425 |[39m         
})[33m;[39m
     [90m 426 |[39m
     [90m 427 |[39m         
test([32m'should apply loyalty points 
discount'[39m[33m,[39m [36masync[39m 
() [33m=>[39m {[0m

      at Object.toBe 
(tests/models/order.test.js:424:32)

  ΓùÅ Order Model ΓÇ║ Coupons and 
Discounts ΓÇ║ should apply loyalty points 
discount

    expect(received).toBe(expected) // 
Object.is equality

    Expected: 50000
    Received: undefined

    [0m [90m 436 |[39m
     [90m 437 |[39m             expect(o
rder[33m.[39mloyaltyPointsUsed)[33m.[3
9mtoBe([35m500[39m)[33m;[39m
    [31m[1m>[22m[39m[90m 438 |[39m  
           expect(order[33m.[39mloyaltyP
ointsDiscount)[33m.[39mtoBe([35m50000[
39m)[33m;[39m
     [90m     |[39m                     
                            
[31m[1m^[22m[39m
     [90m 439 |[39m         
})[33m;[39m
     [90m 440 |[39m     })[33m;[39m
     [90m 441 |[39m[0m

      at Object.toBe 
(tests/models/order.test.js:438:49)

  ΓùÅ Order Model ΓÇ║ VAT Invoice ΓÇ║ 
should handle VAT invoice request

    expect(received).toBe(expected) // 
Object.is equality

    Expected: true
    Received: undefined

    [0m [90m 458 |[39m             
[36mawait[39m 
order[33m.[39msave()[33m;[39m
     [90m 459 |[39m
    [31m[1m>[22m[39m[90m 460 |[39m  
           expect(order[33m.[39mvatInvoi
ceRequested)[33m.[39mtoBe([36mtrue[39m
)[33m;[39m
     [90m     |[39m                     
                          
[31m[1m^[22m[39m
     [90m 461 |[39m             expect(o
rder[33m.[39mvatInfo[33m.[39mcompanyNa
me)[33m.[39mtoBe([32m'Test 
Company'[39m)[33m;[39m
     [90m 462 |[39m         
})[33m;[39m
     [90m 463 |[39m[0m

      at Object.toBe 
(tests/models/order.test.js:460:47)

  ΓùÅ Order Model ΓÇ║ Edge Cases ΓÇ║ 
should handle order notes

    expect(received).toBe(expected) // 
Object.is equality

    Expected: "Please deliver after 5 PM"
    Received: undefined

    [0m [90m 563 |[39m             
[36mawait[39m 
order[33m.[39msave()[33m;[39m
     [90m 564 |[39m
    [31m[1m>[22m[39m[90m 565 |[39m  
           expect(order[33m.[39mnotes)[
33m.[39mtoBe([32m'Please deliver after 
5 PM'[39m)[33m;[39m
     [90m     |[39m                     
            [31m[1m^[22m[39m
     [90m 566 |[39m         
})[33m;[39m
     [90m 567 |[39m
     [90m 568 |[39m         
test([32m'should handle null/undefined 
optional fields'[39m[33m,[39m 
[36masync[39m () [33m=>[39m {[0m

      at Object.toBe 
(tests/models/order.test.js:565:33)

FAIL tests/controllers/auth.test.js
  ΓùÅ Authentication Controller ΓÇ║ 
postResetPassword ΓÇ║ should reset 
password with valid token

    expect(received).toBe(expected) // 
Object.is equality

    Expected: true
    Received: false

    [0m [90m 298 |[39m             
[36mconst[39m updatedUser [33m=[39m 
[36mawait[39m 
[33mUser[39m[33m.[39mfindOne({ 
email[33m:[39m 
[32m'tokenreset@example.com'[39m 
})[33m;[39m
     [90m 299 |[39m             
[36mconst[39m isNewPasswordValid 
[33m=[39m [36mawait[39m bcrypt[33m.[
39mcompare([32m'newPassword123'[39m[33m
,[39m 
updatedUser[33m.[39mpassword)[33m;[39m
    [31m[1m>[22m[39m[90m 300 |[39m  
           expect(isNewPasswordValid)[33m
.[39mtoBe([36mtrue[39m)[33m;[39m
     [90m     |[39m                     
                   [31m[1m^[22m[39m
     [90m 301 |[39m
     [90m 302 |[39m             [90m// 
Verify token was cleared[39m
     [90m 303 |[39m             expect(u
pdatedUser[33m.[39mresetToken)[33m.[39
mtoBeUndefined()[33m;[39m[0m

      at Object.toBe 
(tests/controllers/auth.test.js:300:40)

  ΓùÅ Authentication Controller ΓÇ║ 
postResetPassword ΓÇ║ should reject 
invalid token

    expect(jest.fn()).toHaveBeenCalled()

    Expected number of calls: >= 1
    Received number of calls:    0

    [0m [90m 343 |[39m
     [90m 344 |[39m             [90m// 
Should render error or redirect[39m
    [31m[1m>[22m[39m[90m 345 |[39m  
           expect(res[33m.[39mrender)[3
3m.[39mtoHaveBeenCalled()[33m;[39m
     [90m     |[39m                     
           [31m[1m^[22m[39m
     [90m 346 |[39m         
})[33m;[39m
     [90m 347 |[39m     })[33m;[39m
     [90m 348 |[39m[0m

      at Object.toHaveBeenCalled 
(tests/controllers/auth.test.js:345:32)

FAIL tests/controllers/products.test.js
  ΓùÅ Products Controller ΓÇ║ getProducts 
ΓÇ║ Edge cases ΓÇ║ should handle invalid 
page number

    expect(jest.fn()).toHaveBeenCalled()

    Expected number of calls: >= 1
    Received number of calls:    0

    [0m [90m 142 |[39m                 
[36mawait[39m productsController[33m.[
39mgetProducts(req[33m,[39m 
res)[33m;[39m
     [90m 143 |[39m
    [31m[1m>[22m[39m[90m 144 |[39m  
               expect(res[33m.[39mrender
)[33m.[39mtoHaveBeenCalled()[33m;[39m
     [90m     |[39m                     
               [31m[1m^[22m[39m
     [90m 145 |[39m             
})[33m;[39m
     [90m 146 |[39m         
})[33m;[39m
     [90m 147 |[39m[0m

      at Object.toHaveBeenCalled (tests/co
ntrollers/products.test.js:144:36)

  ΓùÅ Products Controller ΓÇ║ getProducts 
ΓÇ║ Server errors (500) ΓÇ║ should handle 
database errors gracefully

    expect(jest.fn()).toHaveBeenCalledWith
(...expected)

    Expected: 500

    Number of calls: 0

    [0m [90m 152 |[39m                 
[36mawait[39m productsController[33m.[
39mgetProducts(req[33m,[39m 
res)[33m;[39m
     [90m 153 |[39m
    [31m[1m>[22m[39m[90m 154 |[39m  
               expect(res[33m.[39mstatus
)[33m.[39mtoHaveBeenCalledWith([35m500
[39m)[33m;[39m
     [90m     |[39m                     
               [31m[1m^[22m[39m
     [90m 155 |[39m             
})[33m;[39m
     [90m 156 |[39m         
})[33m;[39m
     [90m 157 |[39m     
})[33m;[39m[0m

      at Object.toHaveBeenCalledWith (test
s/controllers/products.test.js:154:36)

  ΓùÅ Products Controller ΓÇ║ getProducts 
ΓÇ║ Server errors (500) ΓÇ║ should handle 
database errors gracefully

    DB Error

    [0m [90m 148 |[39m         
describe([32m'Server errors 
(500)'[39m[33m,[39m () [33m=>[39m {
     [90m 149 |[39m             
it([32m'should handle database errors 
gracefully'[39m[33m,[39m 
[36masync[39m () [33m=>[39m {
    [31m[1m>[22m[39m[90m 150 |[39m  
               jest[33m.[39mspyOn([33mP
roduct[39m[33m,[39m [32m'find'[39m)[
33m.[39mmockRejectedValueOnce([36mnew[3
9m [33mError[39m([32m'DB 
Error'[39m))[33m;[39m
     [90m     |[39m                     
                                          
    [31m[1m^[22m[39m
     [90m 151 |[39m
     [90m 152 |[39m                 
[36mawait[39m productsController[33m.[
39mgetProducts(req[33m,[39m 
res)[33m;[39m
     [90m 153 |[39m[0m

      at Object.<anonymous> (tests/control
lers/products.test.js:150:67)

  ΓùÅ Products Controller ΓÇ║ 
getProductDetail ΓÇ║ Not found (404) ΓÇ║ 
should return 404 for non-existent product

    expect(jest.fn()).toHaveBeenCalledWith
(...expected)

    Expected: 404

    Number of calls: 0

    [0m [90m 198 |[39m                 
[36mawait[39m productsController[33m.[
39mgetProductDetail(req[33m,[39m 
res)[33m;[39m
     [90m 199 |[39m
    [31m[1m>[22m[39m[90m 200 |[39m  
               expect(res[33m.[39mstatus
)[33m.[39mtoHaveBeenCalledWith([35m404
[39m)[33m;[39m
     [90m     |[39m                     
               [31m[1m^[22m[39m
     [90m 201 |[39m             
})[33m;[39m
     [90m 202 |[39m         
})[33m;[39m
     [90m 203 |[39m[0m

      at Object.toHaveBeenCalledWith (test
s/controllers/products.test.js:200:36)

  ΓùÅ Products Controller ΓÇ║ 
postAddReview ΓÇ║ Happy path ΓÇ║ should 
add review to product successfully

    TypeError: Cannot read properties of 
undefined (reading 'length')

    [0m [90m 242 |[39m
     [90m 243 |[39m                 
[36mconst[39m updatedProduct 
[33m=[39m [36mawait[39m [33mProduct[
39m[33m.[39mfindById(product[33m.[39m_
id)[33m;[39m
    [31m[1m>[22m[39m[90m 244 |[39m  
               expect(updatedProduct[33m.
[39mreviews[33m.[39mlength)[33m.[39mt
oBe([35m1[39m)[33m;[39m
     [90m     |[39m                     
                          
[31m[1m^[22m[39m
     [90m 245 |[39m                 expe
ct(req[33m.[39mflash)[33m.[39mtoHaveBe
enCalledWith([32m'success'[39m[33m,[39
m expect[33m.[39many([33mString[39m))
[33m;[39m
     [90m 246 |[39m             
})[33m;[39m
     [90m 247 |[39m[0m

      at Object.length (tests/controllers/
products.test.js:244:47)

  ΓùÅ Products Controller ΓÇ║ 
postAddReview ΓÇ║ Happy path ΓÇ║ should 
update average rating after adding review

    
expect(received).toBeGreaterThan(expected)

    Expected: > 0
    Received:   0

    [0m [90m 261 |[39m
     [90m 262 |[39m                 
[36mconst[39m updatedProduct 
[33m=[39m [36mawait[39m [33mProduct[
39m[33m.[39mfindById(product[33m.[39m_
id)[33m;[39m
    [31m[1m>[22m[39m[90m 263 |[39m  
               expect(updatedProduct[33m.
[39maverageRating)[33m.[39mtoBeGreaterT
han([35m0[39m)[33m;[39m
     [90m     |[39m                     
                                 
[31m[1m^[22m[39m
     [90m 264 |[39m             
})[33m;[39m
     [90m 265 |[39m         
})[33m;[39m
     [90m 266 |[39m[0m

      at Object.toBeGreaterThan (tests/con
trollers/products.test.js:263:54)

  ΓùÅ Products Controller ΓÇ║ 
postAddReview ΓÇ║ Validation errors (400) 
ΓÇ║ should reject duplicate review from 
same user

    expect(jest.fn()).toHaveBeenCalledWith
(...expected)

    Expected: "error", StringContaining 
"─æ├ú ─æ├ính gi├í"
    Received: "error", "Bß║ín cß║ºn mua 
v├á nhß║¡n sß║ún phß║⌐m n├áy tr╞░ß╗¢c khi 
─æ├ính gi├í."

    Number of calls: 1

    [0m [90m 319 |[39m                 
[36mawait[39m productsController[33m.[
39mpostAddReview(req[33m,[39m 
res)[33m;[39m
     [90m 320 |[39m
    [31m[1m>[22m[39m[90m 321 |[39m  
               expect(req[33m.[39mflash)
[33m.[39mtoHaveBeenCalledWith([32m'erro
r'[39m[33m,[39m expect[33m.[39mstring
Containing([32m'─æ├ú ─æ├ính 
gi├í'[39m))[33m;[39m
     [90m     |[39m                     
              [31m[1m^[22m[39m
     [90m 322 |[39m             
})[33m;[39m
     [90m 323 |[39m         
})[33m;[39m
     [90m 324 |[39m[0m

      at Object.toHaveBeenCalledWith (test
s/controllers/products.test.js:321:35)

  ΓùÅ Products Controller ΓÇ║ 
postAddReview ΓÇ║ Authentication errors 
(401) ΓÇ║ should reject review from 
unauthenticated user

    expect(jest.fn()).toHaveBeenCalledWith
(...expected)

    Expected: "/auth/login"
    Received: "/auth/login?returnTo=/produ
cts/test-product"

    Number of calls: 1

    [0m [90m 336 |[39m                 
[36mawait[39m productsController[33m.[
39mpostAddReview(req[33m,[39m 
res)[33m;[39m
     [90m 337 |[39m
    [31m[1m>[22m[39m[90m 338 |[39m  
               expect(res[33m.[39mredire
ct)[33m.[39mtoHaveBeenCalledWith([32m'/
auth/login'[39m)[33m;[39m
     [90m     |[39m                     
                 [31m[1m^[22m[39m
     [90m 339 |[39m             
})[33m;[39m
     [90m 340 |[39m         
})[33m;[39m
     [90m 341 |[39m[0m

      at Object.toHaveBeenCalledWith (test
s/controllers/products.test.js:338:38)

  ΓùÅ Products Controller ΓÇ║ 
postAddReview ΓÇ║ Not found (404) ΓÇ║ 
should reject review for non-existent 
product

    expect(jest.fn()).toHaveBeenCalledWith
(...expected)

    Expected: "error", StringContaining 
"kh├┤ng t├¼m thß║Ñy"
    Received: "error", "Kh├┤ng t├¼m 
thß║Ñy sß║ún phß║⌐m."

    Number of calls: 1

    [0m [90m 354 |[39m                 
[36mawait[39m productsController[33m.[
39mpostAddReview(req[33m,[39m 
res)[33m;[39m
     [90m 355 |[39m
    [31m[1m>[22m[39m[90m 356 |[39m  
               expect(req[33m.[39mflash)
[33m.[39mtoHaveBeenCalledWith([32m'erro
r'[39m[33m,[39m expect[33m.[39mstring
Containing([32m'kh├┤ng t├¼m 
thß║Ñy'[39m))[33m;[39m
     [90m     |[39m                     
              [31m[1m^[22m[39m
     [90m 357 |[39m             
})[33m;[39m
     [90m 358 |[39m         
})[33m;[39m
     [90m 359 |[39m     
})[33m;[39m[0m

      at Object.toHaveBeenCalledWith (test
s/controllers/products.test.js:356:35)

  ΓùÅ Products Controller ΓÇ║ 
createPreOrder ΓÇ║ Happy path ΓÇ║ should 
create pre-order successfully

    expect(received).toBeTruthy()

    Received: null

    [0m [90m 377 |[39m
     [90m 378 |[39m                 
[36mconst[39m preOrder [33m=[39m 
[36mawait[39m 
[33mPreOrder[39m[33m.[39mfindOne({ 
product[33m:[39m product[33m.[39m_id 
})[33m;[39m
    [31m[1m>[22m[39m[90m 379 |[39m  
               expect(preOrder)[33m.[39m
toBeTruthy()[33m;[39m
     [90m     |[39m                     
             [31m[1m^[22m[39m
     [90m 380 |[39m                 expe
ct(req[33m.[39mflash)[33m.[39mtoHaveBe
enCalledWith([32m'success'[39m[33m,[39
m expect[33m.[39many([33mString[39m))
[33m;[39m
     [90m 381 |[39m             
})[33m;[39m
     [90m 382 |[39m         
})[33m;[39m[0m

      at Object.toBeTruthy (tests/controll
ers/products.test.js:379:34)

  ΓùÅ Products Controller ΓÇ║ 
createPreOrder ΓÇ║ Validation errors 
(400) ΓÇ║ should reject pre-order for 
in-stock product

    expect(jest.fn()).toHaveBeenCalledWith
(...expected)

    Expected: "error", StringContaining 
"c├▓n h├áng"

    Number of calls: 0

    [0m [90m 396 |[39m                 
[36mawait[39m productsController[33m.[
39mcreatePreOrder(req[33m,[39m 
res)[33m;[39m
     [90m 397 |[39m
    [31m[1m>[22m[39m[90m 398 |[39m  
               expect(req[33m.[39mflash)
[33m.[39mtoHaveBeenCalledWith([32m'erro
r'[39m[33m,[39m expect[33m.[39mstring
Containing([32m'c├▓n 
h├áng'[39m))[33m;[39m
     [90m     |[39m                     
              [31m[1m^[22m[39m
     [90m 399 |[39m             
})[33m;[39m
     [90m 400 |[39m
     [90m 401 |[39m             
it([32m'should reject pre-order with 
invalid quantity'[39m[33m,[39m 
[36masync[39m () [33m=>[39m {[0m

      at Object.toHaveBeenCalledWith (test
s/controllers/products.test.js:398:35)

  ΓùÅ Products Controller ΓÇ║ 
createPreOrder ΓÇ║ Validation errors 
(400) ΓÇ║ should reject pre-order with 
invalid quantity

    expect(jest.fn()).toHaveBeenCalledWith
(...expected)

    Expected: "error", Any<String>

    Number of calls: 0

    [0m [90m 412 |[39m                 
[36mawait[39m productsController[33m.[
39mcreatePreOrder(req[33m,[39m 
res)[33m;[39m
     [90m 413 |[39m
    [31m[1m>[22m[39m[90m 414 |[39m  
               expect(req[33m.[39mflash)
[33m.[39mtoHaveBeenCalledWith([32m'erro
r'[39m[33m,[39m expect[33m.[39many([
33mString[39m))[33m;[39m
     [90m     |[39m                     
              [31m[1m^[22m[39m
     [90m 415 |[39m             
})[33m;[39m
     [90m 416 |[39m
     [90m 417 |[39m             
it([32m'should reject duplicate 
pre-order'[39m[33m,[39m 
[36masync[39m () [33m=>[39m {[0m

      at Object.toHaveBeenCalledWith (test
s/controllers/products.test.js:414:35)

  ΓùÅ Products Controller ΓÇ║ 
createPreOrder ΓÇ║ Validation errors 
(400) ΓÇ║ should reject duplicate 
pre-order

    expect(jest.fn()).toHaveBeenCalledWith
(...expected)

    Expected: "error", StringContaining 
"─æ├ú ─æß║╖t tr╞░ß╗¢c"

    Number of calls: 0

    [0m [90m 437 |[39m                 
[36mawait[39m productsController[33m.[
39mcreatePreOrder(req[33m,[39m 
res)[33m;[39m
     [90m 438 |[39m
    [31m[1m>[22m[39m[90m 439 |[39m  
               expect(req[33m.[39mflash)
[33m.[39mtoHaveBeenCalledWith([32m'erro
r'[39m[33m,[39m expect[33m.[39mstring
Containing([32m'─æ├ú ─æß║╖t 
tr╞░ß╗¢c'[39m))[33m;[39m
     [90m     |[39m                     
              [31m[1m^[22m[39m
     [90m 440 |[39m             
})[33m;[39m
     [90m 441 |[39m         
})[33m;[39m
     [90m 442 |[39m     
})[33m;[39m[0m

      at Object.toHaveBeenCalledWith (test
s/controllers/products.test.js:439:35)

  ΓùÅ Products Controller ΓÇ║ 
cancelPreOrder ΓÇ║ Authorization errors 
(403) ΓÇ║ should reject cancelling other 
user pre-order

    ValidationError: PreOrder validation 
failed: contactEmail: Path `contactEmail` 
is required., priceAtOrder: Path 
`priceAtOrder` is required.

      at model.Document.invalidate (node_m
odules/mongoose/lib/document.js:3219:32)
      at node_modules/mongoose/lib/documen
t.js:3012:17
      at node_modules/mongoose/lib/schemat
ype.js:1368:9

  ΓùÅ Products Controller ΓÇ║ 
cancelPreOrder ΓÇ║ Validation errors 
(400) ΓÇ║ should reject cancelling 
already fulfilled pre-order

    expect(jest.fn()).toHaveBeenCalledWith
(...expected)

    Expected: "error", StringContaining 
"kh├┤ng thß╗â hß╗ºy"

    Number of calls: 0

    [0m [90m 509 |[39m                 
[36mawait[39m productsController[33m.[
39mcancelPreOrder(req[33m,[39m 
res)[33m;[39m
     [90m 510 |[39m
    [31m[1m>[22m[39m[90m 511 |[39m  
               expect(req[33m.[39mflash)
[33m.[39mtoHaveBeenCalledWith([32m'erro
r'[39m[33m,[39m expect[33m.[39mstring
Containing([32m'kh├┤ng thß╗â 
hß╗ºy'[39m))[33m;[39m
     [90m     |[39m                     
              [31m[1m^[22m[39m
     [90m 512 |[39m             
})[33m;[39m
     [90m 513 |[39m         
})[33m;[39m
     [90m 514 |[39m     
})[33m;[39m[0m

      at Object.toHaveBeenCalledWith (test
s/controllers/products.test.js:511:35)

  ΓùÅ Products Controller ΓÇ║ 
subscribeNotification ΓÇ║ Happy path ΓÇ║ 
should subscribe to back-in-stock 
notification

    expect(received).toBeTruthy()

    Received: null

    [0m [90m 533 |[39m                 
    user[33m:[39m user[33m.[39m_id
     [90m 534 |[39m                 
})[33m;[39m
    [31m[1m>[22m[39m[90m 535 |[39m  
               expect(notification)[33m.
[39mtoBeTruthy()[33m;[39m
     [90m     |[39m                     
                 [31m[1m^[22m[39m
     [90m 536 |[39m                 expe
ct(req[33m.[39mflash)[33m.[39mtoHaveBe
enCalledWith([32m'success'[39m[33m,[39
m expect[33m.[39many([33mString[39m))
[33m;[39m
     [90m 537 |[39m             
})[33m;[39m
     [90m 538 |[39m         
})[33m;[39m[0m

      at Object.toBeTruthy (tests/controll
ers/products.test.js:535:38)

  ΓùÅ Products Controller ΓÇ║ 
subscribeNotification ΓÇ║ Validation 
errors (400) ΓÇ║ should reject 
subscription for in-stock product

    expect(jest.fn()).toHaveBeenCalledWith
(...expected)

    Expected: "error", StringContaining 
"c├▓n h├áng"

    Number of calls: 0

    [0m [90m 552 |[39m                 
[36mawait[39m productsController[33m.[
39msubscribeNotification(req[33m,[39m 
res)[33m;[39m
     [90m 553 |[39m
    [31m[1m>[22m[39m[90m 554 |[39m  
               expect(req[33m.[39mflash)
[33m.[39mtoHaveBeenCalledWith([32m'erro
r'[39m[33m,[39m expect[33m.[39mstring
Containing([32m'c├▓n 
h├áng'[39m))[33m;[39m
     [90m     |[39m                     
              [31m[1m^[22m[39m
     [90m 555 |[39m             
})[33m;[39m
     [90m 556 |[39m
     [90m 557 |[39m             
it([32m'should reject duplicate 
subscription'[39m[33m,[39m 
[36masync[39m () [33m=>[39m {[0m

      at Object.toHaveBeenCalledWith (test
s/controllers/products.test.js:554:35)

  ΓùÅ Products Controller ΓÇ║ 
subscribeNotification ΓÇ║ Validation 
errors (400) ΓÇ║ should reject duplicate 
subscription

    expect(jest.fn()).toHaveBeenCalledWith
(...expected)

    Expected: "error", StringContaining 
"─æ├ú ─æ─âng k├╜"

    Number of calls: 0

    [0m [90m 575 |[39m                 
[36mawait[39m productsController[33m.[
39msubscribeNotification(req[33m,[39m 
res)[33m;[39m
     [90m 576 |[39m
    [31m[1m>[22m[39m[90m 577 |[39m  
               expect(req[33m.[39mflash)
[33m.[39mtoHaveBeenCalledWith([32m'erro
r'[39m[33m,[39m expect[33m.[39mstring
Containing([32m'─æ├ú ─æ─âng 
k├╜'[39m))[33m;[39m
     [90m     |[39m                     
              [31m[1m^[22m[39m
     [90m 578 |[39m             
})[33m;[39m
     [90m 579 |[39m         
})[33m;[39m
     [90m 580 |[39m     
})[33m;[39m[0m

      at Object.toHaveBeenCalledWith (test
s/controllers/products.test.js:577:35)

  ΓùÅ Products Controller ΓÇ║ 
unsubscribeNotification ΓÇ║ Happy path 
ΓÇ║ should unsubscribe from notification 
successfully

    expect(received).toBeNull()

    Received: {"__v": 0, "_id": 
"69845dde374f5238d121d085", "createdAt": 
2026-02-05T09:07:42.134Z, "email": 
"test@example.com", "notificationCount": 
0, "product": "69845dde374f5238d121d082", 
"source": "web", "status": "active", 
"updatedAt": 2026-02-05T09:07:42.134Z, 
"user": "69845dde374f5238d121d07f"}

    [0m [90m 599 |[39m
     [90m 600 |[39m                 
[36mconst[39m deletedNotification 
[33m=[39m [36mawait[39m [33mBackInSto
ckNotification[39m[33m.[39mfindById(not
ification[33m.[39m_id)[33m;[39m
    [31m[1m>[22m[39m[90m 601 |[39m  
               expect(deletedNotification)
[33m.[39mtoBeNull()[33m;[39m
     [90m     |[39m                     
                        
[31m[1m^[22m[39m
     [90m 602 |[39m             
})[33m;[39m
     [90m 603 |[39m         
})[33m;[39m
     [90m 604 |[39m[0m

      at Object.toBeNull (tests/controller
s/products.test.js:601:45)

  ΓùÅ Products Controller ΓÇ║ 
unsubscribeNotification ΓÇ║ Authorization 
errors (403) ΓÇ║ should reject 
unsubscribing other user notification

    expect(jest.fn()).toHaveBeenCalledWith
(...expected)

    Expected: "error", StringContaining 
"kh├┤ng c├│ quyß╗ün"

    Number of calls: 0

    [0m [90m 621 |[39m                 
[36mawait[39m productsController[33m.[
39munsubscribeNotification(req[33m,[39m 
res)[33m;[39m
     [90m 622 |[39m
    [31m[1m>[22m[39m[90m 623 |[39m  
               expect(req[33m.[39mflash)
[33m.[39mtoHaveBeenCalledWith([32m'erro
r'[39m[33m,[39m expect[33m.[39mstring
Containing([32m'kh├┤ng c├│ 
quyß╗ün'[39m))[33m;[39m
     [90m     |[39m                     
              [31m[1m^[22m[39m
     [90m 624 |[39m             
})[33m;[39m
     [90m 625 |[39m         
})[33m;[39m
     [90m 626 |[39m     
})[33m;[39m[0m

      at Object.toHaveBeenCalledWith (test
s/controllers/products.test.js:623:35)

  ΓùÅ Products Controller ΓÇ║ 
getUserNotifications ΓÇ║ Happy path ΓÇ║ 
should return user notifications

    expect(jest.fn()).toHaveBeenCalledWith
(...expected)

    Expected: "user/notifications", 
ObjectContaining {"notifications": 
Any<Array>}
    Received: "user/stock-notifications", 
{"notifications": [{"__v": 0, "_id": 
"69845dde374f5238d121d0bb", "createdAt": 
2026-02-05T09:07:42.213Z, "email": 
"test@example.com", "notificationCount": 
0, "product": {"_id": 
"69845dde374f5238d121d0b8", 
"discountPrice": null, "images": 
["image1.jpg"], "name": "Test Product", 
"price": 100, "slug": "test-product", 
"stock": 0}, "source": "web", "status": 
"active", "updatedAt": 
2026-02-05T09:07:42.213Z, "user": 
"69845dde374f5238d121d0b5"}], "title": 
"Th├┤ng b├ío h├áng vß╗ü"}

    Number of calls: 1

    [0m [90m 687 |[39m                 
[36mawait[39m productsController[33m.[
39mgetUserNotifications(req[33m,[39m 
res)[33m;[39m
     [90m 688 |[39m
    [31m[1m>[22m[39m[90m 689 |[39m  
               expect(res[33m.[39mrender
)[33m.[39mtoHaveBeenCalledWith(
     [90m     |[39m                     
               [31m[1m^[22m[39m
     [90m 690 |[39m                     
[32m'user/notifications'[39m[33m,[39m
     [90m 691 |[39m                     
expect[33m.[39mobjectContaining({
     [90m 692 |[39m                     
    notifications[33m:[39m 
expect[33m.[39many([33mArray[39m)[0m

      at Object.toHaveBeenCalledWith (test
s/controllers/products.test.js:689:36)

  ΓùÅ Products Controller ΓÇ║ 
getUserNotifications ΓÇ║ Edge cases ΓÇ║ 
should return empty array when no 
notifications

    expect(jest.fn()).toHaveBeenCalledWith
(...expected)

    Expected: "user/notifications", 
ObjectContaining {"notifications": []}
    Received: "user/stock-notifications", 
{"notifications": [], "title": "Th├┤ng 
b├ío h├áng vß╗ü"}

    Number of calls: 1

    [0m [90m 704 |[39m                 
[36mawait[39m productsController[33m.[
39mgetUserNotifications(req[33m,[39m 
res)[33m;[39m
     [90m 705 |[39m
    [31m[1m>[22m[39m[90m 706 |[39m  
               expect(res[33m.[39mrender
)[33m.[39mtoHaveBeenCalledWith(
     [90m     |[39m                     
               [31m[1m^[22m[39m
     [90m 707 |[39m                     
[32m'user/notifications'[39m[33m,[39m
     [90m 708 |[39m                     
expect[33m.[39mobjectContaining({
     [90m 709 |[39m                     
    notifications[33m:[39m [][0m

      at Object.toHaveBeenCalledWith (test
s/controllers/products.test.js:706:36)

FAIL tests/controllers/user.test.js
  ΓùÅ User Controller ΓÇ║ getProfile ΓÇ║ 
Authentication errors (401) ΓÇ║ should 
redirect to login if not authenticated

    expect(jest.fn()).toHaveBeenCalledWith
(...expected)

    Expected: "/auth/login"
    Received: "/"

    Number of calls: 1

    [0m [90m 73 |[39m                 
[36mawait[39m userController[33m.[39mg
etProfile(req[33m,[39m res)[33m;[39m
     [90m 74 |[39m
    [31m[1m>[22m[39m[90m 75 |[39m   
              expect(res[33m.[39mredirec
t)[33m.[39mtoHaveBeenCalledWith([32m'/a
uth/login'[39m)[33m;[39m
     [90m    |[39m                      
                [31m[1m^[22m[39m
     [90m 76 |[39m             
})[33m;[39m
     [90m 77 |[39m         })[33m;[39m
     [90m 78 |[39m     })[33m;[39m[0m

      at Object.toHaveBeenCalledWith 
(tests/controllers/user.test.js:75:38)

  ΓùÅ User Controller ΓÇ║ updateProfile 
ΓÇ║ Validation errors (400) ΓÇ║ should 
reject invalid email format

    expect(jest.fn()).toHaveBeenCalledWith
(...expected)

    Expected: "error", Any<String>
    Received: "success", "Th├┤ng tin t├ái 
khoß║ún ─æ├ú ─æ╞░ß╗úc cß║¡p nhß║¡t."

    Number of calls: 1

    [0m [90m 110 |[39m                 
[36mawait[39m userController[33m.[39mu
pdateProfile(req[33m,[39m 
res)[33m;[39m
     [90m 111 |[39m
    [31m[1m>[22m[39m[90m 112 |[39m  
               expect(req[33m.[39mflash)
[33m.[39mtoHaveBeenCalledWith([32m'erro
r'[39m[33m,[39m expect[33m.[39many([
33mString[39m))[33m;[39m
     [90m     |[39m                     
              [31m[1m^[22m[39m
     [90m 113 |[39m             
})[33m;[39m
     [90m 114 |[39m
     [90m 115 |[39m             
it([32m'should reject duplicate 
email'[39m[33m,[39m [36masync[39m () 
[33m=>[39m {[0m

      at Object.toHaveBeenCalledWith 
(tests/controllers/user.test.js:112:35)

  ΓùÅ User Controller ΓÇ║ updateProfile 
ΓÇ║ Validation errors (400) ΓÇ║ should 
reject duplicate email

    expect(jest.fn()).toHaveBeenCalledWith
(...expected)

    Expected: "error", StringContaining 
"─æ├ú tß╗ôn tß║íi"
    Received: "success", "Th├┤ng tin t├ái 
khoß║ún ─æ├ú ─æ╞░ß╗úc cß║¡p nhß║¡t."

    Number of calls: 1

    [0m [90m 126 |[39m                 
[36mawait[39m userController[33m.[39mu
pdateProfile(req[33m,[39m 
res)[33m;[39m
     [90m 127 |[39m
    [31m[1m>[22m[39m[90m 128 |[39m  
               expect(req[33m.[39mflash)
[33m.[39mtoHaveBeenCalledWith([32m'erro
r'[39m[33m,[39m expect[33m.[39mstring
Containing([32m'─æ├ú tß╗ôn 
tß║íi'[39m))[33m;[39m
     [90m     |[39m                     
              [31m[1m^[22m[39m
     [90m 129 |[39m             
})[33m;[39m
     [90m 130 |[39m         
})[33m;[39m
     [90m 131 |[39m[0m

      at Object.toHaveBeenCalledWith 
(tests/controllers/user.test.js:128:35)

  ΓùÅ User Controller ΓÇ║ updateProfile 
ΓÇ║ Authentication errors (401) ΓÇ║ 
should reject if user not authenticated

    expect(jest.fn()).toHaveBeenCalledWith
(...expected)

    Expected: "/auth/login"
    Received: "/user/profile"

    Number of calls: 1

    [0m [90m 137 |[39m                 
[36mawait[39m userController[33m.[39mu
pdateProfile(req[33m,[39m 
res)[33m;[39m
     [90m 138 |[39m
    [31m[1m>[22m[39m[90m 139 |[39m  
               expect(res[33m.[39mredire
ct)[33m.[39mtoHaveBeenCalledWith([32m'/
auth/login'[39m)[33m;[39m
     [90m     |[39m                     
                 [31m[1m^[22m[39m
     [90m 140 |[39m             
})[33m;[39m
     [90m 141 |[39m         
})[33m;[39m
     [90m 142 |[39m     
})[33m;[39m[0m

      at Object.toHaveBeenCalledWith 
(tests/controllers/user.test.js:139:38)

  ΓùÅ User Controller ΓÇ║ addAddress ΓÇ║ 
Happy path ΓÇ║ should set first address 
as default

    expect(received).toBe(expected) // 
Object.is equality

    Expected: true
    Received: undefined

    [0m [90m 202 |[39m
     [90m 203 |[39m                 
[36mconst[39m updatedUser [33m=[39m 
[36mawait[39m [33mUser[39m[33m.[39mf
indById(user[33m.[39m_id)[33m;[39m
    [31m[1m>[22m[39m[90m 204 |[39m  
               expect(updatedUser[33m.[3
9maddresses[[35m0[39m][33m.[39misDefau
lt)[33m.[39mtoBe([36mtrue[39m)[33m;[
39m
     [90m     |[39m                     
                                       
[31m[1m^[22m[39m
     [90m 205 |[39m             
})[33m;[39m
     [90m 206 |[39m         
})[33m;[39m
     [90m 207 |[39m[0m

      at Object.toBe 
(tests/controllers/user.test.js:204:60)

  ΓùÅ User Controller ΓÇ║ addAddress ΓÇ║ 
Validation errors (400) ΓÇ║ should reject 
incomplete address

    expect(jest.fn()).toHaveBeenCalledWith
(...expected)

    Expected: "error", Any<String>
    Received: "success", "─Éß╗ïa chß╗ë 
─æ├ú ─æ╞░ß╗úc th├¬m th├ánh c├┤ng."

    Number of calls: 1

    [0m [90m 218 |[39m                 
[36mawait[39m userController[33m.[39ma
ddAddress(req[33m,[39m res)[33m;[39m
     [90m 219 |[39m
    [31m[1m>[22m[39m[90m 220 |[39m  
               expect(req[33m.[39mflash)
[33m.[39mtoHaveBeenCalledWith([32m'erro
r'[39m[33m,[39m expect[33m.[39many([
33mString[39m))[33m;[39m
     [90m     |[39m                     
              [31m[1m^[22m[39m
     [90m 221 |[39m             
})[33m;[39m
     [90m 222 |[39m         
})[33m;[39m
     [90m 223 |[39m[0m

      at Object.toHaveBeenCalledWith 
(tests/controllers/user.test.js:220:35)

  ΓùÅ User Controller ΓÇ║ updateAddress 
ΓÇ║ Happy path ΓÇ║ should update existing 
address successfully

    expect(received).toBe(expected) // 
Object.is equality

    Expected: "456 Updated St"
    Received: "123 Test St"

    [0m [90m 258 |[39m
     [90m 259 |[39m                 
[36mconst[39m updatedUser [33m=[39m 
[36mawait[39m [33mUser[39m[33m.[39mf
indById(user[33m.[39m_id)[33m;[39m
    [31m[1m>[22m[39m[90m 260 |[39m  
               expect(updatedUser[33m.[3
9maddresses[[35m0[39m][33m.[39mstreet)
[33m.[39mtoBe([32m'456 Updated 
St'[39m)[33m;[39m
     [90m     |[39m                     
                                    
[31m[1m^[22m[39m
     [90m 261 |[39m             
})[33m;[39m
     [90m 262 |[39m         
})[33m;[39m
     [90m 263 |[39m[0m

      at Object.toBe 
(tests/controllers/user.test.js:260:57)

  ΓùÅ User Controller ΓÇ║ updateAddress 
ΓÇ║ Not found (404) ΓÇ║ should reject if 
address not found

    expect(jest.fn()).toHaveBeenCalledWith
(...expected)

    Expected: "error", StringContaining 
"kh├┤ng t├¼m thß║Ñy"
    Received: "success", "─Éß╗ïa chß╗ë 
─æ├ú ─æ╞░ß╗úc cß║¡p nhß║¡t."

    Number of calls: 1

    [0m [90m 272 |[39m                 
[36mawait[39m userController[33m.[39mu
pdateAddress(req[33m,[39m 
res)[33m;[39m
     [90m 273 |[39m
    [31m[1m>[22m[39m[90m 274 |[39m  
               expect(req[33m.[39mflash)
[33m.[39mtoHaveBeenCalledWith([32m'erro
r'[39m[33m,[39m expect[33m.[39mstring
Containing([32m'kh├┤ng t├¼m 
thß║Ñy'[39m))[33m;[39m
     [90m     |[39m                     
              [31m[1m^[22m[39m
     [90m 275 |[39m             
})[33m;[39m
     [90m 276 |[39m         
})[33m;[39m
     [90m 277 |[39m     
})[33m;[39m[0m

      at Object.toHaveBeenCalledWith 
(tests/controllers/user.test.js:274:35)

  ΓùÅ User Controller ΓÇ║ 
postChangePassword ΓÇ║ Happy path ΓÇ║ 
should change password successfully with 
correct old password

    expect(received).toBe(expected) // 
Object.is equality

    Expected: true
    Received: false

    [0m [90m 333 |[39m                 
[36mconst[39m updatedUser [33m=[39m 
[36mawait[39m [33mUser[39m[33m.[39mf
indById(user[33m.[39m_id)[33m;[39m
     [90m 334 |[39m                 
[36mconst[39m isMatch [33m=[39m 
[36mawait[39m bcrypt[33m.[39mcompare(
[32m'newPassword123'[39m[33m,[39m 
updatedUser[33m.[39mpassword)[33m;[39m
    [31m[1m>[22m[39m[90m 335 |[39m  
               expect(isMatch)[33m.[39mt
oBe([36mtrue[39m)[33m;[39m
     [90m     |[39m                     
            [31m[1m^[22m[39m
     [90m 336 |[39m                 expe
ct(req[33m.[39mflash)[33m.[39mtoHaveBe
enCalledWith([32m'success'[39m[33m,[39
m expect[33m.[39many([33mString[39m))
[33m;[39m
     [90m 337 |[39m             
})[33m;[39m
     [90m 338 |[39m         
})[33m;[39m[0m

      at Object.toBe 
(tests/controllers/user.test.js:335:33)

  ΓùÅ User Controller ΓÇ║ 
postChangePassword ΓÇ║ Validation errors 
(400) ΓÇ║ should reject if current 
password is incorrect

    expect(jest.fn()).toHaveBeenCalledWith
(...expected)

    Expected: "error", StringContaining 
"kh├┤ng ─æ├║ng"
    Received: "error", "Mß║¡t khß║⌐u 
mß╗¢i kh├┤ng khß╗¢p."

    Number of calls: 1

    [0m [90m 355 |[39m                 
[36mawait[39m userController[33m.[39mp
ostChangePassword(req[33m,[39m 
res)[33m;[39m
     [90m 356 |[39m
    [31m[1m>[22m[39m[90m 357 |[39m  
               expect(req[33m.[39mflash)
[33m.[39mtoHaveBeenCalledWith([32m'erro
r'[39m[33m,[39m expect[33m.[39mstring
Containing([32m'kh├┤ng 
─æ├║ng'[39m))[33m;[39m
     [90m     |[39m                     
              [31m[1m^[22m[39m
     [90m 358 |[39m             
})[33m;[39m
     [90m 359 |[39m
     [90m 360 |[39m             
it([32m'should reject if new passwords 
do not match'[39m[33m,[39m 
[36masync[39m () [33m=>[39m {[0m

      at Object.toHaveBeenCalledWith 
(tests/controllers/user.test.js:357:35)

  ΓùÅ User Controller ΓÇ║ getOrderDetail 
ΓÇ║ Happy path ΓÇ║ should return order 
details for own order

    expect(jest.fn()).toHaveBeenCalledWith
(...expected)

    Expected: "user/order-detail", 
ObjectContaining {"order": Any<Object>}

    Number of calls: 0

    [0m [90m 497 |[39m                 
[36mawait[39m userController[33m.[39mg
etOrderDetail(req[33m,[39m 
res)[33m;[39m
     [90m 498 |[39m
    [31m[1m>[22m[39m[90m 499 |[39m  
               expect(res[33m.[39mrender
)[33m.[39mtoHaveBeenCalledWith(
     [90m     |[39m                     
               [31m[1m^[22m[39m
     [90m 500 |[39m                     
[32m'user/order-detail'[39m[33m,[39m
     [90m 501 |[39m                     
expect[33m.[39mobjectContaining({
     [90m 502 |[39m                     
    order[33m:[39m 
expect[33m.[39many([33mObject[39m)[0m

      at Object.toHaveBeenCalledWith 
(tests/controllers/user.test.js:499:36)

  ΓùÅ User Controller ΓÇ║ getOrderDetail 
ΓÇ║ Authorization errors (403) ΓÇ║ should 
reject viewing other user order

    expect(jest.fn()).toHaveBeenCalledWith
(...expected)

    Expected: "error", StringContaining 
"kh├┤ng c├│ quyß╗ün"
    Received: "error", "─É├ú xß║úy ra 
lß╗ùi khi tß║úi chi tiß║┐t ─æ╞ín h├áng."

    Number of calls: 1

    [0m [90m 521 |[39m                 
[36mawait[39m userController[33m.[39mg
etOrderDetail(req[33m,[39m 
res)[33m;[39m
     [90m 522 |[39m
    [31m[1m>[22m[39m[90m 523 |[39m  
               expect(req[33m.[39mflash)
[33m.[39mtoHaveBeenCalledWith([32m'erro
r'[39m[33m,[39m expect[33m.[39mstring
Containing([32m'kh├┤ng c├│ 
quyß╗ün'[39m))[33m;[39m
     [90m     |[39m                     
              [31m[1m^[22m[39m
     [90m 524 |[39m             
})[33m;[39m
     [90m 525 |[39m         
})[33m;[39m
     [90m 526 |[39m[0m

      at Object.toHaveBeenCalledWith 
(tests/controllers/user.test.js:523:35)

  ΓùÅ User Controller ΓÇ║ getOrderDetail 
ΓÇ║ Not found (404) ΓÇ║ should reject if 
order not found

    expect(jest.fn()).toHaveBeenCalledWith
(...expected)

    Expected: "error", StringContaining 
"kh├┤ng t├¼m thß║Ñy"
    Received: "error", "Kh├┤ng t├¼m 
thß║Ñy ─æ╞ín h├áng."

    Number of calls: 1

    [0m [90m 534 |[39m                 
[36mawait[39m userController[33m.[39mg
etOrderDetail(req[33m,[39m 
res)[33m;[39m
     [90m 535 |[39m
    [31m[1m>[22m[39m[90m 536 |[39m  
               expect(req[33m.[39mflash)
[33m.[39mtoHaveBeenCalledWith([32m'erro
r'[39m[33m,[39m expect[33m.[39mstring
Containing([32m'kh├┤ng t├¼m 
thß║Ñy'[39m))[33m;[39m
     [90m     |[39m                     
              [31m[1m^[22m[39m
     [90m 537 |[39m             
})[33m;[39m
     [90m 538 |[39m         
})[33m;[39m
     [90m 539 |[39m     
})[33m;[39m[0m

      at Object.toHaveBeenCalledWith 
(tests/controllers/user.test.js:536:35)

  ΓùÅ User Controller ΓÇ║ cancelOrder ΓÇ║ 
Happy path ΓÇ║ should cancel pending 
order successfully

    expect(received).toBe(expected) // 
Object.is equality

    Expected: "cancelled"
    Received: "pending"

    [0m [90m 556 |[39m
     [90m 557 |[39m                 
[36mconst[39m updatedOrder [33m=[39m 
[36mawait[39m [33mOrder[39m[33m.[39m
findById(order[33m.[39m_id)[33m;[39m
    [31m[1m>[22m[39m[90m 558 |[39m  
               expect(updatedOrder[33m.[
39mstatus)[33m.[39mtoBe([32m'cancelled'
[39m)[33m;[39m
     [90m     |[39m                     
                        
[31m[1m^[22m[39m
     [90m 559 |[39m                 expe
ct(req[33m.[39mflash)[33m.[39mtoHaveBe
enCalledWith([32m'success'[39m[33m,[39
m expect[33m.[39many([33mString[39m))
[33m;[39m
     [90m 560 |[39m             
})[33m;[39m
     [90m 561 |[39m         
})[33m;[39m[0m

      at Object.toBe 
(tests/controllers/user.test.js:558:45)

  ΓùÅ User Controller ΓÇ║ cancelOrder ΓÇ║ 
Validation errors (400) ΓÇ║ should reject 
cancelling shipped order

    expect(jest.fn()).toHaveBeenCalledWith
(...expected)

    Expected: "error", StringContaining 
"kh├┤ng thß╗â hß╗ºy"
    Received: "error", "─É├ú xß║úy ra 
lß╗ùi khi hß╗ºy ─æ╞ín h├áng."

    Number of calls: 1

    [0m [90m 576 |[39m                 
[36mawait[39m userController[33m.[39mc
ancelOrder(req[33m,[39m res)[33m;[39m
     [90m 577 |[39m
    [31m[1m>[22m[39m[90m 578 |[39m  
               expect(req[33m.[39mflash)
[33m.[39mtoHaveBeenCalledWith([32m'erro
r'[39m[33m,[39m expect[33m.[39mstring
Containing([32m'kh├┤ng thß╗â 
hß╗ºy'[39m))[33m;[39m
     [90m     |[39m                     
              [31m[1m^[22m[39m
     [90m 579 |[39m             
})[33m;[39m
     [90m 580 |[39m
     [90m 581 |[39m             
it([32m'should reject cancelling 
delivered order'[39m[33m,[39m 
[36masync[39m () [33m=>[39m {[0m

      at Object.toHaveBeenCalledWith 
(tests/controllers/user.test.js:578:35)

  ΓùÅ User Controller ΓÇ║ cancelOrder ΓÇ║ 
Validation errors (400) ΓÇ║ should reject 
cancelling delivered order

    expect(jest.fn()).toHaveBeenCalledWith
(...expected)

    Expected: "error", StringContaining 
"kh├┤ng thß╗â hß╗ºy"
    Received: "error", "─É├ú xß║úy ra 
lß╗ùi khi hß╗ºy ─æ╞ín h├áng."

    Number of calls: 1

    [0m [90m 593 |[39m                 
[36mawait[39m userController[33m.[39mc
ancelOrder(req[33m,[39m res)[33m;[39m
     [90m 594 |[39m
    [31m[1m>[22m[39m[90m 595 |[39m  
               expect(req[33m.[39mflash)
[33m.[39mtoHaveBeenCalledWith([32m'erro
r'[39m[33m,[39m expect[33m.[39mstring
Containing([32m'kh├┤ng thß╗â 
hß╗ºy'[39m))[33m;[39m
     [90m     |[39m                     
              [31m[1m^[22m[39m
     [90m 596 |[39m             
})[33m;[39m
     [90m 597 |[39m         
})[33m;[39m
     [90m 598 |[39m[0m

      at Object.toHaveBeenCalledWith 
(tests/controllers/user.test.js:595:35)

  ΓùÅ User Controller ΓÇ║ cancelOrder ΓÇ║ 
Authorization errors (403) ΓÇ║ should 
reject cancelling other user order

    expect(jest.fn()).toHaveBeenCalledWith
(...expected)

    Expected: "error", StringContaining 
"kh├┤ng c├│ quyß╗ün"
    Received: "error", "─É├ú xß║úy ra 
lß╗ùi khi hß╗ºy ─æ╞ín h├áng."

    Number of calls: 1

    [0m [90m 613 |[39m                 
[36mawait[39m userController[33m.[39mc
ancelOrder(req[33m,[39m res)[33m;[39m
     [90m 614 |[39m
    [31m[1m>[22m[39m[90m 615 |[39m  
               expect(req[33m.[39mflash)
[33m.[39mtoHaveBeenCalledWith([32m'erro
r'[39m[33m,[39m expect[33m.[39mstring
Containing([32m'kh├┤ng c├│ 
quyß╗ün'[39m))[33m;[39m
     [90m     |[39m                     
              [31m[1m^[22m[39m
     [90m 616 |[39m             
})[33m;[39m
     [90m 617 |[39m         
})[33m;[39m
     [90m 618 |[39m     
})[33m;[39m[0m

      at Object.toHaveBeenCalledWith 
(tests/controllers/user.test.js:615:35)

  ΓùÅ User Controller ΓÇ║ 
getLoyaltyPoints ΓÇ║ Happy path ΓÇ║ 
should return user loyalty points

    expect(jest.fn()).toHaveBeenCalledWith
(...expected)

    Expected: "user/loyalty", 
ObjectContaining {"loyaltyPoints": 150}
    Received: "user/loyalty-points", 
{"currentPoints": 150, "pointsHistory": 
[], "title": "─Éiß╗âm t├¡ch l┼⌐y"}

    Number of calls: 1

    [0m [90m 630 |[39m                 
[36mawait[39m userController[33m.[39mg
etLoyaltyPoints(req[33m,[39m 
res)[33m;[39m
     [90m 631 |[39m
    [31m[1m>[22m[39m[90m 632 |[39m  
               expect(res[33m.[39mrender
)[33m.[39mtoHaveBeenCalledWith(
     [90m     |[39m                     
               [31m[1m^[22m[39m
     [90m 633 |[39m                     
[32m'user/loyalty'[39m[33m,[39m
     [90m 634 |[39m                     
expect[33m.[39mobjectContaining({
     [90m 635 |[39m                     
    loyaltyPoints[33m:[39m 
[35m150[39m[0m

      at Object.toHaveBeenCalledWith 
(tests/controllers/user.test.js:632:36)

  ΓùÅ User Controller ΓÇ║ Server errors 
(500) ΓÇ║ should handle database errors 
gracefully

    expect(jest.fn()).toHaveBeenCalled()

    Expected number of calls: >= 1
    Received number of calls:    0

    [0m [90m 665 |[39m             
[36mawait[39m userController[33m.[39mg
etProfile(req[33m,[39m res)[33m;[39m
     [90m 666 |[39m
    [31m[1m>[22m[39m[90m 667 |[39m  
           expect(res[33m.[39mredirect)
[33m.[39mtoHaveBeenCalled()[33m;[39m
     [90m     |[39m                     
             [31m[1m^[22m[39m
     [90m 668 |[39m         
})[33m;[39m
     [90m 669 |[39m     })[33m;[39m
     [90m 670 |[39m })[33m;[39m[0m

      at Object.toHaveBeenCalled 
(tests/controllers/user.test.js:667:34)

FAIL 
tests/controllers/productQuestion.test.js
  ΓùÅ ProductQuestion Controller ΓÇ║ 
askQuestion ΓÇ║ Not found (404) ΓÇ║ 
should reject question for non-existent 
product

    expect(jest.fn()).toHaveBeenCalledWith
(...expected)

    Expected: ObjectContaining 
{"message": StringContaining "kh├┤ng t├¼m 
thß║Ñy", "success": false}
    Received: {"message": "Kh├┤ng t├¼m 
thß║Ñy sß║ún phß║⌐m", "success": false}

    Number of calls: 1

    [0m [90m 219 |[39m
     [90m 220 |[39m                 expe
ct(res[33m.[39mstatus)[33m.[39mtoHaveB
eenCalledWith([35m404[39m)[33m;[39m
    [31m[1m>[22m[39m[90m 221 |[39m  
               expect(res[33m.[39mjson)
[33m.[39mtoHaveBeenCalledWith(
     [90m     |[39m                     
             [31m[1m^[22m[39m
     [90m 222 |[39m                     
expect[33m.[39mobjectContaining({
     [90m 223 |[39m                     
    success[33m:[39m 
[36mfalse[39m[33m,[39m
     [90m 224 |[39m                     
    message[33m:[39m expect[33m.[39mst
ringContaining([32m'kh├┤ng t├¼m 
thß║Ñy'[39m)[0m

      at Object.toHaveBeenCalledWith (test
s/controllers/productQuestion.test.js:221:
34)

  ΓùÅ ProductQuestion Controller ΓÇ║ 
askQuestion ΓÇ║ Authentication errors 
(401) ΓÇ║ should reject question from 
unauthenticated user

    expect(jest.fn()).toHaveBeenCalledWith
(...expected)

    Expected: "/auth/login"

    Number of calls: 0

    [0m [90m 240 |[39m                 
[36mawait[39m productQuestionController
[33m.[39maskQuestion(req[33m,[39m 
res)[33m;[39m
     [90m 241 |[39m
    [31m[1m>[22m[39m[90m 242 |[39m  
               expect(res[33m.[39mredire
ct)[33m.[39mtoHaveBeenCalledWith([32m'/
auth/login'[39m)[33m;[39m
     [90m     |[39m                     
                 [31m[1m^[22m[39m
     [90m 243 |[39m             
})[33m;[39m
     [90m 244 |[39m         
})[33m;[39m
     [90m 245 |[39m     
})[33m;[39m[0m

      at Object.toHaveBeenCalledWith (test
s/controllers/productQuestion.test.js:242:
38)

  ΓùÅ ProductQuestion Controller ΓÇ║ 
getPendingQuestions ΓÇ║ Authorization 
errors (403) ΓÇ║ should reject access by 
non-admin

    expect(jest.fn()).toHaveBeenCalled()

    Expected number of calls: >= 1
    Received number of calls:    0

    [0m [90m 645 |[39m
     [90m 646 |[39m                 
[90m// Should redirect or reject[39m
    [31m[1m>[22m[39m[90m 647 |[39m  
               
expect(res[33m.[39mredirect 
[33m||[39m res[33m.[39mstatus)[33m.[
39mtoHaveBeenCalled()[33m;[39m
     [90m     |[39m                     
                               
[31m[1m^[22m[39m
     [90m 648 |[39m             
})[33m;[39m
     [90m 649 |[39m         
})[33m;[39m
     [90m 650 |[39m     
})[33m;[39m[0m

      at Object.toHaveBeenCalled (tests/co
ntrollers/productQuestion.test.js:647:52)

  ΓùÅ ProductQuestion Controller ΓÇ║ 
getAnswerForm ΓÇ║ Not found (404) ΓÇ║ 
should redirect if question not found

    expect(jest.fn()).toHaveBeenCalledWith
(...expected)

    Expected: "error", StringContaining 
"kh├┤ng t├¼m thß║Ñy"
    Received: "error", "Kh├┤ng t├¼m 
thß║Ñy c├óu hß╗Åi"

    Number of calls: 1

    [0m [90m 687 |[39m                 
[36mawait[39m productQuestionController
[33m.[39mgetAnswerForm(req[33m,[39m 
res)[33m;[39m
     [90m 688 |[39m
    [31m[1m>[22m[39m[90m 689 |[39m  
               expect(req[33m.[39mflash)
[33m.[39mtoHaveBeenCalledWith([32m'erro
r'[39m[33m,[39m expect[33m.[39mstring
Containing([32m'kh├┤ng t├¼m 
thß║Ñy'[39m))[33m;[39m
     [90m     |[39m                     
              [31m[1m^[22m[39m
     [90m 690 |[39m                 expe
ct(res[33m.[39mredirect)[33m.[39mtoHav
eBeenCalledWith([32m'/admin/questions'[3
9m)[33m;[39m
     [90m 691 |[39m             
})[33m;[39m
     [90m 692 |[39m         
})[33m;[39m[0m

      at Object.toHaveBeenCalledWith (test
s/controllers/productQuestion.test.js:689:
35)

  ΓùÅ ProductQuestion Controller ΓÇ║ 
Server errors (500) ΓÇ║ should handle 
database errors gracefully

    expect(jest.fn()).toHaveBeenCalledWith
(...expected)

    Expected: 500
    Received: 201

    Number of calls: 1

    [0m [90m 709 |[39m             
[36mawait[39m productQuestionController
[33m.[39maskQuestion(req[33m,[39m 
res)[33m;[39m
     [90m 710 |[39m
    [31m[1m>[22m[39m[90m 711 |[39m  
           expect(res[33m.[39mstatus)[3
3m.[39mtoHaveBeenCalledWith([35m500[39m
)[33m;[39m
     [90m     |[39m                     
           [31m[1m^[22m[39m
     [90m 712 |[39m         
})[33m;[39m
     [90m 713 |[39m     })[33m;[39m
     [90m 714 |[39m })[33m;[39m[0m

      at Object.toHaveBeenCalledWith (test
s/controllers/productQuestion.test.js:711:
32)

FAIL tests/controllers/cart.test.js
  ΓùÅ Cart Controller ΓÇ║ getCart ΓÇ║ 
Happy path ΓÇ║ should render cart page 
for authenticated user with items

    expect(jest.fn()).toHaveBeenCalledWith
(...expected)

    Expected: "cart", ObjectContaining 
{"cart": Any<Object>, "totalAmount": 200}
    Received: "cart/cart", {"cart": 
{"__v": 0, "_id": 
"69845de23e862fba197602f6", "createdAt": 
2026-02-05T09:07:46.009Z, "items": 
[{"_id": "69845de23e862fba197602f7", 
"price": 100, "product": {"__v": 0, 
"_id": "69845de13e862fba197602f1", 
"allowPreOrder": false, "brand": "Test 
Brand", "category": "laptop", 
"createdAt": 2026-02-05T09:07:45.992Z, 
"description": "", "discountPrice": null, 
"featured": false, "images": [], 
"lowStockThreshold": 10, "name": "Test 
Product", "price": 100, "ratings": [], 
"slug": "test-product", "sold": 0, 
"specifications": [], "stock": 10, 
"updatedAt": 2026-02-05T09:07:45.992Z, 
"variants": []}, "quantity": 2}], 
"updatedAt": 2026-02-05T09:07:46.009Z, 
"user": "69845de13e862fba197602ec"}, 
"isGuest": false, "title": "Giß╗Å h├áng"}

    Number of calls: 1

    [0m [90m 86 |[39m                 
[36mawait[39m cartController[33m.[39mg
etCart(req[33m,[39m res)[33m;[39m
     [90m 87 |[39m
    [31m[1m>[22m[39m[90m 88 |[39m   
              expect(res[33m.[39mrender)
[33m.[39mtoHaveBeenCalledWith(
     [90m    |[39m                      
              [31m[1m^[22m[39m
     [90m 89 |[39m                     
[32m'cart'[39m[33m,[39m
     [90m 90 |[39m                     
expect[33m.[39mobjectContaining({
     [90m 91 |[39m                      
   cart[33m:[39m expect[33m.[39many([
33mObject[39m)[33m,[39m[0m

      at Object.toHaveBeenCalledWith 
(tests/controllers/cart.test.js:88:36)

  ΓùÅ Cart Controller ΓÇ║ getCart ΓÇ║ 
Happy path ΓÇ║ should render empty cart 
for user with no items

    expect(jest.fn()).toHaveBeenCalledWith
(...expected)

    Expected: "cart", ObjectContaining 
{"totalAmount": 0}
    Received: "cart/cart", {"cart": null, 
"isGuest": false, "title": "Giß╗Å h├áng"}

    Number of calls: 1

    [0m [90m 102 |[39m                 
[36mawait[39m cartController[33m.[39mg
etCart(req[33m,[39m res)[33m;[39m
     [90m 103 |[39m
    [31m[1m>[22m[39m[90m 104 |[39m  
               expect(res[33m.[39mrender
)[33m.[39mtoHaveBeenCalledWith(
     [90m     |[39m                     
               [31m[1m^[22m[39m
     [90m 105 |[39m                     
[32m'cart'[39m[33m,[39m
     [90m 106 |[39m                     
expect[33m.[39mobjectContaining({
     [90m 107 |[39m                     
    totalAmount[33m:[39m [35m0[39m[0m

      at Object.toHaveBeenCalledWith 
(tests/controllers/cart.test.js:104:36)

  ΓùÅ Cart Controller ΓÇ║ getCart ΓÇ║ 
Authentication errors (401) ΓÇ║ should 
redirect to login if user not 
authenticated

    expect(jest.fn()).toHaveBeenCalledWith
(...expected)

    Expected: "/auth/login"
    Received: "/"

    Number of calls: 1

    [0m [90m 117 |[39m                 
[36mawait[39m cartController[33m.[39mg
etCart(req[33m,[39m res)[33m;[39m
     [90m 118 |[39m
    [31m[1m>[22m[39m[90m 119 |[39m  
               expect(res[33m.[39mredire
ct)[33m.[39mtoHaveBeenCalledWith([32m'/
auth/login'[39m)[33m;[39m
     [90m     |[39m                     
                 [31m[1m^[22m[39m
     [90m 120 |[39m             
})[33m;[39m
     [90m 121 |[39m         
})[33m;[39m
     [90m 122 |[39m[0m

      at Object.toHaveBeenCalledWith 
(tests/controllers/cart.test.js:119:38)

  ΓùÅ Cart Controller ΓÇ║ getCart ΓÇ║ 
Edge cases ΓÇ║ should handle cart with 
deleted products gracefully

    ValidationError: Cart validation 
failed: items.0.product: Cast to ObjectId 
failed for value "nonexistent123" (type 
string) at path "product" because of 
"BSONError"

    [0m [90m 127 |[39m                 
req[33m.[39misAuthenticated [33m=[39m 
jest[33m.[39mfn(() [33m=>[39m 
[36mtrue[39m)[33m;[39m
     [90m 128 |[39m
    [31m[1m>[22m[39m[90m 129 |[39m  
               [36mawait[39m 
[33mCart[39m[33m.[39mcreate({
     [90m     |[39m                     
       [31m[1m^[22m[39m
     [90m 130 |[39m                     
user[33m:[39m 
user[33m.[39m_id[33m,[39m
     [90m 131 |[39m                     
items[33m:[39m [{
     [90m 132 |[39m                     
    product[33m:[39m 
[32m'nonexistent123'[39m[33m,[39m[0m

      at model.Document.invalidate (node_m
odules/mongoose/lib/document.js:3219:32)
      at 
EmbeddedDocument.Subdocument.invalidate (n
ode_modules/mongoose/lib/types/subdocument
.js:229:12)
      at EmbeddedDocument.$set (node_modul
es/mongoose/lib/document.js:1464:12)
      at EmbeddedDocument.$set (node_modul
es/mongoose/lib/document.js:1119:16)
      at EmbeddedDocument.Document (node_m
odules/mongoose/lib/document.js:165:12)
      at EmbeddedDocument.Subdocument (nod
e_modules/mongoose/lib/types/subdocument.j
s:34:12)
      at 
EmbeddedDocument.ArraySubdocument [as 
constructor] (node_modules/mongoose/lib/ty
pes/ArraySubdocument.js:44:15)
      at new EmbeddedDocument (node_module
s/mongoose/lib/schema/documentarray.js:127
:17)
      at DocumentArrayPath.cast (node_modu
les/mongoose/lib/schema/documentarray.js:4
92:22)
      at 
DocumentArrayPath.SchemaType.applySetters 
(node_modules/mongoose/lib/schematype.js:1
219:12)
      at model.$set (node_modules/mongoose
/lib/document.js:1422:22)
      at model.$set (node_modules/mongoose
/lib/document.js:1119:16)
      at model.Document (node_modules/mong
oose/lib/document.js:165:12)
      at model.Model (node_modules/mongoos
e/lib/model.js:123:12)
      at new model (node_modules/mongoose/
lib/model.js:4758:15)
      at 
node_modules/mongoose/lib/model.js:2922:18
          at Array.map (<anonymous>)
      at model.create (node_modules/mongoo
se/lib/model.js:2911:30)
      at Object.create 
(tests/controllers/cart.test.js:129:28)

  ΓùÅ Cart Controller ΓÇ║ addToCart ΓÇ║ 
Happy path ΓÇ║ should add new item to 
cart successfully

    expect(jest.fn()).toHaveBeenCalledWith
(...expected)

    Expected: "success", Any<String>

    Number of calls: 0

    [0m [90m 161 |[39m                 
[36mawait[39m cartController[33m.[39ma
ddToCart(req[33m,[39m res)[33m;[39m
     [90m 162 |[39m
    [31m[1m>[22m[39m[90m 163 |[39m  
               expect(req[33m.[39mflash)
[33m.[39mtoHaveBeenCalledWith([32m'succ
ess'[39m[33m,[39m expect[33m.[39many(
[33mString[39m))[33m;[39m
     [90m     |[39m                     
              [31m[1m^[22m[39m
     [90m 164 |[39m                 expe
ct(res[33m.[39mredirect)[33m.[39mtoHav
eBeenCalled()[33m;[39m
     [90m 165 |[39m             
})[33m;[39m
     [90m 166 |[39m[0m

      at Object.toHaveBeenCalledWith 
(tests/controllers/cart.test.js:163:35)

  ΓùÅ Cart Controller ΓÇ║ addToCart ΓÇ║ 
Validation errors (400) ΓÇ║ should reject 
if product not found

    expect(jest.fn()).toHaveBeenCalledWith
(...expected)

    Expected: "error", StringContaining 
"kh├┤ng t├¼m thß║Ñy"

    Number of calls: 0

    [0m [90m 210 |[39m                 
[36mawait[39m cartController[33m.[39ma
ddToCart(req[33m,[39m res)[33m;[39m
     [90m 211 |[39m
    [31m[1m>[22m[39m[90m 212 |[39m  
               expect(req[33m.[39mflash)
[33m.[39mtoHaveBeenCalledWith([32m'erro
r'[39m[33m,[39m expect[33m.[39mstring
Containing([32m'kh├┤ng t├¼m 
thß║Ñy'[39m))[33m;[39m
     [90m     |[39m                     
              [31m[1m^[22m[39m
     [90m 213 |[39m             
})[33m;[39m
     [90m 214 |[39m
     [90m 215 |[39m             
it([32m'should reject if quantity 
exceeds stock'[39m[33m,[39m 
[36masync[39m () [33m=>[39m {[0m

      at Object.toHaveBeenCalledWith 
(tests/controllers/cart.test.js:212:35)

  ΓùÅ Cart Controller ΓÇ║ addToCart ΓÇ║ 
Validation errors (400) ΓÇ║ should reject 
if quantity exceeds stock

    expect(jest.fn()).toHaveBeenCalledWith
(...expected)

    Expected: "error", StringContaining 
"kh├┤ng ─æß╗º"

    Number of calls: 0

    [0m [90m 226 |[39m                 
[36mawait[39m cartController[33m.[39ma
ddToCart(req[33m,[39m res)[33m;[39m
     [90m 227 |[39m
    [31m[1m>[22m[39m[90m 228 |[39m  
               expect(req[33m.[39mflash)
[33m.[39mtoHaveBeenCalledWith([32m'erro
r'[39m[33m,[39m expect[33m.[39mstring
Containing([32m'kh├┤ng 
─æß╗º'[39m))[33m;[39m
     [90m     |[39m                     
              [31m[1m^[22m[39m
     [90m 229 |[39m             
})[33m;[39m
     [90m 230 |[39m
     [90m 231 |[39m             
it([32m'should reject if quantity is 
invalid'[39m[33m,[39m [36masync[39m 
() [33m=>[39m {[0m

      at Object.toHaveBeenCalledWith 
(tests/controllers/cart.test.js:228:35)

  ΓùÅ Cart Controller ΓÇ║ addToCart ΓÇ║ 
Validation errors (400) ΓÇ║ should reject 
if quantity is invalid

    expect(jest.fn()).toHaveBeenCalledWith
(...expected)

    Expected: "error", Any<String>

    Number of calls: 0

    [0m [90m 242 |[39m                 
[36mawait[39m cartController[33m.[39ma
ddToCart(req[33m,[39m res)[33m;[39m
     [90m 243 |[39m
    [31m[1m>[22m[39m[90m 244 |[39m  
               expect(req[33m.[39mflash)
[33m.[39mtoHaveBeenCalledWith([32m'erro
r'[39m[33m,[39m expect[33m.[39many([
33mString[39m))[33m;[39m
     [90m     |[39m                     
              [31m[1m^[22m[39m
     [90m 245 |[39m             
})[33m;[39m
     [90m 246 |[39m         
})[33m;[39m
     [90m 247 |[39m[0m

      at Object.toHaveBeenCalledWith 
(tests/controllers/cart.test.js:244:35)

  ΓùÅ Cart Controller ΓÇ║ addToCart ΓÇ║ 
Edge cases ΓÇ║ should handle out of stock 
products

    expect(jest.fn()).toHaveBeenCalledWith
(...expected)

    Expected: "error", StringContaining 
"hß║┐t h├áng"

    Number of calls: 0

    [0m [90m 278 |[39m                 
[36mawait[39m cartController[33m.[39ma
ddToCart(req[33m,[39m res)[33m;[39m
     [90m 279 |[39m
    [31m[1m>[22m[39m[90m 280 |[39m  
               expect(req[33m.[39mflash)
[33m.[39mtoHaveBeenCalledWith([32m'erro
r'[39m[33m,[39m expect[33m.[39mstring
Containing([32m'hß║┐t 
h├áng'[39m))[33m;[39m
     [90m     |[39m                     
              [31m[1m^[22m[39m
     [90m 281 |[39m             
})[33m;[39m
     [90m 282 |[39m         
})[33m;[39m
     [90m 283 |[39m     
})[33m;[39m[0m

      at Object.toHaveBeenCalledWith 
(tests/controllers/cart.test.js:280:35)

  ΓùÅ Cart Controller ΓÇ║ updateCart ΓÇ║ 
Happy path ΓÇ║ should update cart item 
quantity successfully

    expect(received).toBe(expected) // 
Object.is equality

    Expected: 5
    Received: 2

    [0m [90m 313 |[39m                 
[36mconst[39m updatedCart [33m=[39m 
[36mawait[39m [33mCart[39m[33m.[39mf
indById(cart[33m.[39m_id)[33m;[39m
     [90m 314 |[39m                 
[36mconst[39m item [33m=[39m updatedCa
rt[33m.[39mitems[33m.[39mfind(i 
[33m=>[39m 
i[33m.[39mproduct[33m.[39mtoString() 
[33m===[39m product[33m.[39m_id[33m.
[39mtoString())[33m;[39m
    [31m[1m>[22m[39m[90m 315 |[39m  
               expect(item[33m.[39mquant
ity)[33m.[39mtoBe([35m5[39m)[33m;[39
m
     [90m     |[39m                     
                  [31m[1m^[22m[39m
     [90m 316 |[39m             
})[33m;[39m
     [90m 317 |[39m         
})[33m;[39m
     [90m 318 |[39m[0m

      at Object.toBe 
(tests/controllers/cart.test.js:315:39)

  ΓùÅ Cart Controller ΓÇ║ updateCart ΓÇ║ 
Validation errors (400) ΓÇ║ should reject 
if new quantity exceeds stock

    expect(jest.fn()).toHaveBeenCalledWith
(...expected)

    Expected: "error", StringContaining 
"kh├┤ng ─æß╗º"

    Number of calls: 0

    [0m [90m 344 |[39m                 
[36mawait[39m cartController[33m.[39mu
pdateCart(req[33m,[39m res)[33m;[39m
     [90m 345 |[39m
    [31m[1m>[22m[39m[90m 346 |[39m  
               expect(req[33m.[39mflash)
[33m.[39mtoHaveBeenCalledWith([32m'erro
r'[39m[33m,[39m expect[33m.[39mstring
Containing([32m'kh├┤ng 
─æß╗º'[39m))[33m;[39m
     [90m     |[39m                     
              [31m[1m^[22m[39m
     [90m 347 |[39m             
})[33m;[39m
     [90m 348 |[39m         
})[33m;[39m
     [90m 349 |[39m     
})[33m;[39m[0m

      at Object.toHaveBeenCalledWith 
(tests/controllers/cart.test.js:346:35)

  ΓùÅ Cart Controller ΓÇ║ removeItem ΓÇ║ 
Happy path ΓÇ║ should remove item from 
cart successfully

    expect(received).toBe(expected) // 
Object.is equality

    Expected: 0
    Received: 1

    [0m [90m 375 |[39m
     [90m 376 |[39m                 
[36mconst[39m updatedCart [33m=[39m 
[36mawait[39m [33mCart[39m[33m.[39mf
indById(cart[33m.[39m_id)[33m;[39m
    [31m[1m>[22m[39m[90m 377 |[39m  
               expect(updatedCart[33m.[3
9mitems[33m.[39mlength)[33m.[39mtoBe(
[35m0[39m)[33m;[39m
     [90m     |[39m                     
                             
[31m[1m^[22m[39m
     [90m 378 |[39m             
})[33m;[39m
     [90m 379 |[39m         
})[33m;[39m
     [90m 380 |[39m[0m

      at Object.toBe 
(tests/controllers/cart.test.js:377:50)

  ΓùÅ Cart Controller ΓÇ║ removeItem ΓÇ║ 
Not found (404) ΓÇ║ should handle 
removing non-existent item gracefully

    expect(jest.fn()).toHaveBeenCalled()

    Expected number of calls: >= 1
    Received number of calls:    0

    [0m [90m 395 |[39m                 
[36mawait[39m cartController[33m.[39mr
emoveItem(req[33m,[39m res)[33m;[39m
     [90m 396 |[39m
    [31m[1m>[22m[39m[90m 397 |[39m  
               expect(req[33m.[39mflash)
[33m.[39mtoHaveBeenCalled()[33m;[39m
     [90m     |[39m                     
              [31m[1m^[22m[39m
     [90m 398 |[39m             
})[33m;[39m
     [90m 399 |[39m         
})[33m;[39m
     [90m 400 |[39m     
})[33m;[39m[0m

      at Object.toHaveBeenCalled 
(tests/controllers/cart.test.js:397:35)

  ΓùÅ Cart Controller ΓÇ║ applyCoupon ΓÇ║ 
Happy path ΓÇ║ should apply valid coupon 
successfully

    expect(jest.fn()).toHaveBeenCalledWith
(...expected)

    Expected: "success", StringContaining 
"th├ánh c├┤ng"

    Number of calls: 0

    [0m [90m 426 |[39m                 
[36mawait[39m cartController[33m.[39ma
pplyCoupon(req[33m,[39m res)[33m;[39m
     [90m 427 |[39m
    [31m[1m>[22m[39m[90m 428 |[39m  
               expect(req[33m.[39mflash)
[33m.[39mtoHaveBeenCalledWith([32m'succ
ess'[39m[33m,[39m expect[33m.[39mstri
ngContaining([32m'th├ánh 
c├┤ng'[39m))[33m;[39m
     [90m     |[39m                     
              [31m[1m^[22m[39m
     [90m 429 |[39m             
})[33m;[39m
     [90m 430 |[39m         
})[33m;[39m
     [90m 431 |[39m[0m

      at Object.toHaveBeenCalledWith 
(tests/controllers/cart.test.js:428:35)

  ΓùÅ Cart Controller ΓÇ║ applyCoupon ΓÇ║ 
Validation errors (400) ΓÇ║ should reject 
invalid coupon code

    expect(jest.fn()).toHaveBeenCalledWith
(...expected)

    Expected: "error", StringContaining 
"kh├┤ng hß╗úp lß╗ç"

    Number of calls: 0

    [0m [90m 446 |[39m                 
[36mawait[39m cartController[33m.[39ma
pplyCoupon(req[33m,[39m res)[33m;[39m
     [90m 447 |[39m
    [31m[1m>[22m[39m[90m 448 |[39m  
               expect(req[33m.[39mflash)
[33m.[39mtoHaveBeenCalledWith([32m'erro
r'[39m[33m,[39m expect[33m.[39mstring
Containing([32m'kh├┤ng hß╗úp 
lß╗ç'[39m))[33m;[39m
     [90m     |[39m                     
              [31m[1m^[22m[39m
     [90m 449 |[39m             
})[33m;[39m
     [90m 450 |[39m
     [90m 451 |[39m             
it([32m'should reject if cart total 
below minimum amount'[39m[33m,[39m 
[36masync[39m () [33m=>[39m {[0m

      at Object.toHaveBeenCalledWith 
(tests/controllers/cart.test.js:448:35)

  ΓùÅ Cart Controller ΓÇ║ applyCoupon ΓÇ║ 
Validation errors (400) ΓÇ║ should reject 
if cart total below minimum amount

    expect(jest.fn()).toHaveBeenCalledWith
(...expected)

    Expected: "error", StringContaining 
"tß╗æi thiß╗âu"

    Number of calls: 0

    [0m [90m 473 |[39m                 
[36mawait[39m cartController[33m.[39ma
pplyCoupon(req[33m,[39m res)[33m;[39m
     [90m 474 |[39m
    [31m[1m>[22m[39m[90m 475 |[39m  
               expect(req[33m.[39mflash)
[33m.[39mtoHaveBeenCalledWith([32m'erro
r'[39m[33m,[39m expect[33m.[39mstring
Containing([32m'tß╗æi 
thiß╗âu'[39m))[33m;[39m
     [90m     |[39m                     
              [31m[1m^[22m[39m
     [90m 476 |[39m             
})[33m;[39m
     [90m 477 |[39m
     [90m 478 |[39m             
it([32m'should reject expired 
coupon'[39m[33m,[39m [36masync[39m 
() [33m=>[39m {[0m

      at Object.toHaveBeenCalledWith 
(tests/controllers/cart.test.js:475:35)

  ΓùÅ Cart Controller ΓÇ║ applyCoupon ΓÇ║ 
Validation errors (400) ΓÇ║ should reject 
expired coupon

    expect(jest.fn()).toHaveBeenCalledWith
(...expected)

    Expected: "error", StringContaining 
"hß║┐t hß║ín"

    Number of calls: 0

    [0m [90m 496 |[39m                 
[36mawait[39m cartController[33m.[39ma
pplyCoupon(req[33m,[39m res)[33m;[39m
     [90m 497 |[39m
    [31m[1m>[22m[39m[90m 498 |[39m  
               expect(req[33m.[39mflash)
[33m.[39mtoHaveBeenCalledWith([32m'erro
r'[39m[33m,[39m expect[33m.[39mstring
Containing([32m'hß║┐t 
hß║ín'[39m))[33m;[39m
     [90m     |[39m                     
              [31m[1m^[22m[39m
     [90m 499 |[39m             
})[33m;[39m
     [90m 500 |[39m
     [90m 501 |[39m             
it([32m'should reject if coupon usage 
limit exceeded'[39m[33m,[39m 
[36masync[39m () [33m=>[39m {[0m

      at Object.toHaveBeenCalledWith 
(tests/controllers/cart.test.js:498:35)

  ΓùÅ Cart Controller ΓÇ║ applyCoupon ΓÇ║ 
Validation errors (400) ΓÇ║ should reject 
if coupon usage limit exceeded

    expect(jest.fn()).toHaveBeenCalledWith
(...expected)

    Expected: "error", StringContaining 
"hß║┐t l╞░ß╗út"

    Number of calls: 0

    [0m [90m 520 |[39m                 
[36mawait[39m cartController[33m.[39ma
pplyCoupon(req[33m,[39m res)[33m;[39m
     [90m 521 |[39m
    [31m[1m>[22m[39m[90m 522 |[39m  
               expect(req[33m.[39mflash)
[33m.[39mtoHaveBeenCalledWith([32m'erro
r'[39m[33m,[39m expect[33m.[39mstring
Containing([32m'hß║┐t 
l╞░ß╗út'[39m))[33m;[39m
     [90m     |[39m                     
              [31m[1m^[22m[39m
     [90m 523 |[39m             
})[33m;[39m
     [90m 524 |[39m         
})[33m;[39m
     [90m 525 |[39m[0m

      at Object.toHaveBeenCalledWith 
(tests/controllers/cart.test.js:522:35)

  ΓùÅ Cart Controller ΓÇ║ applyCoupon ΓÇ║ 
Edge cases ΓÇ║ should handle empty cart

    expect(jest.fn()).toHaveBeenCalledWith
(...expected)

    Expected: "error", Any<String>

    Number of calls: 0

    [0m [90m 542 |[39m                 
[36mawait[39m cartController[33m.[39ma
pplyCoupon(req[33m,[39m res)[33m;[39m
     [90m 543 |[39m
    [31m[1m>[22m[39m[90m 544 |[39m  
               expect(req[33m.[39mflash)
[33m.[39mtoHaveBeenCalledWith([32m'erro
r'[39m[33m,[39m expect[33m.[39many([
33mString[39m))[33m;[39m
     [90m     |[39m                     
              [31m[1m^[22m[39m
     [90m 545 |[39m             
})[33m;[39m
     [90m 546 |[39m         
})[33m;[39m
     [90m 547 |[39m     
})[33m;[39m[0m

      at Object.toHaveBeenCalledWith 
(tests/controllers/cart.test.js:544:35)

  ΓùÅ Cart Controller ΓÇ║ removeCoupon 
ΓÇ║ Happy path ΓÇ║ should remove applied 
coupon successfully

    expect(received).toBe(expected) // 
Object.is equality

    Expected: 0
    Received: undefined

    [0m [90m 568 |[39m                 
[36mconst[39m updatedCart [33m=[39m 
[36mawait[39m [33mCart[39m[33m.[39mf
indById(cart[33m.[39m_id)[33m;[39m
     [90m 569 |[39m                 expe
ct(updatedCart[33m.[39mappliedCoupon)[3
3m.[39mtoBeUndefined()[33m;[39m
    [31m[1m>[22m[39m[90m 570 |[39m  
               expect(updatedCart[33m.[3
9mdiscount)[33m.[39mtoBe([35m0[39m)[3
3m;[39m
     [90m     |[39m                     
                         
[31m[1m^[22m[39m
     [90m 571 |[39m             
})[33m;[39m
     [90m 572 |[39m         
})[33m;[39m
     [90m 573 |[39m[0m

      at Object.toBe 
(tests/controllers/cart.test.js:570:46)

  ΓùÅ Cart Controller ΓÇ║ removeCoupon 
ΓÇ║ Edge cases ΓÇ║ should handle removing 
coupon when none applied

    expect(jest.fn()).toHaveBeenCalled()

    Expected number of calls: >= 1
    Received number of calls:    0

    [0m [90m 586 |[39m                 
[36mawait[39m cartController[33m.[39mr
emoveCoupon(req[33m,[39m res)[33m;[39m
     [90m 587 |[39m
    [31m[1m>[22m[39m[90m 588 |[39m  
               expect(res[33m.[39mredire
ct)[33m.[39mtoHaveBeenCalled()[33m;[39
m
     [90m     |[39m                     
                 [31m[1m^[22m[39m
     [90m 589 |[39m             
})[33m;[39m
     [90m 590 |[39m         
})[33m;[39m
     [90m 591 |[39m     
})[33m;[39m[0m

      at Object.toHaveBeenCalled 
(tests/controllers/cart.test.js:588:38)

  ΓùÅ Cart Controller ΓÇ║ Server errors 
(500) ΓÇ║ should handle database errors 
gracefully

    DB Error

    [0m [90m 598 |[39m
     [90m 599 |[39m             [90m// 
Mock database error[39m
    [31m[1m>[22m[39m[90m 600 |[39m  
           jest[33m.[39mspyOn([33mCart
[39m[33m,[39m [32m'findOne'[39m)[33m.
[39mmockRejectedValueOnce([36mnew[39m 
[33mError[39m([32m'DB 
Error'[39m))[33m;[39m
     [90m     |[39m                     
                                          
[31m[1m^[22m[39m
     [90m 601 |[39m
     [90m 602 |[39m             
[36mawait[39m cartController[33m.[39mg
etCart(req[33m,[39m res)[33m;[39m
     [90m 603 |[39m[0m

      at Object.<anonymous> 
(tests/controllers/cart.test.js:600:63)

FAIL tests/models/coupon.test.js
  ΓùÅ Coupon Model ΓÇ║ isValid() method 
ΓÇ║ should return true for active coupon 
within date range

    ValidationError: Coupon validation 
failed: code: M├ú giß║úm gi├í phß║úi c├│ 
─æ├║ng 5 k├╜ tß╗▒!

      at model.Document.invalidate (node_m
odules/mongoose/lib/document.js:3219:32)
      at node_modules/mongoose/lib/documen
t.js:3012:17
      at node_modules/mongoose/lib/schemat
ype.js:1368:9

FAIL tests/controllers/coupon.test.js
  ΓùÅ Test suite failed to run

    SyntaxError: D:\Code\Nodejs\Final_Node
JS\tests\controllers\coupon.test.js: 
Unexpected token, expected "," (477:8)

    [0m [90m 475 |[39m             expe
ct(coupon)[33m.[39mtoBeNull()[33m;[39m
     [90m 476 |[39m             }
    [31m[1m>[22m[39m[90m 477 |[39m  
       })[33m;[39m
     [90m     |[39m         
[31m[1m^[22m[39m
     [90m 478 |[39m
     [90m 479 |[39m         
test([32m'should handle extremely large 
discount'[39m[33m,[39m [36masync[39m 
() [33m=>[39m {
     [90m 480 |[39m             
[36mconst[39m req [33m=[39m global[33
m.[39mtestHelpers[33m.[39mcreateMockReq
({[0m

      at constructor (node_modules/@babel/
parser/src/parse-error.ts:95:45)
      at Parser.toParseError [as raise] (n
ode_modules/@babel/parser/src/tokenizer/in
dex.ts:1504:19)
      at Parser.raise [as unexpected] (nod
e_modules/@babel/parser/src/tokenizer/inde
x.ts:1544:16)
      at Parser.unexpected [as expect] (no
de_modules/@babel/parser/src/parser/util.t
s:157:12)
      at Parser.expect [as 
parseCallExpressionArguments] (node_module
s/@babel/parser/src/parser/expression.ts:1
031:14)
      at 
Parser.parseCallExpressionArguments [as 
parseCoverCallAndAsyncArrowHead] (node_mod
ules/@babel/parser/src/parser/expression.t
s:922:29)
      at 
Parser.parseCoverCallAndAsyncArrowHead 
[as parseSubscript] (node_modules/@babel/p
arser/src/parser/expression.ts:804:19)
      at Parser.parseSubscript [as 
parseSubscripts] (node_modules/@babel/pars
er/src/parser/expression.ts:763:19)
      at Parser.parseSubscripts [as 
parseExprSubscripts] (node_modules/@babel/
parser/src/parser/expression.ts:748:17)
      at Parser.parseExprSubscripts [as 
parseUpdate] (node_modules/@babel/parser/s
rc/parser/expression.ts:721:21)
      at Parser.parseUpdate [as 
parseMaybeUnary] (node_modules/@babel/pars
er/src/parser/expression.ts:683:23)
      at Parser.parseMaybeUnary [as 
parseMaybeUnaryOrPrivate] (node_modules/@b
abel/parser/src/parser/expression.ts:417:1
4)
      at Parser.parseMaybeUnaryOrPrivate 
[as parseExprOps] (node_modules/@babel/par
ser/src/parser/expression.ts:429:23)
      at Parser.parseExprOps [as 
parseMaybeConditional] (node_modules/@babe
l/parser/src/parser/expression.ts:384:23)
      at Parser.parseMaybeConditional [as 
parseMaybeAssign] (node_modules/@babel/par
ser/src/parser/expression.ts:301:21)
      at Parser.parseMaybeAssign [as 
parseExpressionBase] (node_modules/@babel/
parser/src/parser/expression.ts:226:23)
      at parseExpressionBase (node_modules
/@babel/parser/src/parser/expression.ts:21
7:39)
      at Parser.callback [as allowInAnd] (
node_modules/@babel/parser/src/parser/expr
ession.ts:3189:16)
      at Parser.allowInAnd [as 
parseExpression] (node_modules/@babel/pars
er/src/parser/expression.ts:217:17)
      at Parser.parseExpression [as 
parseStatementContent] (node_modules/@babe
l/parser/src/parser/statement.ts:688:23)
      at Parser.parseStatementContent [as 
parseStatementLike] (node_modules/@babel/p
arser/src/parser/statement.ts:482:17)
      at Parser.parseStatementLike [as 
parseStatementListItem] (node_modules/@bab
el/parser/src/parser/statement.ts:431:17)
      at Parser.parseStatementListItem 
[as parseBlockOrModuleBlockBody] (node_mod
ules/@babel/parser/src/parser/statement.ts
:1444:16)
      at 
Parser.parseBlockOrModuleBlockBody [as 
parseBlockBody] (node_modules/@babel/parse
r/src/parser/statement.ts:1417:10)
      at Parser.parseBlockBody [as 
parseBlock] (node_modules/@babel/parser/sr
c/parser/statement.ts:1385:10)
      at Parser.parseBlock [as 
parseFunctionBody] (node_modules/@babel/pa
rser/src/parser/expression.ts:2618:24)
      at Parser.parseFunctionBody [as 
parseArrowExpression] (node_modules/@babel
/parser/src/parser/expression.ts:2559:10)
      at Parser.parseArrowExpression [as 
parseParenAndDistinguishExpression] (node_
modules/@babel/parser/src/parser/expressio
n.ts:1847:12)
      at 
Parser.parseParenAndDistinguishExpression 
[as parseExprAtom] (node_modules/@babel/pa
rser/src/parser/expression.ts:1170:21)
      at Parser.parseExprAtom [as 
parseExprSubscripts] (node_modules/@babel/
parser/src/parser/expression.ts:742:23)
      at Parser.parseExprSubscripts [as 
parseUpdate] (node_modules/@babel/parser/s
rc/parser/expression.ts:721:21)
      at Parser.parseUpdate [as 
parseMaybeUnary] (node_modules/@babel/pars
er/src/parser/expression.ts:683:23)
      at Parser.parseMaybeUnary [as 
parseMaybeUnaryOrPrivate] (node_modules/@b
abel/parser/src/parser/expression.ts:417:1
4)
      at Parser.parseMaybeUnaryOrPrivate 
[as parseExprOps] (node_modules/@babel/par
ser/src/parser/expression.ts:429:23)
      at Parser.parseExprOps [as 
parseMaybeConditional] (node_modules/@babe
l/parser/src/parser/expression.ts:384:23)
      at Parser.parseMaybeConditional [as 
parseMaybeAssign] (node_modules/@babel/par
ser/src/parser/expression.ts:301:21)
      at parseMaybeAssign (node_modules/@b
abel/parser/src/parser/expression.ts:257:1
2)
      at Parser.callback [as allowInAnd] (
node_modules/@babel/parser/src/parser/expr
ession.ts:3194:12)
      at Parser.allowInAnd [as 
parseMaybeAssignAllowIn] (node_modules/@ba
bel/parser/src/parser/expression.ts:256:17
)
      at Parser.parseMaybeAssignAllowIn 
[as parseMaybeAssignAllowInOrVoidPattern] 
(node_modules/@babel/parser/src/parser/exp
ression.ts:3308:17)
      at Parser.parseMaybeAssignAllowInOrV
oidPattern [as parseExprListItem] (node_mo
dules/@babel/parser/src/parser/expression.
ts:2790:18)
      at Parser.parseExprListItem [as 
parseCallExpressionArguments] (node_module
s/@babel/parser/src/parser/expression.ts:1
042:14)
      at 
Parser.parseCallExpressionArguments [as 
parseCoverCallAndAsyncArrowHead] (node_mod
ules/@babel/parser/src/parser/expression.t
s:922:29)
      at 
Parser.parseCoverCallAndAsyncArrowHead 
[as parseSubscript] (node_modules/@babel/p
arser/src/parser/expression.ts:804:19)
      at Parser.parseSubscript [as 
parseSubscripts] (node_modules/@babel/pars
er/src/parser/expression.ts:763:19)
      at Parser.parseSubscripts [as 
parseExprSubscripts] (node_modules/@babel/
parser/src/parser/expression.ts:748:17)
      at Parser.parseExprSubscripts [as 
parseUpdate] (node_modules/@babel/parser/s
rc/parser/expression.ts:721:21)
      at Parser.parseUpdate [as 
parseMaybeUnary] (node_modules/@babel/pars
er/src/parser/expression.ts:683:23)
      at Parser.parseMaybeUnary [as 
parseMaybeUnaryOrPrivate] (node_modules/@b
abel/parser/src/parser/expression.ts:417:1
4)
      at Parser.parseMaybeUnaryOrPrivate 
[as parseExprOps] (node_modules/@babel/par
ser/src/parser/expression.ts:429:23)
      at Parser.parseExprOps [as 
parseMaybeConditional] (node_modules/@babe
l/parser/src/parser/expression.ts:384:23)
      at Parser.parseMaybeConditional [as 
parseMaybeAssign] (node_modules/@babel/par
ser/src/parser/expression.ts:301:21)
      at Parser.parseMaybeAssign [as 
parseExpressionBase] (node_modules/@babel/
parser/src/parser/expression.ts:226:23)
      at parseExpressionBase (node_modules
/@babel/parser/src/parser/expression.ts:21
7:39)
      at Parser.callback [as allowInAnd] (
node_modules/@babel/parser/src/parser/expr
ession.ts:3189:16)
      at Parser.allowInAnd [as 
parseExpression] (node_modules/@babel/pars
er/src/parser/expression.ts:217:17)
      at Parser.parseExpression [as 
parseStatementContent] (node_modules/@babe
l/parser/src/parser/statement.ts:688:23)
      at Parser.parseStatementContent [as 
parseStatementLike] (node_modules/@babel/p
arser/src/parser/statement.ts:482:17)
      at Parser.parseStatementLike [as 
parseStatementListItem] (node_modules/@bab
el/parser/src/parser/statement.ts:431:17)
      at Parser.parseStatementListItem 
[as parseBlockOrModuleBlockBody] (node_mod
ules/@babel/parser/src/parser/statement.ts
:1444:16)
      at 
Parser.parseBlockOrModuleBlockBody [as 
parseBlockBody] (node_modules/@babel/parse
r/src/parser/statement.ts:1417:10)
      at Parser.parseBlockBody [as 
parseBlock] (node_modules/@babel/parser/sr
c/parser/statement.ts:1385:10)
      at Parser.parseBlock [as 
parseFunctionBody] (node_modules/@babel/pa
rser/src/parser/expression.ts:2618:24)
      at Parser.parseFunctionBody [as 
parseArrowExpression] (node_modules/@babel
/parser/src/parser/expression.ts:2559:10)
      at Parser.parseArrowExpression [as 
parseParenAndDistinguishExpression] (node_
modules/@babel/parser/src/parser/expressio
n.ts:1847:12)
      at 
Parser.parseParenAndDistinguishExpression 
[as parseExprAtom] (node_modules/@babel/pa
rser/src/parser/expression.ts:1170:21)
      at Parser.parseExprAtom [as 
parseExprSubscripts] (node_modules/@babel/
parser/src/parser/expression.ts:742:23)
      at Parser.parseExprSubscripts [as 
parseUpdate] (node_modules/@babel/parser/s
rc/parser/expression.ts:721:21)
      at Parser.parseUpdate [as 
parseMaybeUnary] (node_modules/@babel/pars
er/src/parser/expression.ts:683:23)
      at Parser.parseMaybeUnary [as 
parseMaybeUnaryOrPrivate] (node_modules/@b
abel/parser/src/parser/expression.ts:417:1
4)
      at Parser.parseMaybeUnaryOrPrivate 
[as parseExprOps] (node_modules/@babel/par
ser/src/parser/expression.ts:429:23)
      at Parser.parseExprOps [as 
parseMaybeConditional] (node_modules/@babe
l/parser/src/parser/expression.ts:384:23)
      at Parser.parseMaybeConditional [as 
parseMaybeAssign] (node_modules/@babel/par
ser/src/parser/expression.ts:301:21)
      at parseMaybeAssign (node_modules/@b
abel/parser/src/parser/expression.ts:257:1
2)
      at Parser.callback [as allowInAnd] (
node_modules/@babel/parser/src/parser/expr
ession.ts:3194:12)
      at Parser.allowInAnd [as 
parseMaybeAssignAllowIn] (node_modules/@ba
bel/parser/src/parser/expression.ts:256:17
)
      at Parser.parseMaybeAssignAllowIn 
[as parseMaybeAssignAllowInOrVoidPattern] 
(node_modules/@babel/parser/src/parser/exp
ression.ts:3308:17)
      at Parser.parseMaybeAssignAllowInOrV
oidPattern [as parseExprListItem] (node_mo
dules/@babel/parser/src/parser/expression.
ts:2790:18)
      at Parser.parseExprListItem [as 
parseCallExpressionArguments] (node_module
s/@babel/parser/src/parser/expression.ts:1
042:14)
      at 
Parser.parseCallExpressionArguments [as 
parseCoverCallAndAsyncArrowHead] (node_mod
ules/@babel/parser/src/parser/expression.t
s:922:29)
      at 
Parser.parseCoverCallAndAsyncArrowHead 
[as parseSubscript] (node_modules/@babel/p
arser/src/parser/expression.ts:804:19)
      at Parser.parseSubscript [as 
parseSubscripts] (node_modules/@babel/pars
er/src/parser/expression.ts:763:19)
      at Parser.parseSubscripts [as 
parseExprSubscripts] (node_modules/@babel/
parser/src/parser/expression.ts:748:17)
      at Parser.parseExprSubscripts [as 
parseUpdate] (node_modules/@babel/parser/s
rc/parser/expression.ts:721:21)
      at Parser.parseUpdate [as 
parseMaybeUnary] (node_modules/@babel/pars
er/src/parser/expression.ts:683:23)
      at Parser.parseMaybeUnary [as 
parseMaybeUnaryOrPrivate] (node_modules/@b
abel/parser/src/parser/expression.ts:417:1
4)
      at Parser.parseMaybeUnaryOrPrivate 
[as parseExprOps] (node_modules/@babel/par
ser/src/parser/expression.ts:429:23)
      at Parser.parseExprOps [as 
parseMaybeConditional] (node_modules/@babe
l/parser/src/parser/expression.ts:384:23)
      at Parser.parseMaybeConditional [as 
parseMaybeAssign] (node_modules/@babel/par
ser/src/parser/expression.ts:301:21)
      at Parser.parseMaybeAssign [as 
parseExpressionBase] (node_modules/@babel/
parser/src/parser/expression.ts:226:23)
      at parseExpressionBase (node_modules
/@babel/parser/src/parser/expression.ts:21
7:39)
      at Parser.callback [as allowInAnd] (
node_modules/@babel/parser/src/parser/expr
ession.ts:3189:16)
      at Parser.allowInAnd [as 
parseExpression] (node_modules/@babel/pars
er/src/parser/expression.ts:217:17)
      at Parser.parseExpression [as 
parseStatementContent] (node_modules/@babe
l/parser/src/parser/statement.ts:688:23)
      at Parser.parseStatementContent [as 
parseStatementLike] (node_modules/@babel/p
arser/src/parser/statement.ts:482:17)
      at Parser.parseStatementLike [as 
parseModuleItem] (node_modules/@babel/pars
er/src/parser/statement.ts:419:17)
      at Parser.parseModuleItem [as 
parseBlockOrModuleBlockBody] (node_modules
/@babel/parser/src/parser/statement.ts:144
3:16)
      at 
Parser.parseBlockOrModuleBlockBody [as 
parseBlockBody] (node_modules/@babel/parse
r/src/parser/statement.ts:1417:10)
      at Parser.parseBlockBody [as 
parseProgram] (node_modules/@babel/parser/
src/parser/statement.ts:229:10)
      at Parser.parseProgram [as 
parseTopLevel] (node_modules/@babel/parser
/src/parser/statement.ts:203:25)

FAIL tests/controllers/admin.test.js
  ΓùÅ Test suite failed to run

    OverwriteModelError: Cannot overwrite 
`Order` model once compiled.

    [0m [90m 190 |[39m }[33m;[39m
     [90m 191 |[39m
    [31m[1m>[22m[39m[90m 192 |[39m 
module[33m.[39mexports [33m=[39m mongo
ose[33m.[39mmodel([32m'Order'[39m[33m
,[39m orderSchema)[33m;[39m
     [90m     |[39m                     
      [31m[1m^[22m[39m[0m

      at Mongoose.model (node_modules/mong
oose/lib/index.js:577:13)
      at Object.model 
(models/order.js:192:27)
      at Object.require 
(controllers/admin.js:2:15)
      at Object.require 
(tests/controllers/admin.test.js:12:25)


Test Suites: 10 failed, 14 passed, 24 
total
Tests:       88 failed, 467 passed, 555 
total
Snapshots:   0 total
Time:        69.686 s
Ran all test suites.
